==========================================================================================
设备=NVIDIA GeForce RTX 4090 (25.3 GB, SM89) 可见卡数=5 | torch=2.6.0+cu124 | 数据根=/mnt/sdb/home/liuqr/Dataset/data/data | 标签=/mnt/sdb/home/liuqr/Dataset/labeled_anomalies.csv
超参: sw=128 train_ss=10 test_ss=128 T=100 t_start=100 sampler=ddpm n_sample=3 iters=0 base=64 score=paper thresh=val eta=2.0 amp=False keep_dead_cols=False
==========================================================================================
通道数: 2 -> ['E-1', 'T-4']
[E-1] 归一化=drop 变量 25→24 列 | 随机20%窗口做验证集(55/276) | 训练窗口=221 迭代=10359(=1500轮epoch) 参数量=3.96M | T=100/linear t_start=100 lr=5e-05 batch=32 ema=0.995
    [E-1] it      0/10359  loss=1.1135  lr=9.67e-08
    [E-1] it   1000/10359  loss=0.7129  lr=4.89e-05
    [E-1] it   2000/10359  loss=0.3578  lr=4.55e-05
    [E-1] it   3000/10359  loss=0.2320  lr=4.03e-05
    [E-1] it   4000/10359  loss=0.1842  lr=3.38e-05
    [E-1] it   5000/10359  loss=0.1566  lr=2.64e-05
    [E-1] it   6000/10359  loss=0.1378  lr=1.88e-05
    [E-1] it   7000/10359  loss=0.1243  lr=1.19e-05
    [E-1] it   8000/10359  loss=0.1169  lr=6.13e-06
    [E-1] it   9000/10359  loss=0.1116  lr=2.09e-06
    [E-1] it  10000/10359  loss=0.1092  lr=1.48e-07
    [E-1] it  10358/10359  loss=0.1086  lr=1.15e-12
    [E-1] 训练完成 223.0s, 末段 loss=0.1098
[E-1] ★论文口径(窗口级/固定阈值/不PA) P=0.6000 R=0.5000 F1=0.5455   (窗口=66, 异常窗口=6, 阈值=7.039 [验证段 μ+ησ（论文式(13)）], 预测正例=7.6%)
[E-1]   对比: 窗口级+PA F1=0.8571 | 点级-不PA F1=0.3153 | 点级+PA F1=0.6888 | 窗口级最优阈值 F1=0.5455
[E-1]   分离度(窗口级): 正常均=3.914352492568337 异常均=5.938937327404143 gap_ratio=1.5172208784670307
[T-4] 归一化=drop 变量 55→14 列 | 随机20%窗口做验证集(43/215) | 训练窗口=172 迭代=8062(=1500轮epoch) 参数量=3.96M | T=100/linear t_start=100 lr=5e-05 batch=32 ema=0.995
    [T-4] it      0/8062  loss=1.1282  lr=1.24e-07
    [T-4] it   1000/8062  loss=0.5563  lr=4.81e-05
    [T-4] it   2000/8062  loss=0.2410  lr=4.28e-05
    [T-4] it   3000/8062  loss=0.1819  lr=3.48e-05
    [T-4] it   4000/8062  loss=0.1522  lr=2.53e-05
    [T-4] it   5000/8062  loss=0.1347  lr=1.58e-05
    [T-4] it   6000/8062  loss=0.1258  lr=7.65e-06
    [T-4] it   7000/8062  loss=0.1191  lr=2.11e-06
    [T-4] it   8000/8062  loss=0.1181  lr=7.30e-09
    [T-4] it   8061/8062  loss=0.1180  lr=1.90e-12
    [T-4] 训练完成 167.1s, 末段 loss=0.1188
[T-4] ★论文口径(窗口级/固定阈值/不PA) P=0.0000 R=0.0000 F1=0.0000   (窗口=17, 异常窗口=1, 阈值=11.59 [验证段 μ+ησ（论文式(13)）], 预测正例=23.5%)
[T-4]   对比: 窗口级+PA F1=0.0000 | 点级-不PA F1=0.0000 | 点级+PA F1=0.0000 | 窗口级最优阈值 F1=0.0000
[T-4]   分离度(窗口级): 正常均=10.183685721561725 异常均=9.138133093781914 gap_ratio=0.8973306270080506

==========================================================================================
DDTAD 修正版汇总 | t_start=100 score=paper thresh=val iters=0
汇总：参与评估 2 个 (通道×轮次) 样本

★ 主指标 = 论文口径：窗口级 + 验证段固定阈值 + 不做 point-adjust（论文 §II.A/式(12)(13)(16)）
  窗口级 不PA   P=33.33  R=42.86  F1=37.50   [宏观 F1=27.27]
    [MSL] 通道=  1×1轮  P=  0.00 R=  0.00 F1=  0.00
    [SMAP] 通道=  1×1轮  P= 60.00 R= 50.00 F1= 54.55
  论文 DDTAD: SMAP P=92.27 R=91.30 F1=91.78 | MSL P=94.47 R=97.21 F1=95.82

参考口径（非论文口径，仅供诊断）：
  窗口级 +PA    P=50.00  R=85.71  F1=63.16
  点级   不PA   P=15.71  R=31.37  F1=20.94
  点级   +PA    P=34.35  R=88.04  F1=49.42
  窗口级最优阈值（天花板，宏观点级口径参考）宏观点级 F1=27.27
------------------------------------------------------------------------------------------
有效加噪步数 t_start 对照（同一批模型，只是加噪/反向步数不同；论文是 T=100 全链）
   t_start  alpha_bar      信号残留% |     窗口P     窗口R     窗口F1 |    窗口+PA     最优阈值 |       正常均       异常均     gap
         5     0.9975       99.9 |   13.46  100.00    23.73 |    23.73    41.07 |    0.1702    0.3127   1.837
        10     0.9900       99.5 |   14.29  100.00    25.00 |    25.00    39.77 |    0.4260    0.8662   2.033
        20     0.9606       98.0 |   13.64   85.71    23.53 |    26.92    38.39 |    1.0922    1.9018   1.741
        35     0.8839       94.0 |   16.22   85.71    27.27 |    31.11    27.27 |    2.3875    3.2662   1.368
        50     0.7772       88.2 |   13.33   57.14    21.62 |    26.32    27.27 |    3.6674    4.2999   1.172
       100     0.3636       60.3 |   33.33   42.86    37.50 |    63.16    27.27 |    7.0490    7.5385   1.069  ← 论文 T=100
------------------------------------------------------------------------------------------
★ t_start × 打分方式 交叉排行榜（按论文口径【窗口级 F1】排序，前 20）
  t_start|score               winP    winR    winF1 |  winPAF1      最优阈值     gap   pred%
  100|zratio_max            100.00   42.86    60.00 |    83.33     33.34   1.228    2.3% ★
  35|zratio_max              75.00   42.86    54.55 |    76.92     33.34   1.244    5.2%
  50|zratio_max              50.00   42.86    46.15 |    66.67     33.34   1.239    6.7%
  20|zratio_max              42.86   42.86    42.86 |    62.50     27.27   1.292    9.7%
  5|zratio_max               37.50   42.86    40.00 |    58.82     27.27   1.380   12.6%
  10|zratio_mean             33.33   42.86    37.50 |    55.56     27.27   1.310   11.2%
  100|paper                  33.33   42.86    37.50 |    63.16     27.27   1.207   15.6%
  100|zself_max              23.53   57.14    33.33 |    46.15     27.78   1.216   26.0%
  10|zratio_max              33.33   28.57    30.77 |    62.50     27.27   1.352    8.9%
  5|zratio_mean              19.05   57.14    28.57 |    34.48     26.66   1.387   26.8%
  35|paper                   16.22   85.71    27.27 |    31.11     27.27   1.655   54.2%
  5|zself_max                15.79   85.71    26.67 |    26.67     36.11   2.124   46.3%
  35|zval_max                15.79   85.71    26.67 |    26.67     38.39   1.852   52.8%
  20|zval_max                14.89  100.00    25.93 |    25.93     39.68   2.291   64.0%
  50|zself_mean              16.67   57.14    25.81 |    36.36     27.27   1.166   42.2%
  100|zval_max               16.67   57.14    25.81 |    31.25     28.57   1.308   31.3%
  10|paper                   14.29  100.00    25.00 |    25.00     39.77   2.177   67.7%
  35|zself_mean              16.00   57.14    25.00 |    35.29     30.00   1.310   43.0%
  50|zval_max                15.15   71.43    25.00 |    25.00     30.00   1.639   42.5%
  10|zval_max                14.00  100.00    24.56 |    24.56     39.68   2.602   70.6%
  （论文设置 100|paper: 窗口级 F1=37.50, 排名 7/36）
------------------------------------------------------------------------------------------
评测口径对照：同一批重构，只换『判定单元 / 阈值来源 / 是否 point-adjust』
  口径                                        P        R       F1
  论文口径-窗口级-固定阈值-不PA                     33.33    42.86    37.50
  论文口径-窗口级-固定阈值-加PA                     50.00    85.71    63.16
  论文口径-窗口级-最优阈值-不PA                     23.08    42.86    30.00
  论文口径-窗口级-最优阈值-加PA                     37.50    85.71    52.17
  点级-固定阈值-不PA                           15.71    31.37    20.94
  点级-固定阈值-加PA                           34.35    88.04    49.42
    [MSL] 论文口径-窗口级-固定阈值-不PA                0.00     0.00     0.00
    [MSL] 论文口径-窗口级-固定阈值-加PA                0.00     0.00     0.00
    [MSL] 论文口径-窗口级-最优阈值-不PA                0.00     0.00     0.00
    [MSL] 论文口径-窗口级-最优阈值-加PA                0.00     0.00     0.00
    [MSL] 点级-固定阈值-不PA                      0.00     0.00     0.00
    [MSL] 点级-固定阈值-加PA                      0.00     0.00     0.00
    [SMAP] 论文口径-窗口级-固定阈值-不PA               60.00    50.00    54.55
    [SMAP] 论文口径-窗口级-固定阈值-加PA               75.00   100.00    85.71
    [SMAP] 论文口径-窗口级-最优阈值-不PA               60.00    50.00    54.55
    [SMAP] 论文口径-窗口级-最优阈值-加PA               75.00   100.00    85.71
    [SMAP] 点级-固定阈值-不PA                     28.28    35.63    31.53
    [SMAP] 点级-固定阈值-加PA                     52.53   100.00    68.88
  论文 DDTAD: SMAP P=92.27 R=91.30 F1=91.78 | MSL P=94.47 R=97.21 F1=95.82
------------------------------------------------------------------------------------------
方案扫描：共 276 种组合（同一批重构，评估免费；评估单元都是**窗口**）

  ★按【窗口级 F1（论文口径：窗口判定 + 不 PA）】排序 —— 前 25 名
    score|thresh|eta|smooth           winP    winR    winF1 |  winPAP  winPAR  winPAF1 |   pred%
    zratio_max|h10|2|w0             100.00   42.86    60.00 |  100.00   71.43    83.33 |    2.3% ★
    zratio_max|val|2|w0             100.00   42.86    60.00 |  100.00   71.43    83.33 |    2.3%
    paper|test_robust|1.5|w9         60.00   42.86    50.00 |   75.00   85.71    80.00 |    3.8%
    zratio_max|q05|1.5|w0            60.00   42.86    50.00 |   71.43   71.43    71.43 |    6.0%
    zratio_max|q05|1.5|w9            60.00   42.86    50.00 |   71.43   71.43    71.43 |    6.0%
    zratio_max|test_robust|1.5|w0    50.00   42.86    46.15 |   62.50   71.43    66.67 |    4.5%
    zratio_max|h10|2|w9             100.00   28.57    44.44 |  100.00   71.43    83.33 |    1.5%
    zratio_max|h10|3|w0             100.00   28.57    44.44 |  100.00   71.43    83.33 |    1.5%
    zratio_max|h10|3|w9             100.00   28.57    44.44 |  100.00   71.43    83.33 |    1.5%
    zratio_max|h10|4|w0             100.00   28.57    44.44 |  100.00   71.43    83.33 |    1.5%
    zratio_max|h10|4|w9             100.00   28.57    44.44 |  100.00   71.43    83.33 |    1.5%
    zratio_max|test_robust|2|w0     100.00   28.57    44.44 |  100.00   71.43    83.33 |    1.5%
    zratio_max|test_robust|2|w9     100.00   28.57    44.44 |  100.00   71.43    83.33 |    1.5%
    zratio_max|test_robust|3|w0     100.00   28.57    44.44 |  100.00   71.43    83.33 |    1.5%
    zratio_max|test_robust|3|w9     100.00   28.57    44.44 |  100.00   71.43    83.33 |    1.5%
    zratio_max|test_robust|4|w0     100.00   28.57    44.44 |  100.00   71.43    83.33 |    1.5%
    zratio_max|test_robust|4|w9     100.00   28.57    44.44 |  100.00   71.43    83.33 |    1.5%
    zratio_max|val_robust|2|w0      100.00   28.57    44.44 |  100.00   71.43    83.33 |    1.5%
    zratio_max|val_robust|2|w9      100.00   28.57    44.44 |  100.00   71.43    83.33 |    1.5%
    zratio_max|val_robust|3|w0      100.00   28.57    44.44 |  100.00   71.43    83.33 |    1.5%
    zratio_max|val_robust|3|w9      100.00   28.57    44.44 |  100.00   71.43    83.33 |    1.5%
    zratio_max|val_robust|4|w0      100.00   28.57    44.44 |  100.00   71.43    83.33 |    1.5%
    zratio_max|val_robust|4|w9      100.00   28.57    44.44 |  100.00   71.43    83.33 |    1.5%
    zratio_max|val|2|w9             100.00   28.57    44.44 |  100.00   71.43    83.33 |    1.5%
    zratio_max|val|3|w0             100.00   28.57    44.44 |  100.00   71.43    83.33 |    1.5%

  按【窗口级 +PA F1】排序（参考，论文没用 PA） —— 前 25 名
    score|thresh|eta|smooth           winP    winR    winF1 |  winPAP  winPAR  winPAF1 |   pred%
    zratio_max|h10|2|w0             100.00   42.86    60.00 |  100.00   71.43    83.33 |    2.3% ★
    zratio_max|h10|2|w9             100.00   28.57    44.44 |  100.00   71.43    83.33 |    1.5%
    zratio_max|h10|3|w0             100.00   28.57    44.44 |  100.00   71.43    83.33 |    1.5%
    zratio_max|h10|3|w9             100.00   28.57    44.44 |  100.00   71.43    83.33 |    1.5%
    zratio_max|h10|4|w0             100.00   28.57    44.44 |  100.00   71.43    83.33 |    1.5%
    zratio_max|h10|4|w9             100.00   28.57    44.44 |  100.00   71.43    83.33 |    1.5%
    zratio_max|h10|6|w0             100.00   14.29    25.00 |  100.00   71.43    83.33 |    0.8%
    zratio_max|h10|6|w9             100.00   14.29    25.00 |  100.00   71.43    83.33 |    0.8%
    zratio_max|test_robust|2|w0     100.00   28.57    44.44 |  100.00   71.43    83.33 |    1.5%
    zratio_max|test_robust|2|w9     100.00   28.57    44.44 |  100.00   71.43    83.33 |    1.5%
    zratio_max|test_robust|3|w0     100.00   28.57    44.44 |  100.00   71.43    83.33 |    1.5%
    zratio_max|test_robust|3|w9     100.00   28.57    44.44 |  100.00   71.43    83.33 |    1.5%
    zratio_max|test_robust|4|w0     100.00   28.57    44.44 |  100.00   71.43    83.33 |    1.5%
    zratio_max|test_robust|4|w9     100.00   28.57    44.44 |  100.00   71.43    83.33 |    1.5%
    zratio_max|test_robust|6|w0     100.00   14.29    25.00 |  100.00   71.43    83.33 |    0.8%
    zratio_max|test_robust|6|w9     100.00   14.29    25.00 |  100.00   71.43    83.33 |    0.8%
    zratio_max|val_robust|2|w0      100.00   28.57    44.44 |  100.00   71.43    83.33 |    1.5%
    zratio_max|val_robust|2|w9      100.00   28.57    44.44 |  100.00   71.43    83.33 |    1.5%
    zratio_max|val_robust|3|w0      100.00   28.57    44.44 |  100.00   71.43    83.33 |    1.5%
    zratio_max|val_robust|3|w9      100.00   28.57    44.44 |  100.00   71.43    83.33 |    1.5%
    zratio_max|val_robust|4|w0      100.00   28.57    44.44 |  100.00   71.43    83.33 |    1.5%
    zratio_max|val_robust|4|w9      100.00   28.57    44.44 |  100.00   71.43    83.33 |    1.5%
    zratio_max|val_robust|6|w0      100.00   14.29    25.00 |  100.00   71.43    83.33 |    0.8%
    zratio_max|val_robust|6|w9      100.00   14.29    25.00 |  100.00   71.43    83.33 |    0.8%
    zratio_max|val|2|w0             100.00   42.86    60.00 |  100.00   71.43    83.33 |    2.3%

  论文原始配置 paper|val|2|w0: 窗口级 F1=37.50 (排名 45/276)  窗口级+PA F1=63.16

  ★ 最优（PA）: zratio_max|h10|2|w0  ->  PA P=100.00 R=71.43 F1=83.33   plain F1=60.00
==========================================================================================

结果已保存: /mnt/sdb/home/liuqr/Project/20269/ddtad/quick_out/report.txt | results.json | summary.csv
