==========================================================================================
设备=NVIDIA GeForce RTX 4090 (25.3 GB, SM89) 可见卡数=1 | torch=2.6.0+cu124 | 数据根=/mnt/sdb/home/liuqr/Dataset/data/data | 标签=/mnt/sdb/home/liuqr/Dataset/labeled_anomalies.csv
超参: sw=128 train_ss=10 test_ss=128 T=1000 t_start=100 sampler=ddim n_sample=1 iters=50 base=32 score=paper thresh=val eta=2.0 amp=False keep_dead_cols=False
==========================================================================================
通道数: 1 -> ['D-1']
[D-1] 归一化策略=drop 原始变量=25 → 送入网络=24 列 (两边都恒定丢掉=1) | 训练点=2280 验证点=569 训练窗口=216 参数量=1194.3K  alpha_bar[t_start-1]=0.972093  信号残留=98.6%  有效反向步数=100
    [D-1] it      0/50  loss=1.1236  lr=4.00e-06
    [D-1] it     49/50  loss=1.0472  lr=1.97e-07
    [D-1] 训练完成 2.8s, 末段 loss=1.0472
[D-1] 阈值=0.05562 (μ=0.02896 σ=0.01333, 验证段 μ+ησ（论文式(13)）)  预测异常比例=1.5% (GT=38.3%)
[D-1] 点级 plain P=0.3780 R=0.0147 F1=0.0284 (TP=48 FP=79 FN=3211)   PA F1=0.9880
[D-1] 窗级 plain F1=0.0000  PA F1=0.0000  |  oracle 最佳点级 F1=0.4310 @th=0.03088
[D-1] 分离度: 正常均=0.03179966488150893 异常均=0.03143267398659287 gap_ratio=0.9884592842005245

==========================================================================================
DDTAD 修正版汇总 | t_start=100 score=paper thresh=val iters=50
汇总：参与评估通道 1 个
  点级   plain  P=37.80  R=1.47  F1=2.84   [宏观 F1=2.84]
  点级   PA     P=97.63  R=100.00  F1=98.80   [宏观 F1=98.80]
  窗口级 plain  F1=0.00   窗口级 PA  F1=0.00
  oracle 上界（阈值扫描，仅诊断）宏观点级 F1=43.10
  论文 DDTAD 参考：SMAP P=92.27 R=91.30 F1=91.78 | MSL P=94.47 R=97.21 F1=95.82（点级+PA）
  [SMAP] 通道=  1  plain F1=  2.84  PA P= 97.63 R=100.00 F1= 98.80
==========================================================================================

结果已保存: /mnt/sdb/home/liuqr/Project/20269/ddtad/smoke_par_run/shard1/report.txt | results.json | summary.csv
