==========================================================================================
设备=NVIDIA GeForce RTX 4090 (25.3 GB, SM89) 可见卡数=1 | torch=2.6.0+cu124 | 数据根=/mnt/sdb/home/liuqr/Dataset/data/data | 标签=/mnt/sdb/home/liuqr/Dataset/labeled_anomalies.csv
超参: sw=128 train_ss=10 test_ss=128 T=1000 t_start=100 sampler=ddim n_sample=1 iters=50 base=32 score=paper thresh=val eta=2.0 amp=False keep_dead_cols=False
==========================================================================================
通道数: 1 -> ['P-1']
[P-1] 归一化策略=drop 原始变量=25 → 送入网络=18 列 (两边都恒定丢掉=7) | 训练点=2298 验证点=574 训练窗口=218 参数量=1193.6K  alpha_bar[t_start-1]=0.972093  信号残留=98.6%  有效反向步数=100
    [P-1] it      0/50  loss=1.1140  lr=4.00e-06
    [P-1] it     49/50  loss=1.0294  lr=1.97e-07
    [P-1] 训练完成 2.6s, 末段 loss=1.0294
[P-1] 阈值=0.05559 (μ=0.02810 σ=0.01374, 验证段 μ+ησ（论文式(13)）)  预测异常比例=2.4% (GT=8.8%)
[P-1] 点级 plain P=0.0874 R=0.0240 F1=0.0376 (TP=18 FP=188 FN=733)   PA F1=0.8888
[P-1] 窗级 plain F1=0.0000  PA F1=0.0000  |  oracle 最佳点级 F1=0.1511 @th=0.03009
[P-1] 分离度: 正常均=0.031105438212049835 异常均=0.031105224883987575 gap_ratio=0.9999931417760198

==========================================================================================
DDTAD 修正版汇总 | t_start=100 score=paper thresh=val iters=50
汇总：参与评估通道 1 个
  点级   plain  P=8.74  R=2.40  F1=3.76   [宏观 F1=3.76]
  点级   PA     P=79.98  R=100.00  F1=88.88   [宏观 F1=88.88]
  窗口级 plain  F1=0.00   窗口级 PA  F1=0.00
  oracle 上界（阈值扫描，仅诊断）宏观点级 F1=15.11
  论文 DDTAD 参考：SMAP P=92.27 R=91.30 F1=91.78 | MSL P=94.47 R=97.21 F1=95.82（点级+PA）
  [SMAP] 通道=  1  plain F1=  3.76  PA P= 79.98 R=100.00 F1= 88.88
==========================================================================================

结果已保存: /mnt/sdb/home/liuqr/Project/20269/ddtad/smoke_par_run/shard2/report.txt | results.json | summary.csv
