==========================================================================================
设备=NVIDIA GeForce RTX 4090 (25.3 GB, SM89) 可见卡数=1 | torch=2.6.0+cu124 | 数据根=/mnt/sdb/home/liuqr/Dataset/data/data | 标签=/mnt/sdb/home/liuqr/Dataset/labeled_anomalies.csv
超参: sw=128 train_ss=10 test_ss=128 T=1000 t_start=100 sampler=ddim n_sample=1 iters=50 base=32 score=paper thresh=val eta=2.0 amp=False keep_dead_cols=False
==========================================================================================
通道数: 1 -> ['T-4']
[T-4] 归一化策略=drop 原始变量=55 → 送入网络=14 列 (两边都恒定丢掉=41) | 训练点=1818 验证点=454 训练窗口=170 参数量=1193.0K  alpha_bar[t_start-1]=0.972093  信号残留=98.6%  有效反向步数=100
    [T-4] it      0/50  loss=1.1292  lr=4.00e-06
    [T-4] it     49/50  loss=1.0319  lr=1.97e-07
    [T-4] 训练完成 2.9s, 末段 loss=1.0319
[T-4] 阈值=0.05756 (μ=0.02644 σ=0.01556, 验证段 μ+ησ（论文式(13)）)  预测异常比例=3.2% (GT=3.1%)
[T-4] 点级 plain P=0.0286 R=0.0290 F1=0.0288 (TP=2 FP=68 FN=67)   PA F1=0.6699
[T-4] 窗级 plain F1=0.0000  PA F1=0.0000  |  oracle 最佳点级 F1=0.0753 @th=0.03575
[T-4] 分离度: 正常均=0.031080781271074914 异常均=0.03178710836152965 gap_ratio=1.0227255256003513

==========================================================================================
DDTAD 修正版汇总 | t_start=100 score=paper thresh=val iters=50
汇总：参与评估通道 1 个
  点级   plain  P=2.86  R=2.90  F1=2.88   [宏观 F1=2.88]
  点级   PA     P=50.36  R=100.00  F1=66.99   [宏观 F1=66.99]
  窗口级 plain  F1=0.00   窗口级 PA  F1=0.00
  oracle 上界（阈值扫描，仅诊断）宏观点级 F1=7.53
  论文 DDTAD 参考：SMAP P=92.27 R=91.30 F1=91.78 | MSL P=94.47 R=97.21 F1=95.82（点级+PA）
  [MSL] 通道=  1  plain F1=  2.88  PA P= 50.36 R=100.00 F1= 66.99
==========================================================================================

结果已保存: /mnt/sdb/home/liuqr/Project/20269/ddtad/smoke_par_run/shard3/report.txt | results.json | summary.csv
