==========================================================================================
程序       : ddtad_run.py
数据根     : /mnt/sdb/home/liuqr/Dataset/data/data
GPU        : 5 张: cuda:0=NVIDIA GeForce RTX 4090(25G)  cuda:1=NVIDIA GeForce RTX 4090(25G)  cuda:2=NVIDIA GeForce RTX 4090(25G)  cuda:3=NVIDIA GeForce RTX 4090(25G)  cuda:4=NVIDIA GeForce RTX 4090(25G)
通道数     : 81   进程数: 10   使用卡数: 5/5
透传参数   : --iters 6000 --col_policy drop --t_start 50 --score paper --thresh val --eta 2 --n_sample 3  
------------------------------------------------------------------------------------------
  shard0 (GPU0,  8 通道, 负载   51532 点): A-1,D-1,E-5,E-9,G-2,M-1,M-6,P-10
  shard1 (GPU1,  7 通道, 负载   50491 点): A-3,D-11,D-3,E-10,E-7,M-7,R-1
  shard2 (GPU2,  7 通道, 负载   50525 点): D-9,E-13,E-3,M-3,P-1,P-2,S-1
  shard3 (GPU3,  9 通道, 负载   51398 点): D-8,F-4,G-1,G-3,G-6,P-15,P-3,T-5,T-8
  shard4 (GPU4,  8 通道, 负载   51604 点): A-7,A-8,D-7,E-12,G-7,M-2,M-4,P-14
  shard5 (GPU0,  9 通道, 负载   51627 点): A-9,C-1,D-12,D-14,D-6,E-11,F-2,P-11,S-2
  shard6 (GPU1,  8 通道, 负载   50601 点): B-1,C-2,E-1,F-3,F-7,G-4,M-5,T-2
  shard7 (GPU2,  8 通道, 负载   50478 点): A-5,D-15,D-5,E-4,E-8,P-7,T-1,T-13
  shard8 (GPU3,  9 通道, 负载   51019 点): A-2,D-2,D-4,E-2,F-5,F-8,P-4,T-4,T-9
  shard9 (GPU4,  8 通道, 负载   50280 点): A-4,A-6,D-13,D-16,E-6,F-1,T-12,T-3
==========================================================================================
[启动] shard0 -> GPU0  日志: /mnt/sdb/home/liuqr/Project/20269/ddtad/out/all/shard0.log
[启动] shard1 -> GPU1  日志: /mnt/sdb/home/liuqr/Project/20269/ddtad/out/all/shard1.log
[启动] shard2 -> GPU2  日志: /mnt/sdb/home/liuqr/Project/20269/ddtad/out/all/shard2.log
[启动] shard3 -> GPU3  日志: /mnt/sdb/home/liuqr/Project/20269/ddtad/out/all/shard3.log
[启动] shard4 -> GPU4  日志: /mnt/sdb/home/liuqr/Project/20269/ddtad/out/all/shard4.log
[启动] shard5 -> GPU0  日志: /mnt/sdb/home/liuqr/Project/20269/ddtad/out/all/shard5.log
[启动] shard6 -> GPU1  日志: /mnt/sdb/home/liuqr/Project/20269/ddtad/out/all/shard6.log
[启动] shard7 -> GPU2  日志: /mnt/sdb/home/liuqr/Project/20269/ddtad/out/all/shard7.log
[启动] shard8 -> GPU3  日志: /mnt/sdb/home/liuqr/Project/20269/ddtad/out/all/shard8.log
[启动] shard9 -> GPU4  日志: /mnt/sdb/home/liuqr/Project/20269/ddtad/out/all/shard9.log

全部启动，等待完成（可另开终端 tail -f /mnt/sdb/home/liuqr/Project/20269/ddtad/out/all/shard0.log 看进度）...

[进度]    10s  已完成 0/81   s0:0/8  s1:0/7  s2:0/7  s3:0/9  s4:0/8  s5:0/9  s6:0/8  s7:0/8  s8:0/9  s9:0/8   ETA≈nanmin
[进度]    70s  已完成 0/81   s0:0/8  s1:0/7  s2:0/7  s3:0/9  s4:0/8  s5:0/9  s6:0/8  s7:0/8  s8:0/9  s9:0/8   ETA≈nanmin
[进度]   130s  已完成 0/81   s0:0/8  s1:0/7  s2:0/7  s3:0/9  s4:0/8  s5:0/9  s6:0/8  s7:0/8  s8:0/9  s9:0/8   ETA≈nanmin
[进度]   190s  已完成 10/81   s0:1/8  s1:1/7  s2:1/7  s3:1/9  s4:1/8  s5:1/9  s6:1/8  s7:1/8  s8:1/9  s9:1/8   ETA≈22.5min
[进度]   250s  已完成 10/81   s0:1/8  s1:1/7  s2:1/7  s3:1/9  s4:1/8  s5:1/9  s6:1/8  s7:1/8  s8:1/9  s9:1/8   ETA≈29.6min
[进度]   310s  已完成 18/81   s0:2/8  s1:2/7  s2:2/7  s3:2/9  s4:2/8  s5:1/9  s6:2/8  s7:1/8  s8:2/9  s9:2/8   ETA≈18.1min
[进度]   370s  已完成 20/81   s0:2/8  s1:2/7  s2:2/7  s3:2/9  s4:2/8  s5:2/9  s6:2/8  s7:2/8  s8:2/9  s9:2/8   ETA≈18.8min
[进度]   430s  已完成 24/81   s0:2/8  s1:3/7  s2:2/7  s3:3/9  s4:2/8  s5:2/9  s6:3/8  s7:2/8  s8:3/9  s9:2/8   ETA≈17.0min
[进度]   491s  已完成 30/81   s0:3/8  s1:3/7  s2:3/7  s3:3/9  s4:3/8  s5:3/9  s6:3/8  s7:3/8  s8:3/9  s9:3/8   ETA≈13.9min
[进度]   551s  已完成 30/81   s0:3/8  s1:3/7  s2:3/7  s3:3/9  s4:3/8  s5:3/9  s6:3/8  s7:3/8  s8:3/9  s9:3/8   ETA≈15.6min
[进度]   611s  已完成 39/81   s0:4/8  s1:4/7  s2:4/7  s3:4/9  s4:4/8  s5:4/9  s6:4/8  s7:3/8  s8:4/9  s9:4/8   ETA≈11.0min
[进度]   671s  已完成 40/81   s0:4/8  s1:4/7  s2:4/7  s3:4/9  s4:4/8  s5:4/9  s6:4/8  s7:4/8  s8:4/9  s9:4/8   ETA≈11.5min
[进度]   731s  已完成 47/81   s0:5/8  s1:5/7  s2:4/7  s3:5/9  s4:5/8  s5:4/9  s6:5/8  s7:4/8  s8:5/9  s9:5/8   ETA≈8.8min
[进度]   791s  已完成 50/81   s0:5/8  s1:5/7  s2:5/7  s3:5/9  s4:5/8  s5:5/9  s6:5/8  s7:5/8  s8:5/9  s9:5/8   ETA≈8.2min
[进度]   851s  已完成 53/81   s0:5/8  s1:5/7  s2:5/7  s3:6/9  s4:5/8  s5:5/9  s6:6/8  s7:5/8  s8:6/9  s9:5/8   ETA≈7.5min
[进度]   911s  已完成 58/81   s0:6/8  s1:6/7  s2:5/7  s3:6/9  s4:6/8  s5:6/9  s6:6/8  s7:5/8  s8:6/9  s9:6/8   ETA≈6.0min
[进度]   971s  已完成 60/81   s0:6/8  s1:6/7  s2:6/7  s3:6/9  s4:6/8  s5:6/9  s6:6/8  s7:6/8  s8:6/9  s9:6/8   ETA≈5.7min
[完成] shard1 (GPU1) OK   用时 1001s 累计
[进度]  1031s  已完成 68/81   s0:7/8  s1:7/7  s2:6/7  s3:7/9  s4:7/8  s5:7/9  s6:7/8  s7:6/8  s8:7/9  s9:7/8   ETA≈3.3min
[完成] shard2 (GPU2) OK   用时 1061s 累计
[进度]  1091s  已完成 70/81   s0:7/8  s1:7/7  s2:7/7  s3:7/9  s4:7/8  s5:7/9  s6:7/8  s7:7/8  s8:7/9  s9:7/8   ETA≈2.9min
[完成] shard0 (GPU0) OK   用时 1111s 累计
[完成] shard4 (GPU4) OK   用时 1131s 累计
[完成] shard6 (GPU1) OK   用时 1131s 累计
[完成] shard9 (GPU4) OK   用时 1131s 累计
[进度]  1151s  已完成 77/81   s0:8/8  s1:7/7  s2:7/7  s3:8/9  s4:8/8  s5:8/9  s6:8/8  s7:7/8  s8:8/9  s9:8/8   ETA≈1.0min
[完成] shard7 (GPU2) OK   用时 1211s 累计
[进度]  1211s  已完成 78/81   s0:8/8  s1:7/7  s2:7/7  s3:8/9  s4:8/8  s5:8/9  s6:8/8  s7:8/8  s8:8/9  s9:8/8   ETA≈0.8min
[完成] shard8 (GPU3) OK   用时 1261s 累计
[进度]  1271s  已完成 79/81   s0:8/8  s1:7/7  s2:7/7  s3:8/9  s4:8/8  s5:8/9  s6:8/8  s7:8/8  s8:9/9  s9:8/8   ETA≈0.5min
[完成] shard3 (GPU3) OK   用时 1301s 累计
[完成] shard5 (GPU0) OK   用时 1311s 累计

==========================================================================================

==========================================================================================
DDTAD 多卡汇总（10 进程 / 81 通道）
汇总：参与评估通道 81 个
  点级   plain  P=33.35  R=42.19  F1=37.25   [宏观 F1=18.10]
  点级   PA     P=53.94  R=98.75  F1=69.77   [宏观 F1=63.81]
  窗口级 plain  F1=40.24   窗口级 PA  F1=48.77
  oracle 上界（阈值扫描，仅诊断）宏观点级 F1=35.05
  论文 DDTAD 参考：SMAP P=92.27 R=91.30 F1=91.78 | MSL P=94.47 R=97.21 F1=95.82（点级+PA）
  [MSL] 通道= 27  plain F1= 10.59  PA P= 38.59 R= 94.55 F1= 54.81
  [SMAP] 通道= 54  plain F1= 41.68  PA P= 56.93 R= 99.33 F1= 72.38
------------------------------------------------------------------------------------------
方案扫描（所有通道微观汇总，仅诊断；据此确定最终 --score/--smooth）
  score|thresh|eta|smooth           plain P        R       F1 |     PA P        R       F1 |  macroPA
  paper|val|eta2|w0                   33.35    42.19    37.25 |    53.94    98.75    69.77 |    63.81
  paper|val|eta2|w25                  31.42    59.93    41.22 |    42.62    97.16    59.25 |    45.91
  paper|val|eta2|w51                  29.47    61.92    39.94 |    39.20    95.55    55.60 |    41.14
  paper|val|eta2|w9                   33.10    54.97    41.32 |    46.89    98.11    63.46 |    52.04
  zratio_max|val|eta2|w0              37.77    36.74    37.25 |    62.20    99.57    76.57 |    60.40
  zratio_mean|val|eta2|w0             28.87    21.57    24.69 |    65.07    99.00    78.53 |    63.88
  zratio_mean|val|eta2|w25            35.41    31.89    33.55 |    57.95    80.18    67.28 |    52.25
  zself_max|val|eta2|w0               20.44     9.27    12.75 |    72.87    96.86    83.17 |    63.21
==========================================================================================

结果已保存: /mnt/sdb/home/liuqr/Project/20269/ddtad/out/all/report.txt | results.json | summary.csv
总耗时 1311s
