设备=NVIDIA GeForce RTX 4090 (25.3 GB, SM89) 可见卡数=1 torch=2.6.0+cu124 数据根=/mnt/sdb/home/liuqr/Dataset/data/data
标签=/mnt/sdb/home/liuqr/Dataset/labeled_anomalies.csv 通道数=81
配置: iters_list=[50] col_policies=['drop'] t_starts=[100] scores=['paper'] sampler=ddim n_sample=1 base=32 调度=cosine T=1000

==================================================================================================================================
### D-1 | 策略=drop | 变量=25 活列=18 | 测试点=8509 异常点=3259 (38.30%) | 类=[point]
[Q1 数据] 训练段恒定列=7  测试段恒定列=1  训练恒定但测试有变化=6
[Q1 数据] 异常最敏感变量 top5 (变量号, 异常区|z|/正常区|z|, 异常区|z|, 正常区|z|): v0:14.45x(17.67/1.22)  v8:1.13x(0.04/0.03)  v2:0.87x(0.11/0.13)  v7:0.79x(0.05/0.06)  v12:0.79x(0.03/0.03)
[Q1 归一化] 策略=drop: 25 列 -> 送入网络 24 列（两边都恒定删掉 1 列）
[进度] D-1: ★开始训练★ 216 个训练窗口 × 50 次迭代 (base=32, 参数量=1194.3K) ...
    [D-1_it50_drop] it      0/50  loss=1.1236  lr=4.00e-06
    [D-1_it50_drop] it     49/50  loss=1.0472  lr=1.97e-07
    [D-1_it50_drop] 训练完成 2.7s, 末段 loss=1.0472
[Q2 模型] eps-MSE by t: t0=1.1142  t50=1.1122  t100=1.1170  t200=1.1172  t400=1.1246  t600=1.1226  t800=1.1205  t999=1.1172   （1.0 = 完全没学到；<0.1 = 学得不错）

t_start    abar    残留% |       score |    val_mu    val_sd |   tstNorm   tstAnom     gap |   η=2 P   η=2 R  η=2 F1      PA |  η=3 F1      PA |  η=4 F1      PA |  VR2PA  VR3PA |  oracle predPos%
-------------------------------------------------------------------------------------------------------------------------------------------------------------------------------------------------
    100  0.9721   98.6 |       paper |   0.02896   0.01333 |   0.03180   0.03143   0.988 |   0.378   0.015   0.028   0.988 |   0.002   0.999 |   0.000   0.000 |  0.964  0.993 |   0.431     5.0%

[Q4 逐变量] 各 t_start 下按 (异常区误差 / 正常区误差) 排序的 top5 变量 —— 若 top 变量的比值很高但 gap 接近 1，说明是'对变量取均值'把异常稀释了
  t_start= 100: v18:1.37x  v16:1.11x  v6:1.06x  v12:1.03x  v14:1.02x
[进度] D-1 策略=drop iters=50: ✔全部完成（训练 + 1 个 t_start × 1 种打分的评估）

总耗时 6s
已保存: probe_report.txt / probe.json
