==========================================================================================
设备=NVIDIA GeForce RTX 4090 (25.3 GB, SM89) 可见卡数=1 CVD=4 | torch=2.6.0+cu124 | 数据根=/mnt/sdb/home/liuqr/Dataset/data/data | 标签=/mnt/sdb/home/liuqr/Dataset/labeled_anomalies.csv
超参: sw=128 train_ss=10 test_ss=128 T=100 t_start=100 sampler=ddpm n_sample=3 iters=0 base=64 score=paper thresh=val eta=2.0 amp=False keep_dead_cols=False
==========================================================================================
通道数: 8 -> ['A-7', 'A-8', 'D-7', 'E-12', 'G-7', 'M-2', 'M-4', 'P-14']
[A-7] 归一化=drop 变量 25→12 列 | 随机20%窗口做验证集(55/276) | 训练窗口=221 迭代=10359(=1500轮epoch) 参数量=3.96M | T=100/linear t_start=100 lr=5e-05 batch=32 ema=0.995
    [A-7] it      0/10359  loss=1.1261  lr=9.67e-08
    [A-7] it   1000/10359  loss=0.4777  lr=4.89e-05
    [A-7] it   2000/10359  loss=0.1260  lr=4.55e-05
    [A-7] it   3000/10359  loss=0.0806  lr=4.03e-05
    [A-7] it   4000/10359  loss=0.0633  lr=3.38e-05
    [A-7] it   5000/10359  loss=0.0532  lr=2.64e-05
    [A-7] it   6000/10359  loss=0.0460  lr=1.88e-05
    [A-7] it   7000/10359  loss=0.0404  lr=1.19e-05
    [A-7] it   8000/10359  loss=0.0378  lr=6.13e-06
    [A-7] it   9000/10359  loss=0.0353  lr=2.09e-06
    [A-7] it  10000/10359  loss=0.0341  lr=1.48e-07
    [A-7] it  10358/10359  loss=0.0339  lr=1.15e-12
    [A-7] 训练完成 245.8s, 末段 loss=0.0347
[A-7] ★论文口径(窗口级/固定阈值/不PA) P=0.0000 R=0.0000 F1=0.0000   (窗口=67, 异常窗口=19, 阈值=3.783 [验证段 μ+ησ（论文式(13)）], 预测正例=1.5%)
[A-7]   对比: 窗口级+PA F1=0.0000 | 点级-不PA F1=0.0000 | 点级+PA F1=0.0000 | 窗口级最优阈值 F1=0.3673
[A-7]   分离度(窗口级): 正常均=1.3829525571291235 异常均=1.3220448488114886 gap_ratio=0.9559582083972039
[A-8] 归一化=drop 变量 25→13 列 | 随机20%窗口做验证集(12/64) | 训练窗口=52 迭代=2438(=1500轮epoch) 参数量=3.96M | T=100/linear t_start=100 lr=5e-05 batch=32 ema=0.995
    [A-8] it      0/2438  loss=1.0842  lr=4.13e-07
    [A-8] it   1000/2438  loss=0.4167  lr=3.20e-05
    [A-8] it   2000/2438  loss=0.1502  lr=3.88e-06
    [A-8] it   2437/2438  loss=0.1296  lr=2.08e-11
    [A-8] 训练完成 55.0s, 末段 loss=0.1224
[A-8] ★论文口径(窗口级/固定阈值/不PA) P=0.0000 R=0.0000 F1=0.0000   (窗口=65, 异常窗口=30, 阈值=9.01 [验证段 μ+ησ（论文式(13)）], 预测正例=9.2%)
[A-8]   对比: 窗口级+PA F1=0.0000 | 点级-不PA F1=0.0000 | 点级+PA F1=0.0000 | 窗口级最优阈值 F1=0.4000
[A-8]   分离度(窗口级): 正常均=4.386831373259516 异常均=2.4491473519869884 gap_ratio=0.5582953032833847
[D-7] 归一化=drop 变量 25→20 列 | 随机20%窗口做验证集(49/246) | 训练窗口=197 迭代=9234(=1500轮epoch) 参数量=3.96M | T=100/linear t_start=100 lr=5e-05 batch=32 ema=0.995
    [D-7] it      0/9234  loss=1.1150  lr=1.08e-07
    [D-7] it   1000/9234  loss=0.6556  lr=4.86e-05
    [D-7] it   2000/9234  loss=0.2875  lr=4.44e-05
    [D-7] it   3000/9234  loss=0.1869  lr=3.81e-05
    [D-7] it   4000/9234  loss=0.1498  lr=3.02e-05
    [D-7] it   5000/9234  loss=0.1284  lr=2.18e-05
    [D-7] it   6000/9234  loss=0.1161  lr=1.37e-05
    [D-7] it   7000/9234  loss=0.1076  lr=6.88e-06
    [D-7] it   8000/9234  loss=0.1016  lr=2.17e-06
    [D-7] it   9000/9234  loss=0.0984  lr=7.92e-08
    [D-7] it   9233/9234  loss=0.0983  lr=1.45e-12
    [D-7] 训练完成 189.2s, 末段 loss=0.0976
[D-7] ★论文口径(窗口级/固定阈值/不PA) P=0.8571 R=0.5714 F1=0.6857   (窗口=59, 异常窗口=21, 阈值=9.387 [验证段 μ+ησ（论文式(13)）], 预测正例=23.7%)
[D-7]   对比: 窗口级+PA F1=0.9545 | 点级-不PA F1=0.6836 | 点级+PA F1=0.9548 | 窗口级最优阈值 F1=0.7059
[D-7]   分离度(窗口级): 正常均=5.130685459586521 异常均=13.179155246815228 gap_ratio=2.5686928872613697
[E-12] 归一化=drop 变量 25→24 列 | 随机20%窗口做验证集(55/276) | 训练窗口=221 迭代=10359(=1500轮epoch) 参数量=3.96M | T=100/linear t_start=100 lr=5e-05 batch=32 ema=0.995
    [E-12] it      0/10359  loss=1.1131  lr=9.67e-08
    [E-12] it   1000/10359  loss=0.7027  lr=4.89e-05
    [E-12] it   2000/10359  loss=0.3361  lr=4.55e-05
    [E-12] it   3000/10359  loss=0.2187  lr=4.03e-05
    [E-12] it   4000/10359  loss=0.1741  lr=3.38e-05
    [E-12] it   5000/10359  loss=0.1487  lr=2.64e-05
    [E-12] it   6000/10359  loss=0.1318  lr=1.88e-05
    [E-12] it   7000/10359  loss=0.1191  lr=1.19e-05
    [E-12] it   8000/10359  loss=0.1111  lr=6.13e-06
    [E-12] it   9000/10359  loss=0.1075  lr=2.09e-06
    [E-12] it  10000/10359  loss=0.1046  lr=1.48e-07
    [E-12] it  10358/10359  loss=0.1048  lr=1.15e-12
    [E-12] 训练完成 215.2s, 末段 loss=0.1056
[E-12] ★论文口径(窗口级/固定阈值/不PA) P=0.2857 R=0.3333 F1=0.3077   (窗口=66, 异常窗口=6, 阈值=6.604 [验证段 μ+ησ（论文式(13)）], 预测正例=10.6%)
[E-12]   对比: 窗口级+PA F1=0.7059 | 点级-不PA F1=0.0987 | 点级+PA F1=0.5862 | 窗口级最优阈值 F1=0.3636
[E-12]   分离度(窗口级): 正常均=3.9014504977778794 异常均=3.8752117100177323 gap_ratio=0.9932746070275422
[G-7] 归一化=drop 变量 25→11 列 | 随机20%窗口做验证集(46/232) | 训练窗口=186 迭代=8719(=1500轮epoch) 参数量=3.96M | T=100/linear t_start=100 lr=5e-05 batch=32 ema=0.995
    [G-7] it      0/8719  loss=1.0811  lr=1.15e-07
    [G-7] it   1000/8719  loss=0.4199  lr=4.84e-05
    [G-7] it   2000/8719  loss=0.0817  lr=4.38e-05
    [G-7] it   3000/8719  loss=0.0461  lr=3.68e-05
    [G-7] it   4000/8719  loss=0.0332  lr=2.82e-05
    [G-7] it   5000/8719  loss=0.0255  lr=1.93e-05
    [G-7] it   6000/8719  loss=0.0211  lr=1.11e-05
    [G-7] it   7000/8719  loss=0.0178  lr=4.64e-06
    [G-7] it   8000/8719  loss=0.0161  lr=8.34e-07
    [G-7] it   8718/8719  loss=0.0156  lr=1.62e-12
    [G-7] 训练完成 175.3s, 末段 loss=0.0158
[G-7] ★论文口径(窗口级/固定阈值/不PA) P=0.5000 R=1.0000 F1=0.6667   (窗口=62, 异常窗口=4, 阈值=1.314 [验证段 μ+ησ（论文式(13)）], 预测正例=12.9%)
[G-7]   对比: 窗口级+PA F1=0.6667 | 点级-不PA F1=0.4149 | 点级+PA F1=0.4149 | 窗口级最优阈值 F1=0.6667
[G-7]   分离度(窗口级): 正常均=2.015295201503877 异常均=3.8620787010618005 gap_ratio=1.9163836137652661
    [显存] 已完成 5 个通道  allocated=0.02G  reserved=0.07G
[M-2] 归一化=drop 变量 55→13 列 | 随机20%窗口做验证集(41/209) | 训练窗口=168 迭代=7875(=1500轮epoch) 参数量=3.96M | T=100/linear t_start=100 lr=5e-05 batch=32 ema=0.995
    [M-2] it      0/7875  loss=1.1171  lr=1.27e-07
    [M-2] it   1000/7875  loss=0.5170  lr=4.80e-05
    [M-2] it   2000/7875  loss=0.1994  lr=4.25e-05
    [M-2] it   3000/7875  loss=0.1441  lr=3.41e-05
    [M-2] it   4000/7875  loss=0.1221  lr=2.44e-05
    [M-2] it   5000/7875  loss=0.1088  lr=1.47e-05
    [M-2] it   6000/7875  loss=0.1016  lr=6.67e-06
    [M-2] it   7000/7875  loss=0.0989  lr=1.51e-06
    [M-2] it   7874/7875  loss=0.0980  lr=1.99e-12
    [M-2] 训练完成 159.6s, 末段 loss=0.0967
[M-2] ★论文口径(窗口级/固定阈值/不PA) P=1.0000 R=0.8889 F1=0.9412   (窗口=17, 异常窗口=9, 阈值=9.661 [验证段 μ+ησ（论文式(13)）], 预测正例=47.1%)
[M-2]   对比: 窗口级+PA F1=1.0000 | 点级-不PA F1=0.9460 | 点级+PA F1=1.0000 | 窗口级最优阈值 F1=0.9412
[M-2]   分离度(窗口级): 正常均=7.96813923799797 异常均=11.745942769386527 gap_ratio=1.4741136441709253
[M-4] 归一化=drop 变量 55→18 列 | 随机20%窗口做验证集(39/195) | 训练窗口=156 迭代=7312(=1500轮epoch) 参数量=3.96M | T=100/linear t_start=100 lr=5e-05 batch=32 ema=0.995
    [M-4] it      0/7312  loss=1.0882  lr=1.37e-07
    [M-4] it   1000/7312  loss=0.6057  lr=4.77e-05
    [M-4] it   2000/7312  loss=0.2911  lr=4.13e-05
    [M-4] it   3000/7312  loss=0.2222  lr=3.20e-05
    [M-4] it   4000/7312  loss=0.1898  lr=2.13e-05
    [M-4] it   5000/7312  loss=0.1719  lr=1.14e-05
    [M-4] it   6000/7312  loss=0.1624  lr=3.87e-06
    [M-4] it   7000/7312  loss=0.1590  lr=2.24e-07
    [M-4] it   7311/7312  loss=0.1588  lr=2.31e-12
    [M-4] 训练完成 153.2s, 末段 loss=0.1588
[M-4] ★论文口径(窗口级/固定阈值/不PA) P=0.0000 R=0.0000 F1=0.0000   (窗口=15, 异常窗口=3, 阈值=11.44 [验证段 μ+ησ（论文式(13)）], 预测正例=0.0%)
[M-4]   对比: 窗口级+PA F1=0.0000 | 点级-不PA F1=0.0000 | 点级+PA F1=0.0000 | 窗口级最优阈值 F1=0.0000
[M-4]   分离度(窗口级): 正常均=7.58477168622566 异常均=5.758063419042951 gap_ratio=0.7591610739582173
[P-14] 归一化=drop 变量 55→25 列 | 随机20%窗口做验证集(55/276) | 训练窗口=221 迭代=10359(=1500轮epoch) 参数量=3.96M | T=100/linear t_start=100 lr=5e-05 batch=32 ema=0.995
    [P-14] it      0/10359  loss=1.1121  lr=9.67e-08
    [P-14] it   1000/10359  loss=0.7188  lr=4.89e-05
    [P-14] it   2000/10359  loss=0.3529  lr=4.55e-05
    [P-14] it   3000/10359  loss=0.2250  lr=4.03e-05
    [P-14] it   4000/10359  loss=0.1765  lr=3.38e-05
    [P-14] it   5000/10359  loss=0.1508  lr=2.64e-05
    [P-14] it   6000/10359  loss=0.1337  lr=1.88e-05
    [P-14] it   7000/10359  loss=0.1216  lr=1.19e-05
    [P-14] it   8000/10359  loss=0.1148  lr=6.13e-06
    [P-14] it   9000/10359  loss=0.1107  lr=2.09e-06
    [P-14] it  10000/10359  loss=0.1089  lr=1.48e-07
    [P-14] it  10358/10359  loss=0.1083  lr=1.15e-12
    [P-14] 训练完成 212.7s, 末段 loss=0.1094
[P-14] ★论文口径(窗口级/固定阈值/不PA) P=0.0638 R=1.0000 F1=0.1200   (窗口=47, 异常窗口=3, 阈值=3.629 [验证段 μ+ησ（论文式(13)）], 预测正例=100.0%)
[P-14]   对比: 窗口级+PA F1=0.1200 | 点级-不PA F1=0.0584 | 点级+PA F1=0.0584 | 窗口级最优阈值 F1=0.5000
[P-14]   分离度(窗口级): 正常均=435.83672413664885 异常均=791.131434775972 gap_ratio=1.8152014067725206

==========================================================================================
DDTAD 修正版汇总 | t_start=100 score=paper thresh=val iters=0
汇总：参与评估 8 个 (通道×轮次) 样本

★ 主指标 = 论文口径：窗口级 + 验证段固定阈值 + 不做 point-adjust（论文 §II.A/式(12)(13)(16)）
  窗口级 不PA   P=31.87  R=30.53  F1=31.18   [宏观 F1=34.02]
    [MSL] 通道=  3×1轮  P= 20.00 R= 73.33 F1= 31.43
    [SMAP] 通道=  5×1轮  P= 50.00 R= 22.50 F1= 31.03
  论文 DDTAD: SMAP P=92.27 R=91.30 F1=91.78 | MSL P=94.47 R=97.21 F1=95.82

参考口径（非论文口径，仅供诊断）：
  窗口级 +PA    P=40.95  R=45.26  F1=43.00
  点级   不PA   P=26.46  R=27.19  F1=26.82
  点级   +PA    P=36.27  R=43.02  F1=39.36
  窗口级最优阈值（天花板，宏观点级口径参考）宏观点级 F1=49.31
------------------------------------------------------------------------------------------
有效加噪步数 t_start 对照（同一批模型，只是加噪/反向步数不同；论文是 T=100 全链）
   t_start  alpha_bar      信号残留% |     窗口P     窗口R     窗口F1 |    窗口+PA     最优阈值 |       正常均       异常均     gap
         5     0.9975       99.9 |   24.24   42.11    30.77 |    32.70    48.84 |    0.2447    0.3243   1.326
        10     0.9900       99.5 |   24.84   42.11    31.25 |    33.20    54.86 |    0.9004    1.1614   1.290
        20     0.9606       98.0 |   28.26   41.05    33.48 |    36.29    54.73 |    3.1833    3.9371   1.237
        35     0.8839       94.0 |   28.23   36.84    31.96 |    37.89    53.83 |    8.6028   10.6827   1.242
        50     0.7772       88.2 |   27.12   33.68    30.05 |    38.39    52.45 |   16.0690   20.9248   1.302
       100     0.3636       60.3 |   31.87   30.53    31.18 |    43.00    49.31 |   58.5259  104.1654   1.780  ← 论文 T=100
------------------------------------------------------------------------------------------
★ t_start × 打分方式 交叉排行榜（按论文口径【窗口级 F1】排序，前 20）
  t_start|score               winP    winR    winF1 |  winPAF1      最优阈值     gap   pred%
  35|zratio_max              65.38   35.79    46.26 |    49.33     53.96   1.534   16.3% ★
  50|zratio_max              65.38   35.79    46.26 |    49.33     47.16   1.485   16.2%
  20|zratio_top3             73.81   32.63    45.26 |    48.57     49.41   1.551   12.9%
  10|zratio_max              68.09   33.68    45.07 |    47.22     50.57   1.651   13.8%
  20|zratio_max              72.09   32.63    44.93 |    48.23     50.54   1.599   12.6%
  50|zratio_top3             63.46   34.74    44.90 |    49.01     45.74   1.396   16.3%
  10|zratio_top3             66.67   33.68    44.76 |    46.90     50.51   1.627   14.0%
  5|zratio_max               62.26   34.74    44.59 |    50.65     48.30   1.689   17.6%
  35|zratio_top3             62.26   34.74    44.59 |    48.68     51.39   1.451   16.5%
  100|zratio_max             65.96   32.63    43.66 |    50.00     46.16   1.440   13.1%
  100|zratio_top3            60.78   32.63    42.47 |    48.68     46.38   1.335   13.9%
  5|zratio_top3              53.23   34.74    42.04 |    47.85     45.49   1.637   19.3%
  5|zratio_mean              48.44   32.63    38.99 |    47.62     44.31   1.573   18.9%
  10|zratio_mean             56.25   28.42    37.76 |    50.32     46.76   1.563   13.9%
  20|zval_max                30.34   46.32    36.67 |    48.06     51.31  17.037   37.3%
  5|zself_mean               36.08   36.84    36.46 |    43.00     44.27   1.549   26.7%
  20|zratio_mean             63.16   25.26    36.09 |    47.55     44.79   1.491   12.0%
  35|zval_max                30.37   43.16    35.65 |    49.40     52.09  23.168   35.3%
  50|zval_max                30.40   40.00    34.55 |    37.50     51.45  23.424   33.4%
  50|zratio_mean             53.33   25.26    34.29 |    48.37     44.17   1.368   15.4%
  （论文设置 100|paper: 窗口级 F1=31.18, 排名 32/42）
------------------------------------------------------------------------------------------
评测口径对照：同一批重构，只换『判定单元 / 阈值来源 / 是否 point-adjust』
  口径                                        P        R       F1
  论文口径-窗口级-固定阈值-不PA                     31.87    30.53    31.18
  论文口径-窗口级-固定阈值-加PA                     40.95    45.26    43.00
  论文口径-窗口级-最优阈值-不PA                     46.23    51.58    48.76
  论文口径-窗口级-最优阈值-加PA                     79.13    95.79    86.67
  点级-固定阈值-不PA                           26.46    27.19    26.82
  点级-固定阈值-加PA                           36.27    43.02    39.36
    [MSL] 论文口径-窗口级-固定阈值-不PA               20.00    73.33    31.43
    [MSL] 论文口径-窗口级-固定阈值-加PA               21.43    80.00    33.80
    [MSL] 论文口径-窗口级-最优阈值-不PA               50.00    66.67    57.14
    [MSL] 论文口径-窗口级-最优阈值-加PA               63.16    80.00    70.59
    [MSL] 点级-固定阈值-不PA                     17.12    76.61    27.98
    [MSL] 点级-固定阈值-加PA                     18.47    84.04    30.29
    [SMAP] 论文口径-窗口级-固定阈值-不PA               50.00    22.50    31.03
    [SMAP] 论文口径-窗口级-固定阈值-加PA               63.27    38.75    48.06
    [SMAP] 论文口径-窗口级-最优阈值-不PA               45.35    48.75    46.99
    [SMAP] 论文口径-窗口级-最优阈值-加PA               82.29    98.75    89.77
    [SMAP] 点级-固定阈值-不PA                     40.73    19.23    26.13
    [SMAP] 点级-固定阈值-加PA                     56.54    36.40    44.29
  论文 DDTAD: SMAP P=92.27 R=91.30 F1=91.78 | MSL P=94.47 R=97.21 F1=95.82
------------------------------------------------------------------------------------------
方案扫描：共 938 种组合（同一批重构，评估免费；评估单元都是**窗口**）

  ★按【窗口级 F1（论文口径：窗口判定 + 不 PA）】排序 —— 前 25 名
    score|thresh|eta|smooth           winP    winR    winF1 |  winPAP  winPAR  winPAF1 |   pred%
    zratio_top3|val_robust|2|w0      62.96   35.79    45.64 |   64.91   38.95    48.68 |   16.1% ★
    zratio_max|val|2|w0              65.96   32.63    43.66 |   69.81   38.95    50.00 |   13.1%
    zratio_max|val|2|w9              65.96   32.63    43.66 |   69.81   38.95    50.00 |   13.1%
    zratio_top3|val_robust|2|w9      61.54   33.68    43.54 |   64.91   38.95    48.68 |   15.1%
    zratio_max|val_robust|2|w0       63.27   32.63    43.06 |   67.27   38.95    49.33 |   13.4%
    zratio_top3|val_robust|1.5|w0    51.47   36.84    42.94 |   62.92   58.95    60.87 |   20.7%
    zratio_max|val_robust|1.5|w0     53.12   35.79    42.77 |   65.12   58.95    61.88 |   18.8%
    zratio_max|l20|1.5|w0            41.84   43.16    42.49 |   60.42   91.58    72.80 |   25.9%
    zratio_max|l20|1.5|w9            41.84   43.16    42.49 |   60.42   91.58    72.80 |   25.9%
    zratio_top3|l20|1.5|w0           41.84   43.16    42.49 |   61.74   96.84    75.41 |   25.9%
    zratio_top3|val|2|w0             60.78   32.63    42.47 |   64.91   38.95    48.68 |   13.9%
    zratio_top3|val|2|w9             60.78   32.63    42.47 |   64.91   38.95    48.68 |   13.9%
    zratio_max|val|1.5|w0            54.10   34.74    42.31 |   56.92   38.95    46.25 |   16.9%
    zratio_max|val|1.5|w9            54.10   34.74    42.31 |   56.92   38.95    46.25 |   16.9%
    zratio_top3|val_robust|1.5|w9    51.52   35.79    42.24 |   53.62   38.95    45.12 |   20.3%
    zratio_max|val_robust|3|w9       67.44   30.53    42.03 |   72.55   38.95    50.68 |   11.2%
    zratio_max|val|3|w0              67.44   30.53    42.03 |   72.55   38.95    50.68 |   11.2%
    zratio_max|val|3|w9              67.44   30.53    42.03 |   72.55   38.95    50.68 |   11.2%
    zratio_max|val_robust|2|w9       58.49   32.63    41.89 |   62.71   38.95    48.05 |   14.2%
    zratio_max|val_robust|1.5|w9     52.38   34.74    41.77 |   55.22   38.95    45.68 |   18.6%
    zratio_top3|val|1.5|w0           52.38   34.74    41.77 |   55.22   38.95    45.68 |   19.2%
    zratio_top3|val|1.5|w9           52.38   34.74    41.77 |   55.22   38.95    45.68 |   19.2%
    zratio_top3|l10|1.5|w0           46.15   37.89    41.62 |   57.58   60.00    58.76 |   22.1%
    zratio_top3|l10|1.5|w9           46.15   37.89    41.62 |   57.58   60.00    58.76 |   22.1%
    zratio_mean|val_robust|0|w9      30.54   65.26    41.61 |   40.25  100.00    57.40 |   54.4%

  按【窗口级 +PA F1】排序（参考，论文没用 PA） —— 前 25 名
    score|thresh|eta|smooth           winP    winR    winF1 |  winPAP  winPAR  winPAF1 |   pred%
    paper|test_robust|1.5|w9         41.82   24.21    30.67 |   73.98   95.79    83.49 |   12.8% ★
    zself_max|qmap|1|w0              39.71   28.42    33.13 |   69.17   96.84    80.70 |   17.0%
    zval_max|qmap|1|w0               35.94   24.21    28.93 |   68.94   95.79    80.18 |   16.1%
    zself_max|qmap|1|w9              34.85   24.21    28.57 |   68.15   96.84    80.00 |   16.6%
    zself_mean|qmap|1|w9             32.81   22.11    26.42 |   68.15   96.84    80.00 |   16.2%
    zself_mean|test_robust|1.5|w9    36.76   26.32    30.67 |   68.15   96.84    80.00 |   16.6%
    zval_max|qmap|1|w9               35.38   24.21    28.75 |   68.42   95.79    79.82 |   16.3%
    paper|qmap|1|w0                  36.62   27.37    31.33 |   67.15   96.84    79.31 |   18.8%
    paper|qmap|1|w9                  36.99   28.42    32.14 |   66.67   96.84    78.97 |   19.2%
    zself_mean|test_robust|1.5|w0    35.21   26.32    30.12 |   66.67   96.84    78.97 |   17.2%
    zself_max|test_robust|1.5|w9     37.70   24.21    29.49 |   69.35   90.53    78.54 |   15.6%
    paper|test_robust|1|w0           35.00   29.47    32.00 |   63.89   96.84    76.99 |   19.4%
    paper|q20|0|w0                   35.37   30.53    32.77 |   63.45   96.84    76.67 |   20.8%
    paper|test_robust|1|w9           35.37   30.53    32.77 |   63.45   96.84    76.67 |   20.4%
    zself_max|l20|6|w9               35.37   30.53    32.77 |   63.45   96.84    76.67 |   20.8%
    zself_max|q20|0|w9               35.37   30.53    32.77 |   63.45   96.84    76.67 |   20.8%
    zself_mean|q20|0|w0              35.37   30.53    32.77 |   63.45   96.84    76.67 |   20.8%
    zself_mean|q20|0|w9              35.37   30.53    32.77 |   63.45   96.84    76.67 |   20.8%
    paper|q20|0|w9                   34.15   29.47    31.64 |   63.01   96.84    76.35 |   20.8%
    zratio_top3|l20|3|w0             37.21   33.68    35.36 |   63.01   96.84    76.35 |   21.7%
    zratio_top3|l20|4|w0             34.94   30.53    32.58 |   63.01   96.84    76.35 |   21.1%
    zratio_top3|l20|6|w0             34.94   30.53    32.58 |   63.01   96.84    76.35 |   21.1%
    zratio_top3|q20|0|w0             34.15   29.47    31.64 |   63.01   96.84    76.35 |   20.8%
    zself_max|l20|3|w9               35.71   31.58    33.52 |   63.01   96.84    76.35 |   21.3%
    zself_max|l20|4|w9               34.94   30.53    32.58 |   63.01   96.84    76.35 |   21.1%

  ★ 最优组合 zratio_top3|val_robust|2|w0 的分数据集结果（论文口径：窗口级 + 不 PA）：
      [MSL] P= 52.63  R= 66.67  F1= 58.82
      [SMAP] P= 68.57  R= 30.00  F1= 41.74
      论文 DDTAD: SMAP P=92.27 R=91.30 F1=91.78 | MSL P=94.47 R=97.21 F1=95.82

  论文原始配置 paper|val|2|w0: 窗口级 F1=31.18 (排名 425/938)  窗口级+PA F1=43.00

  ★ 最优（PA）: paper|test_robust|1.5|w9  ->  PA P=73.98 R=95.79 F1=83.49   plain F1=30.67
==========================================================================================

结果已保存: /mnt/sdb/home/liuqr/Project/20269/ddtad/out/all/shard4/report.txt | results.json | summary.csv
