==========================================================================================
设备=NVIDIA GeForce RTX 4090 (25.3 GB, SM89) 可见卡数=1 | torch=2.6.0+cu124 | 数据根=/mnt/sdb/home/liuqr/Dataset/data/data | 标签=/mnt/sdb/home/liuqr/Dataset/labeled_anomalies.csv
超参: sw=128 train_ss=10 test_ss=16 T=1000 t_start=50 sampler=ddim n_sample=3 iters=6000 base=32 score=paper thresh=val eta=2.0 amp=False keep_dead_cols=False
==========================================================================================
通道数: 8 -> ['A-1', 'D-1', 'E-5', 'E-9', 'G-2', 'M-1', 'M-6', 'P-10']
[A-1] 归一化策略=drop 原始变量=25 → 送入网络=21 列 (两边都恒定丢掉=4) | 训练点=2304 验证点=576 训练窗口=218 参数量=1193.9K  alpha_bar[t_start-1]=0.992007  信号残留=99.6%  有效反向步数=50
    [A-1] it      0/6000  loss=1.1326  lr=6.67e-07
    [A-1] it   1000/6000  loss=0.5873  lr=1.87e-04
    [A-1] it   2000/6000  loss=0.2442  lr=1.50e-04
    [A-1] it   3000/6000  loss=0.1631  lr=1.00e-04
    [A-1] it   4000/6000  loss=0.1240  lr=5.00e-05
    [A-1] it   5000/6000  loss=0.1027  lr=1.34e-05
    [A-1] it   5999/6000  loss=0.0951  lr=1.37e-11
    [A-1] 训练完成 142.1s, 末段 loss=0.0936
[A-1] 阈值=0.00540 (μ=0.00095 σ=0.00223, 验证段 μ+ησ（论文式(13)）)  预测异常比例=2.2% (GT=1.0%)
[A-1] 点级 plain P=0.0638 R=0.1412 F1=0.0879 (TP=12 FP=176 FN=73)   PA F1=0.4913
[A-1] 窗级 plain F1=0.0000  PA F1=0.0000  |  oracle 最佳点级 F1=0.0952 @th=0.00660
[A-1] 分离度: 正常均=0.0011859564252880142 异常均=0.0038608676226579305 gap_ratio=3.255488600030396
[D-1] 归一化策略=drop 原始变量=25 → 送入网络=24 列 (两边都恒定丢掉=1) | 训练点=2280 验证点=569 训练窗口=216 参数量=1194.3K  alpha_bar[t_start-1]=0.992007  信号残留=99.6%  有效反向步数=50
    [D-1] it      0/6000  loss=1.1504  lr=6.67e-07
    [D-1] it   1000/6000  loss=0.6485  lr=1.87e-04
    [D-1] it   2000/6000  loss=0.3253  lr=1.50e-04
    [D-1] it   3000/6000  loss=0.2265  lr=1.00e-04
    [D-1] it   4000/6000  loss=0.1812  lr=5.00e-05
    [D-1] it   5000/6000  loss=0.1514  lr=1.34e-05
    [D-1] it   5999/6000  loss=0.1389  lr=1.37e-11
    [D-1] 训练完成 137.3s, 末段 loss=0.1382
[D-1] 阈值=0.00534 (μ=0.00123 σ=0.00206, 验证段 μ+ησ（论文式(13)）)  预测异常比例=35.5% (GT=38.3%)
[D-1] 点级 plain P=0.9632 R=0.8923 F1=0.9264 (TP=2908 FP=111 FN=351)   PA F1=0.9833
[D-1] 窗级 plain F1=0.9362  PA F1=1.0000  |  oracle 最佳点级 F1=0.9289 @th=0.00614
[D-1] 分离度: 正常均=0.001377374808166578 异常均=0.009324477076285607 gap_ratio=6.769745621162775
[E-5] 归一化策略=drop 原始变量=25 → 送入网络=24 列 (两边都恒定丢掉=1) | 训练点=2304 验证点=576 训练窗口=218 参数量=1194.3K  alpha_bar[t_start-1]=0.992007  信号残留=99.6%  有效反向步数=50
    [E-5] it      0/6000  loss=1.1238  lr=6.67e-07
    [E-5] it   1000/6000  loss=0.6397  lr=1.87e-04
    [E-5] it   2000/6000  loss=0.3161  lr=1.50e-04
    [E-5] it   3000/6000  loss=0.2106  lr=1.00e-04
    [E-5] it   4000/6000  loss=0.1585  lr=5.00e-05
    [E-5] it   5000/6000  loss=0.1298  lr=1.34e-05
    [E-5] it   5999/6000  loss=0.1183  lr=1.37e-11
    [E-5] 训练完成 139.9s, 末段 loss=0.1170
[E-5] 阈值=0.00693 (μ=0.00106 σ=0.00294, 验证段 μ+ησ（论文式(13)）)  预测异常比例=8.2% (GT=3.9%)
[E-5] 点级 plain P=0.0601 R=0.1277 F1=0.0818 (TP=41 FP=641 FN=280)   PA F1=0.5004
[E-5] 窗级 plain F1=0.0000  PA F1=0.0000  |  oracle 最佳点级 F1=0.0877 @th=0.00627
[E-5] 分离度: 正常均=0.0019449214491801218 异常均=0.002794242973120954 gap_ratio=1.4366868000241668
[E-9] 归一化策略=drop 原始变量=25 → 送入网络=24 列 (两边都恒定丢掉=1) | 训练点=2304 验证点=576 训练窗口=218 参数量=1194.3K  alpha_bar[t_start-1]=0.992007  信号残留=99.6%  有效反向步数=50
    [E-9] it      0/6000  loss=1.1267  lr=6.67e-07
    [E-9] it   1000/6000  loss=0.6341  lr=1.87e-04
    [E-9] it   2000/6000  loss=0.3220  lr=1.50e-04
    [E-9] it   3000/6000  loss=0.2131  lr=1.00e-04
    [E-9] it   4000/6000  loss=0.1603  lr=5.00e-05
    [E-9] it   5000/6000  loss=0.1349  lr=1.34e-05
    [E-9] it   5999/6000  loss=0.1245  lr=1.37e-11
    [E-9] 训练完成 141.6s, 末段 loss=0.1236
[E-9] 阈值=0.00850 (μ=0.00126 σ=0.00362, 验证段 μ+ησ（论文式(13)）)  预测异常比例=0.9% (GT=4.2%)
[E-9] 点级 plain P=0.0641 R=0.0142 F1=0.0233 (TP=5 FP=73 FN=346)   PA F1=0.9058
[E-9] 窗级 plain F1=0.0000  PA F1=0.0000  |  oracle 最佳点级 F1=0.0862 @th=0.00090
[E-9] 分离度: 正常均=0.0011213778957947086 异常均=0.0014440705056478558 gap_ratio=1.2877643754734958
[G-2] 归一化策略=drop 原始变量=25 → 送入网络=20 列 (两边都恒定丢掉=5) | 训练点=1983 验证点=495 训练窗口=186 参数量=1193.8K  alpha_bar[t_start-1]=0.992007  信号残留=99.6%  有效反向步数=50
    [G-2] it      0/6000  loss=1.1247  lr=6.67e-07
    [G-2] it   1000/6000  loss=0.5699  lr=1.87e-04
    [G-2] it   2000/6000  loss=0.2329  lr=1.50e-04
    [G-2] it   3000/6000  loss=0.1460  lr=1.00e-04
    [G-2] it   4000/6000  loss=0.1083  lr=5.00e-05
    [G-2] it   5000/6000  loss=0.0907  lr=1.34e-05
    [G-2] it   5999/6000  loss=0.0841  lr=1.37e-11
    [G-2] 训练完成 133.3s, 末段 loss=0.0839
[G-2] 阈值=0.00416 (μ=0.00094 σ=0.00161, 验证段 μ+ησ（论文式(13)）)  预测异常比例=3.3% (GT=0.6%)
[G-2] 点级 plain P=0.0083 R=0.0488 F1=0.0142 (TP=2 FP=238 FN=39)   PA F1=0.2563
[G-2] 窗级 plain F1=0.0000  PA F1=0.0000  |  oracle 最佳点级 F1=0.0364 @th=0.05087
[G-2] 分离度: 正常均=0.001243761505977889 异常均=0.002827624075804126 gap_ratio=2.2734455618812133
[M-1] 归一化策略=drop 原始变量=55 → 送入网络=13 列 (两边都恒定丢掉=42) | 训练点=1768 验证点=441 训练窗口=165 参数量=1192.9K  alpha_bar[t_start-1]=0.992007  信号残留=99.6%  有效反向步数=50
    [M-1] it      0/6000  loss=1.1667  lr=6.67e-07
    [M-1] it   1000/6000  loss=0.4522  lr=1.87e-04
    [M-1] it   2000/6000  loss=0.1580  lr=1.50e-04
    [M-1] it   3000/6000  loss=0.1088  lr=1.00e-04
    [M-1] it   4000/6000  loss=0.0900  lr=5.00e-05
    [M-1] it   5000/6000  loss=0.0796  lr=1.34e-05
    [M-1] it   5999/6000  loss=0.0764  lr=1.37e-11
    [M-1] 训练完成 131.2s, 末段 loss=0.0756
[M-1] 阈值=0.01183 (μ=0.00149 σ=0.00517, 验证段 μ+ησ（论文式(13)）)  预测异常比例=0.7% (GT=50.1%)
[M-1] 点级 plain P=0.4375 R=0.0061 F1=0.0121 (TP=7 FP=9 FN=1134)   PA F1=0.9961
[M-1] 窗级 plain F1=0.0000  PA F1=0.0000  |  oracle 最佳点级 F1=0.4405 @th=0.00078
[M-1] 分离度: 正常均=0.0016047909096086458 异常均=0.0012196462921031208 gap_ratio=0.7600032407963672
[M-6] 归一化策略=drop 原始变量=55 → 送入网络=16 列 (两边都恒定丢掉=39) | 训练点=1252 验证点=313 训练窗口=113 参数量=1193.3K  alpha_bar[t_start-1]=0.992007  信号残留=99.6%  有效反向步数=50
    [M-6] it      0/6000  loss=1.1416  lr=6.67e-07
    [M-6] it   1000/6000  loss=0.5216  lr=1.87e-04
    [M-6] it   2000/6000  loss=0.2237  lr=1.50e-04
    [M-6] it   3000/6000  loss=0.1675  lr=1.00e-04
    [M-6] it   4000/6000  loss=0.1409  lr=5.00e-05
    [M-6] it   5000/6000  loss=0.1263  lr=1.34e-05
    [M-6] it   5999/6000  loss=0.1209  lr=1.37e-11
    [M-6] 训练完成 122.1s, 末段 loss=0.1194
[M-6] 阈值=0.00392 (μ=0.00121 σ=0.00135, 验证段 μ+ησ（论文式(13)）)  预测异常比例=14.3% (GT=8.8%)
[M-6] 点级 plain P=0.5734 R=0.9282 F1=0.7089 (TP=168 FP=125 FN=13)   PA F1=0.7433
[M-6] 窗级 plain F1=1.0000  PA F1=1.0000  |  oracle 最佳点级 F1=0.7529 @th=0.00565
[M-6] 分离度: 正常均=0.001933260253885445 异常均=0.00869882577148618 gap_ratio=4.499562722609839
[P-10] 归一化策略=drop 原始变量=55 → 送入网络=27 列 (两边都恒定丢掉=28) | 训练点=3447 验证点=861 训练窗口=332 参数量=1194.7K  alpha_bar[t_start-1]=0.992007  信号残留=99.6%  有效反向步数=50
    [P-10] it      0/6000  loss=1.1128  lr=6.67e-07
    [P-10] it   1000/6000  loss=0.6701  lr=1.87e-04
    [P-10] it   2000/6000  loss=0.3732  lr=1.50e-04
    [P-10] it   3000/6000  loss=0.2695  lr=1.00e-04
    [P-10] it   4000/6000  loss=0.2116  lr=5.00e-05
    [P-10] it   5000/6000  loss=0.1780  lr=1.34e-05
    [P-10] it   5999/6000  loss=0.1635  lr=1.37e-11
    [P-10] 训练完成 126.4s, 末段 loss=0.1624
[P-10] 阈值=0.00395 (μ=0.00128 σ=0.00133, 验证段 μ+ησ（论文式(13)）)  预测异常比例=26.1% (GT=2.1%)
[P-10] 点级 plain P=0.0759 R=0.9237 F1=0.1403 (TP=121 FP=1473 FN=10)   PA F1=0.1510
[P-10] 窗级 plain F1=0.1538  PA F1=0.2857  |  oracle 最佳点级 F1=0.4860 @th=0.01253
[P-10] 分离度: 正常均=0.003298082450869895 异常均=0.011018288115607622 gap_ratio=3.340816453118527

==========================================================================================
DDTAD 修正版汇总 | t_start=50 score=paper thresh=val iters=6000
汇总：参与评估通道 8 个
  点级   plain  P=53.42  R=59.24  F1=56.18   [宏观 F1=24.94]
  点级   PA     P=65.94  R=100.00  F1=79.47   [宏观 F1=62.84]
  窗口级 plain  F1=59.52   窗口级 PA  F1=65.91
  oracle 上界（阈值扫描，仅诊断）宏观点级 F1=36.42
  论文 DDTAD 参考：SMAP P=92.27 R=91.30 F1=91.78 | MSL P=94.47 R=97.21 F1=95.82（点级+PA）
  [MSL] 通道=  3  plain F1= 17.64  PA P= 47.48 R=100.00 F1= 64.39
  [SMAP] 通道=  5  plain F1= 71.83  PA P= 76.60 R=100.00 F1= 86.75
------------------------------------------------------------------------------------------
方案扫描（所有通道微观汇总，仅诊断；据此确定最终 --score/--smooth）
  score|thresh|eta|smooth           plain P        R       F1 |     PA P        R       F1 |  macroPA
  paper|val|eta2|w0                   53.42    59.24    56.18 |    65.94   100.00    79.47 |    62.84
  paper|val|eta2|w25                  32.96    64.43    43.61 |    43.28   100.00    60.41 |    44.84
  paper|val|eta2|w51                  29.69    67.93    41.32 |    38.33   100.00    55.42 |    42.84
  paper|val|eta2|w9                   38.57    62.18    47.61 |    50.25   100.00    66.89 |    48.97
  zratio_max|val|eta2|w0              47.03    51.80    49.30 |    63.15   100.00    77.41 |    56.66
  zratio_mean|val|eta2|w0             51.51    56.26    53.78 |    65.38   100.00    79.06 |    60.31
  zratio_mean|val|eta2|w25            51.97    60.69    55.99 |    63.89    99.26    77.74 |    57.32
  zself_max|val|eta2|w0               24.85     3.68     6.42 |    89.97   100.00    94.72 |    79.89
==========================================================================================

结果已保存: /mnt/sdb/home/liuqr/Project/20269/ddtad/out/all/shard0/report.txt | results.json | summary.csv
