==========================================================================================
设备=NVIDIA GeForce RTX 4090 (25.3 GB, SM89) 可见卡数=1 | torch=2.6.0+cu124 | 数据根=/mnt/sdb/home/liuqr/Dataset/data/data | 标签=/mnt/sdb/home/liuqr/Dataset/labeled_anomalies.csv
超参: sw=128 train_ss=10 test_ss=16 T=1000 t_start=50 sampler=ddim n_sample=3 iters=6000 base=32 score=paper thresh=val eta=2.0 amp=False keep_dead_cols=False
==========================================================================================
通道数: 7 -> ['D-9', 'E-13', 'E-3', 'M-3', 'P-1', 'P-2', 'S-1']
[D-9] 归一化策略=drop 原始变量=25 → 送入网络=14 列 (两边都恒定丢掉=11) | 训练点=2067 验证点=516 训练窗口=194 参数量=1193.0K  alpha_bar[t_start-1]=0.992007  信号残留=99.6%  有效反向步数=50
    [D-9] it      0/6000  loss=1.1297  lr=6.67e-07
    [D-9] it   1000/6000  loss=0.4568  lr=1.87e-04
    [D-9] it   2000/6000  loss=0.1283  lr=1.50e-04
    [D-9] it   3000/6000  loss=0.0753  lr=1.00e-04
    [D-9] it   4000/6000  loss=0.0552  lr=5.00e-05
    [D-9] it   5000/6000  loss=0.0442  lr=1.34e-05
    [D-9] it   5999/6000  loss=0.0405  lr=1.37e-11
    [D-9] 训练完成 144.1s, 末段 loss=0.0400
[D-9] 阈值=0.00007 (μ=0.00003 σ=0.00002, 验证段 μ+ησ（论文式(13)）)  预测异常比例=20.9% (GT=15.6%)
[D-9] 点级 plain P=0.6641 R=0.8910 F1=0.7610 (TP=1030 FP=521 FN=126)   PA F1=0.8161
[D-9] 窗级 plain F1=0.7619  PA F1=0.8182  |  oracle 最佳点级 F1=0.8751 @th=0.00821
[D-9] 分离度: 正常均=0.00020499624094172606 异常均=0.011270472742167865 gap_ratio=54.978923956813944
[E-13] 归一化策略=drop 原始变量=25 → 送入网络=21 列 (两边都恒定丢掉=4) | 训练点=2304 验证点=576 训练窗口=218 参数量=1193.9K  alpha_bar[t_start-1]=0.992007  信号残留=99.6%  有效反向步数=50
    [E-13] it      0/6000  loss=1.1376  lr=6.67e-07
    [E-13] it   1000/6000  loss=0.6098  lr=1.87e-04
    [E-13] it   2000/6000  loss=0.2676  lr=1.50e-04
    [E-13] it   3000/6000  loss=0.1715  lr=1.00e-04
    [E-13] it   4000/6000  loss=0.1278  lr=5.00e-05
    [E-13] it   5000/6000  loss=0.1055  lr=1.34e-05
    [E-13] it   5999/6000  loss=0.0978  lr=1.37e-11
    [E-13] 训练完成 138.8s, 末段 loss=0.0973
[E-13] 阈值=0.00938 (μ=0.00138 σ=0.00400, 验证段 μ+ησ（论文式(13)）)  预测异常比例=1.4% (GT=3.1%)
[E-13] 点级 plain P=0.0165 R=0.0076 F1=0.0104 (TP=2 FP=119 FN=262)   PA F1=0.7360
[E-13] 窗级 plain F1=0.0000  PA F1=0.0000  |  oracle 最佳点级 F1=0.0608 @th=0.00071
[E-13] 分离度: 正常均=0.0011795088355353168 异常均=0.0010422853028833191 gap_ratio=0.8836604453329769
[E-3] 归一化策略=drop 原始变量=25 → 送入网络=24 列 (两边都恒定丢掉=1) | 训练点=2304 验证点=576 训练窗口=218 参数量=1194.3K  alpha_bar[t_start-1]=0.992007  信号残留=99.6%  有效反向步数=50
    [E-3] it      0/6000  loss=1.1174  lr=6.67e-07
    [E-3] it   1000/6000  loss=0.6397  lr=1.87e-04
    [E-3] it   2000/6000  loss=0.3107  lr=1.50e-04
    [E-3] it   3000/6000  loss=0.2044  lr=1.00e-04
    [E-3] it   4000/6000  loss=0.1536  lr=5.00e-05
    [E-3] it   5000/6000  loss=0.1262  lr=1.34e-05
    [E-3] it   5999/6000  loss=0.1152  lr=1.37e-11
    [E-3] 训练完成 154.1s, 末段 loss=0.1140
[E-3] 阈值=0.00743 (μ=0.00111 σ=0.00316, 验证段 μ+ησ（论文式(13)）)  预测异常比例=1.0% (GT=38.7%)
[E-3] 点级 plain P=0.1149 R=0.0031 F1=0.0061 (TP=10 FP=77 FN=3203)   PA F1=0.9882
[E-3] 窗级 plain F1=0.0000  PA F1=0.0000  |  oracle 最佳点级 F1=0.1673 @th=0.00050
[E-3] 分离度: 正常均=0.0012097109110987938 异常均=0.0006240041910171761 gap_ratio=0.515829183065222
[M-3] 归一化策略=drop 原始变量=55 → 送入网络=18 列 (两边都恒定丢掉=37) | 训练点=1630 验证点=407 训练窗口=151 参数量=1193.6K  alpha_bar[t_start-1]=0.992007  信号残留=99.6%  有效反向步数=50
    [M-3] it      0/6000  loss=1.1448  lr=6.67e-07
    [M-3] it   1000/6000  loss=0.5639  lr=1.87e-04
    [M-3] it   2000/6000  loss=0.2394  lr=1.50e-04
    [M-3] it   3000/6000  loss=0.1740  lr=1.00e-04
    [M-3] it   4000/6000  loss=0.1395  lr=5.00e-05
    [M-3] it   5000/6000  loss=0.1236  lr=1.34e-05
    [M-3] it   5999/6000  loss=0.1178  lr=1.37e-11
    [M-3] 训练完成 154.1s, 末段 loss=0.1170
[M-3] 阈值=0.00451 (μ=0.00128 σ=0.00162, 验证段 μ+ησ（论文式(13)）)  预测异常比例=1.4% (GT=11.8%)
[M-3] 点级 plain P=0.1333 R=0.0159 F1=0.0285 (TP=4 FP=26 FN=247)   PA F1=0.9508
[M-3] 窗级 plain F1=0.0000  PA F1=0.0000  |  oracle 最佳点级 F1=0.1502 @th=0.00119
[M-3] 分离度: 正常均=0.0013490887973622006 异常均=0.0012524382004530212 gap_ratio=0.9283586098274962
[P-1] 归一化策略=drop 原始变量=25 → 送入网络=18 列 (两边都恒定丢掉=7) | 训练点=2298 验证点=574 训练窗口=218 参数量=1193.6K  alpha_bar[t_start-1]=0.992007  信号残留=99.6%  有效反向步数=50
    [P-1] it      0/6000  loss=1.1839  lr=6.67e-07
    [P-1] it   1000/6000  loss=0.5515  lr=1.87e-04
    [P-1] it   2000/6000  loss=0.2042  lr=1.50e-04
    [P-1] it   3000/6000  loss=0.1328  lr=1.00e-04
    [P-1] it   4000/6000  loss=0.1034  lr=5.00e-05
    [P-1] it   5000/6000  loss=0.0891  lr=1.34e-05
    [P-1] it   5999/6000  loss=0.0840  lr=1.37e-11
    [P-1] 训练完成 153.3s, 末段 loss=0.0838
[P-1] 阈值=0.00537 (μ=0.00118 σ=0.00209, 验证段 μ+ησ（论文式(13)）)  预测异常比例=2.2% (GT=8.8%)
[P-1] 点级 plain P=0.1257 R=0.0320 F1=0.0510 (TP=24 FP=167 FN=727)   PA F1=0.8999
[P-1] 窗级 plain F1=0.0000  PA F1=0.0000  |  oracle 最佳点级 F1=0.1343 @th=0.00053
[P-1] 分离度: 正常均=0.0012391473283898768 异常均=0.001369408094803481 gap_ratio=1.1051212906078427
[P-2] 归一化策略=drop 原始变量=25 → 送入网络=24 列 (两边都恒定丢掉=1) | 训练点=2257 验证点=564 训练窗口=213 参数量=1194.3K  alpha_bar[t_start-1]=0.992007  信号残留=99.6%  有效反向步数=50
    [P-2] it      0/6000  loss=1.1212  lr=6.67e-07
    [P-2] it   1000/6000  loss=0.6233  lr=1.87e-04
    [P-2] it   2000/6000  loss=0.2952  lr=1.50e-04
    [P-2] it   3000/6000  loss=0.1952  lr=1.00e-04
    [P-2] it   4000/6000  loss=0.1501  lr=5.00e-05
    [P-2] it   5000/6000  loss=0.1277  lr=1.34e-05
    [P-2] it   5999/6000  loss=0.1194  lr=1.37e-11
    [P-2] 训练完成 141.5s, 末段 loss=0.1181
[P-2] 阈值=0.00755 (μ=0.00131 σ=0.00312, 验证段 μ+ησ（论文式(13)）)  预测异常比例=8.6% (GT=14.9%)
[P-2] 点级 plain P=0.9148 R=0.5253 F1=0.6674 (TP=644 FP=60 FN=582)   PA F1=0.9761
[P-2] 窗级 plain F1=0.9000  PA F1=1.0000  |  oracle 最佳点级 F1=0.8387 @th=0.00373
[P-2] 分离度: 正常均=0.0013693371168893196 异常均=0.011695300339848237 gap_ratio=8.540848119574882
[S-1] 归一化策略=drop 原始变量=25 → 送入网络=19 列 (两边都恒定丢掉=6) | 训练点=2255 验证点=563 训练窗口=213 参数量=1193.7K  alpha_bar[t_start-1]=0.992007  信号残留=99.6%  有效反向步数=50
    [S-1] it      0/6000  loss=1.1210  lr=6.67e-07
    [S-1] it   1000/6000  loss=0.5465  lr=1.87e-04
    [S-1] it   2000/6000  loss=0.2160  lr=1.50e-04
    [S-1] it   3000/6000  loss=0.1485  lr=1.00e-04
    [S-1] it   4000/6000  loss=0.1198  lr=5.00e-05
    [S-1] it   5000/6000  loss=0.1047  lr=1.34e-05
    [S-1] it   5999/6000  loss=0.0990  lr=1.37e-11
    [S-1] 训练完成 139.8s, 末段 loss=0.0979
[S-1] 阈值=0.00997 (μ=0.00120 σ=0.00439, 验证段 μ+ησ（论文式(13)）)  预测异常比例=1.2% (GT=6.1%)
[S-1] 点级 plain P=0.0225 R=0.0045 F1=0.0074 (TP=2 FP=87 FN=446)   PA F1=0.9115
[S-1] 窗级 plain F1=0.0000  PA F1=0.0000  |  oracle 最佳点级 F1=0.4743 @th=0.00316
[S-1] 分离度: 正常均=0.0011649611841942887 异常均=0.0025474917740806726 gap_ratio=2.1867610772307153

==========================================================================================
DDTAD 修正版汇总 | t_start=50 score=paper thresh=val iters=6000
汇总：参与评估通道 7 个
  点级   plain  P=61.88  R=23.48  F1=34.04   [宏观 F1=21.88]
  点级   PA     P=87.30  R=99.44  F1=92.98   [宏观 F1=89.69]
  窗口级 plain  F1=38.64   窗口级 PA  F1=43.96
  oracle 上界（阈值扫描，仅诊断）宏观点级 F1=38.58
  论文 DDTAD 参考：SMAP P=92.27 R=91.30 F1=91.78 | MSL P=94.47 R=97.21 F1=95.82（点级+PA）
  [MSL] 通道=  1  plain F1=  2.85  PA P= 90.61 R=100.00 F1= 95.08
  [SMAP] 通道=  6  plain F1= 34.94  PA P= 87.19 R= 99.42 F1= 92.90
------------------------------------------------------------------------------------------
方案扫描（所有通道微观汇总，仅诊断；据此确定最终 --score/--smooth）
  score|thresh|eta|smooth           plain P        R       F1 |     PA P        R       F1 |  macroPA
  paper|val|eta2|w0                   61.88    23.48    34.04 |    87.30    99.44    92.98 |    89.69
  paper|val|eta2|w25                  55.00    34.08    42.08 |    77.05    93.64    84.54 |    68.42
  paper|val|eta2|w51                  56.05    34.30    42.56 |    76.36    86.91    81.30 |    54.21
  paper|val|eta2|w9                   50.86    29.61    37.43 |    77.11    96.39    85.68 |    72.01
  zratio_max|val|eta2|w0              50.68    27.71    35.82 |    78.76   100.00    88.12 |    82.14
  zratio_mean|val|eta2|w0             55.86    27.98    37.28 |    81.60    98.04    89.07 |    80.96
  zratio_mean|val|eta2|w25            57.22    31.37    40.53 |    80.25    95.29    87.13 |    79.91
  zself_max|val|eta2|w0               54.41    14.95    23.46 |    88.16    93.31    90.66 |    77.54
==========================================================================================

结果已保存: /mnt/sdb/home/liuqr/Project/20269/ddtad/out/all/shard2/report.txt | results.json | summary.csv
