==========================================================================================
设备=NVIDIA GeForce RTX 4090 (25.3 GB, SM89) 可见卡数=1 | torch=2.6.0+cu124 | 数据根=/mnt/sdb/home/liuqr/Dataset/data/data | 标签=/mnt/sdb/home/liuqr/Dataset/labeled_anomalies.csv
超参: sw=128 train_ss=10 test_ss=16 T=1000 t_start=50 sampler=ddim n_sample=3 iters=6000 base=32 score=paper thresh=val eta=2.0 amp=False keep_dead_cols=False
==========================================================================================
通道数: 9 -> ['A-2', 'D-2', 'D-4', 'E-2', 'F-5', 'F-8', 'P-4', 'T-4', 'T-9']
[A-2] 归一化策略=drop 原始变量=25 → 送入网络=18 列 (两边都恒定丢掉=7) | 训练点=2119 验证点=529 训练窗口=200 参数量=1193.6K  alpha_bar[t_start-1]=0.992007  信号残留=99.6%  有效反向步数=50
    [A-2] it      0/6000  loss=1.1171  lr=6.67e-07
    [A-2] it   1000/6000  loss=0.5408  lr=1.87e-04
    [A-2] it   2000/6000  loss=0.2021  lr=1.50e-04
    [A-2] it   3000/6000  loss=0.1365  lr=1.00e-04
    [A-2] it   4000/6000  loss=0.1074  lr=5.00e-05
    [A-2] it   5000/6000  loss=0.0920  lr=1.34e-05
    [A-2] it   5999/6000  loss=0.0865  lr=1.37e-11
    [A-2] 训练完成 138.3s, 末段 loss=0.0853
[A-2] 阈值=0.00723 (μ=0.00132 σ=0.00295, 验证段 μ+ησ（论文式(13)）)  预测异常比例=2.0% (GT=1.4%)
[A-2] 点级 plain P=0.0000 R=0.0000 F1=0.0000 (TP=0 FP=158 FN=111)   PA F1=0.0000
[A-2] 窗级 plain F1=0.0000  PA F1=0.0000  |  oracle 最佳点级 F1=0.0227 @th=0.00092
[A-2] 分离度: 正常均=0.0013925706884636616 异常均=0.0007388139150197805 gap_ratio=0.5305396136370419
[D-2] 归一化策略=drop 原始变量=25 → 送入网络=20 列 (两边都恒定丢掉=5) | 训练点=2304 验证点=576 训练窗口=218 参数量=1193.8K  alpha_bar[t_start-1]=0.992007  信号残留=99.6%  有效反向步数=50
    [D-2] it      0/6000  loss=1.1766  lr=6.67e-07
    [D-2] it   1000/6000  loss=0.5852  lr=1.87e-04
    [D-2] it   2000/6000  loss=0.2385  lr=1.50e-04
    [D-2] it   3000/6000  loss=0.1479  lr=1.00e-04
    [D-2] it   4000/6000  loss=0.1106  lr=5.00e-05
    [D-2] it   5000/6000  loss=0.0913  lr=1.34e-05
    [D-2] it   5999/6000  loss=0.0842  lr=1.37e-11
    [D-2] 训练完成 126.0s, 末段 loss=0.0836
[D-2] 阈值=0.00745 (μ=0.00082 σ=0.00332, 验证段 μ+ησ（论文式(13)）)  预测异常比例=34.5% (GT=49.1%)
[D-2] 点级 plain P=0.9791 R=0.6885 F1=0.8085 (TP=2904 FP=62 FN=1314)   PA F1=0.9927
[D-2] 窗级 plain F1=0.9206  PA F1=1.0000  |  oracle 最佳点级 F1=0.9430 @th=0.00389
[D-2] 分离度: 正常均=0.0009989790156898011 异常均=0.007524394672570837 gap_ratio=7.532084812987985
[D-4] 归一化策略=drop 原始变量=25 → 送入网络=20 列 (两边都恒定丢掉=5) | 训练点=2267 验证点=566 训练窗口=214 参数量=1193.8K  alpha_bar[t_start-1]=0.992007  信号残留=99.6%  有效反向步数=50
    [D-4] it      0/6000  loss=1.1508  lr=6.67e-07
    [D-4] it   1000/6000  loss=0.5837  lr=1.87e-04
    [D-4] it   2000/6000  loss=0.2451  lr=1.50e-04
    [D-4] it   3000/6000  loss=0.1582  lr=1.00e-04
    [D-4] it   4000/6000  loss=0.1195  lr=5.00e-05
    [D-4] it   5000/6000  loss=0.1011  lr=1.34e-05
    [D-4] it   5999/6000  loss=0.0940  lr=1.37e-11
    [D-4] 训练完成 135.6s, 末段 loss=0.0930
[D-4] 阈值=0.00581 (μ=0.00122 σ=0.00230, 验证段 μ+ησ（论文式(13)）)  预测异常比例=39.1% (GT=38.3%)
[D-4] 点级 plain P=0.9741 R=0.9948 F1=0.9843 (TP=3231 FP=86 FN=17)   PA F1=0.9869
[D-4] 窗级 plain F1=0.9804  PA F1=1.0000  |  oracle 最佳点级 F1=0.9858 @th=0.00756
[D-4] 分离度: 正常均=0.0011978312112503509 异常均=0.01093824406560687 gap_ratio=9.131707341461768
[E-2] 归一化策略=drop 原始变量=25 → 送入网络=24 列 (两边都恒定丢掉=1) | 训练点=2304 验证点=576 训练窗口=218 参数量=1194.3K  alpha_bar[t_start-1]=0.992007  信号残留=99.6%  有效反向步数=50
    [E-2] it      0/6000  loss=1.1197  lr=6.67e-07
    [E-2] it   1000/6000  loss=0.6386  lr=1.87e-04
    [E-2] it   2000/6000  loss=0.3107  lr=1.50e-04
    [E-2] it   3000/6000  loss=0.2119  lr=1.00e-04
    [E-2] it   4000/6000  loss=0.1599  lr=5.00e-05
    [E-2] it   5000/6000  loss=0.1319  lr=1.34e-05
    [E-2] it   5999/6000  loss=0.1204  lr=1.37e-11
    [E-2] 训练完成 135.4s, 末段 loss=0.1193
[E-2] 阈值=0.00726 (μ=0.00107 σ=0.00310, 验证段 μ+ησ（论文式(13)）)  预测异常比例=1.1% (GT=16.4%)
[E-2] 点级 plain P=0.0430 R=0.0029 F1=0.0054 (TP=4 FP=89 FN=1394)   PA F1=0.9692
[E-2] 窗级 plain F1=0.0000  PA F1=0.0000  |  oracle 最佳点级 F1=0.3161 @th=0.00101
[E-2] 分离度: 正常均=0.0012714494297971538 异常均=0.001521881027785954 gap_ratio=1.196965441267101
[F-5] 归一化策略=drop 原始变量=55 → 送入网络=13 列 (两边都恒定丢掉=42) | 训练点=2079 验证点=519 训练窗口=196 参数量=1192.9K  alpha_bar[t_start-1]=0.992007  信号残留=99.6%  有效反向步数=50
    [F-5] it      0/6000  loss=1.2004  lr=6.67e-07
    [F-5] it   1000/6000  loss=0.4490  lr=1.87e-04
    [F-5] it   2000/6000  loss=0.1417  lr=1.50e-04
    [F-5] it   3000/6000  loss=0.0900  lr=1.00e-04
    [F-5] it   4000/6000  loss=0.0675  lr=5.00e-05
    [F-5] it   5000/6000  loss=0.0580  lr=1.34e-05
    [F-5] it   5999/6000  loss=0.0546  lr=1.37e-11
    [F-5] 训练完成 135.2s, 末段 loss=0.0545
[F-5] 阈值=0.00553 (μ=0.00091 σ=0.00231, 验证段 μ+ησ（论文式(13)）)  预测异常比例=2.2% (GT=3.9%)
[F-5] 点级 plain P=0.1395 R=0.0795 F1=0.1013 (TP=12 FP=74 FN=139)   PA F1=0.8032
[F-5] 窗级 plain F1=0.0000  PA F1=0.0000  |  oracle 最佳点级 F1=0.2642 @th=0.00103
[F-5] 分离度: 正常均=0.0008702865342619031 异常均=0.0023098903352807305 gap_ratio=2.6541722115001662
[F-8] 归一化策略=drop 原始变量=55 → 送入网络=14 列 (两边都恒定丢掉=41) | 训练点=2674 验证点=668 训练窗口=255 参数量=1193.0K  alpha_bar[t_start-1]=0.992007  信号残留=99.6%  有效反向步数=50
    [F-8] it      0/6000  loss=1.1640  lr=6.67e-07
    [F-8] it   1000/6000  loss=0.4624  lr=1.87e-04
    [F-8] it   2000/6000  loss=0.1533  lr=1.50e-04
    [F-8] it   3000/6000  loss=0.1021  lr=1.00e-04
    [F-8] it   4000/6000  loss=0.0810  lr=5.00e-05
    [F-8] it   5000/6000  loss=0.0700  lr=1.34e-05
    [F-8] it   5999/6000  loss=0.0663  lr=1.37e-11
    [F-8] 训练完成 147.5s, 末段 loss=0.0653
[F-8] 阈值=0.01046 (μ=0.00138 σ=0.00454, 验证段 μ+ησ（论文式(13)）)  预测异常比例=4.6% (GT=21.6%)
[F-8] 点级 plain P=0.1826 R=0.0391 F1=0.0644 (TP=21 FP=94 FN=516)   PA F1=0.9195
[F-8] 窗级 plain F1=0.0000  PA F1=0.0000  |  oracle 最佳点级 F1=0.3080 @th=0.00088
[F-8] 分离度: 正常均=0.0024653985782086473 异常均=0.003287242515871631 gap_ratio=1.33335134729417
[P-4] 归一化策略=drop 原始变量=25 → 送入网络=18 列 (两边都恒定丢掉=7) | 训练点=2088 验证点=521 训练窗口=197 参数量=1193.6K  alpha_bar[t_start-1]=0.992007  信号残留=99.6%  有效反向步数=50
    [P-4] it      0/6000  loss=1.1237  lr=6.67e-07
    [P-4] it   1000/6000  loss=0.5437  lr=1.87e-04
    [P-4] it   2000/6000  loss=0.2037  lr=1.50e-04
    [P-4] it   3000/6000  loss=0.1341  lr=1.00e-04
    [P-4] it   4000/6000  loss=0.1047  lr=5.00e-05
    [P-4] it   5000/6000  loss=0.0896  lr=1.34e-05
    [P-4] it   5999/6000  loss=0.0838  lr=1.37e-11
    [P-4] 训练完成 129.5s, 末段 loss=0.0828
[P-4] 阈值=0.00382 (μ=0.00086 σ=0.00148, 验证段 μ+ησ（论文式(13)）)  预测异常比例=0.5% (GT=5.7%)
[P-4] 点级 plain P=0.4054 R=0.0339 F1=0.0625 (TP=15 FP=22 FN=428)   PA F1=0.9758
[P-4] 窗级 plain F1=0.2500  PA F1=0.6000  |  oracle 最佳点级 F1=0.2152 @th=0.00026
[P-4] 分离度: 正常均=0.00028178909445573084 异常均=0.0035614672759619096 gap_ratio=12.638769015673946
[T-4] 归一化策略=drop 原始变量=55 → 送入网络=14 列 (两边都恒定丢掉=41) | 训练点=1818 验证点=454 训练窗口=170 参数量=1193.0K  alpha_bar[t_start-1]=0.992007  信号残留=99.6%  有效反向步数=50
    [T-4] it      0/6000  loss=1.1322  lr=6.67e-07
    [T-4] it   1000/6000  loss=0.4852  lr=1.87e-04
    [T-4] it   2000/6000  loss=0.1849  lr=1.50e-04
    [T-4] it   3000/6000  loss=0.1314  lr=1.00e-04
    [T-4] it   4000/6000  loss=0.1041  lr=5.00e-05
    [T-4] it   5000/6000  loss=0.0903  lr=1.34e-05
    [T-4] it   5999/6000  loss=0.0863  lr=1.37e-11
    [T-4] 训练完成 133.5s, 末段 loss=0.0862
[T-4] 阈值=0.00982 (μ=0.00175 σ=0.00404, 验证段 μ+ησ（论文式(13)）)  预测异常比例=3.1% (GT=3.1%)
[T-4] 点级 plain P=0.0725 R=0.0725 F1=0.0725 (TP=5 FP=64 FN=64)   PA F1=0.6832
[T-4] 窗级 plain F1=0.0000  PA F1=0.0000  |  oracle 最佳点级 F1=0.0820 @th=0.01256
[T-4] 分离度: 正常均=0.0020962409531638925 异常均=0.0025780242781695767 gap_ratio=1.2298320354244203
[T-9] 归一化策略=drop 原始变量=55 → 送入网络=23 列 (两边都恒定丢掉=32) | 训练点=352 验证点=87 训练窗口=23 参数量=1194.2K  alpha_bar[t_start-1]=0.992007  信号残留=99.6%  有效反向步数=50
    [T-9] it      0/6000  loss=1.1301  lr=6.67e-07
    [T-9] it   1000/6000  loss=0.6303  lr=1.87e-04
    [T-9] it   2000/6000  loss=0.3222  lr=1.50e-04
    [T-9] it   3000/6000  loss=0.2202  lr=1.00e-04
    [T-9] it   4000/6000  loss=0.1665  lr=5.00e-05
    [T-9] it   5000/6000  loss=0.1392  lr=1.34e-05
    [T-9] it   5999/6000  loss=0.1280  lr=1.37e-11
    [T-9] 训练完成 141.4s, 末段 loss=0.1267
[T-9] 阈值=0.00000 (μ=0.00000 σ=0.00000, 验证段 μ+ησ（论文式(13)）)  预测异常比例=99.3% (GT=10.2%)
[T-9] 点级 plain P=0.1029 R=1.0000 F1=0.1867 (TP=112 FP=976 FN=0)   PA F1=0.1867
[T-9] 窗级 plain F1=0.4000  PA F1=0.4000  |  oracle 最佳点级 F1=0.3903 @th=0.00289
[T-9] 分离度: 正常均=0.003774973942389507 异常均=0.009795157666218654 gap_ratio=2.594761663445669

==========================================================================================
DDTAD 修正版汇总 | t_start=50 score=paper thresh=val iters=6000
汇总：参与评估通道 9 个
  点级   plain  P=79.51  R=61.28  F1=69.21   [宏观 F1=25.39]
  点级   PA     P=86.23  R=98.92  F1=92.14   [宏观 F1=72.41]
  窗口级 plain  F1=74.51   窗口级 PA  F1=80.75
  oracle 上界（阈值扫描，仅诊断）宏观点级 F1=39.19
  论文 DDTAD 参考：SMAP P=92.27 R=91.30 F1=91.78 | MSL P=94.47 R=97.21 F1=95.82（点级+PA）
  [MSL] 通道=  4  plain F1= 13.47  PA P= 41.84 R=100.00 F1= 59.00
  [SMAP] 通道=  5  plain F1= 76.98  PA P= 95.71 R= 98.82 F1= 97.24
------------------------------------------------------------------------------------------
方案扫描（所有通道微观汇总，仅诊断；据此确定最终 --score/--smooth）
  score|thresh|eta|smooth           plain P        R       F1 |     PA P        R       F1 |  macroPA
  paper|val|eta2|w0                   79.51    61.28    69.21 |    86.23    98.92    92.14 |    72.41
  paper|val|eta2|w25                  66.50    76.73    71.25 |    71.90    98.92    83.27 |    61.14
  paper|val|eta2|w51                  65.45    79.81    71.92 |    69.99    98.25    81.75 |    55.54
  paper|val|eta2|w9                   70.02    73.10    71.53 |    75.96    98.92    85.94 |    64.54
  zratio_max|val|eta2|w0              71.48    66.34    68.81 |    79.07   100.00    88.31 |    67.38
  zratio_mean|val|eta2|w0             49.59    21.54    30.04 |    82.03   100.00    90.13 |    70.17
  zratio_mean|val|eta2|w25            59.24    35.31    44.24 |    79.10    91.95    85.04 |    48.93
  zself_max|val|eta2|w0               11.61     1.98     3.39 |    86.76    98.92    92.44 |    72.26
==========================================================================================

结果已保存: /mnt/sdb/home/liuqr/Project/20269/ddtad/out/all/shard8/report.txt | results.json | summary.csv
