==========================================================================================
设备=NVIDIA GeForce RTX 4090 (25.3 GB, SM89) 可见卡数=1 | torch=2.6.0+cu124 | 数据根=/mnt/sdb/home/liuqr/Dataset/data/data | 标签=/mnt/sdb/home/liuqr/Dataset/labeled_anomalies.csv
超参: sw=128 train_ss=10 test_ss=16 T=1000 t_start=50 sampler=ddim n_sample=3 iters=6000 base=32 score=paper thresh=val eta=2.0 amp=False keep_dead_cols=False
==========================================================================================
通道数: 7 -> ['A-3', 'D-11', 'D-3', 'E-10', 'E-7', 'M-7', 'R-1']
[A-3] 归一化策略=drop 原始变量=25 → 送入网络=18 列 (两边都恒定丢掉=7) | 训练点=2189 验证点=547 训练窗口=207 参数量=1193.6K  alpha_bar[t_start-1]=0.992007  信号残留=99.6%  有效反向步数=50
    [A-3] it      0/6000  loss=1.1168  lr=6.67e-07
    [A-3] it   1000/6000  loss=0.5382  lr=1.87e-04
    [A-3] it   2000/6000  loss=0.1995  lr=1.50e-04
    [A-3] it   3000/6000  loss=0.1343  lr=1.00e-04
    [A-3] it   4000/6000  loss=0.1052  lr=5.00e-05
    [A-3] it   5000/6000  loss=0.0896  lr=1.34e-05
    [A-3] it   5999/6000  loss=0.0842  lr=1.37e-11
    [A-3] 训练完成 142.1s, 末段 loss=0.0827
[A-3] 阈值=0.00922 (μ=0.00141 σ=0.00391, 验证段 μ+ησ（论文式(13)）)  预测异常比例=1.1% (GT=2.3%)
[A-3] 点级 plain P=0.0110 R=0.0054 F1=0.0072 (TP=1 FP=90 FN=185)   PA F1=0.8052
[A-3] 窗级 plain F1=0.0000  PA F1=0.0000  |  oracle 最佳点级 F1=0.0356 @th=0.00132
[A-3] 分离度: 正常均=0.001221641880413069 异常均=0.0008799376600075107 gap_ratio=0.720291006812881
[D-11] 归一化策略=drop 原始变量=25 → 送入网络=10 列 (两边都恒定丢掉=15) | 训练点=2089 验证点=522 训练窗口=197 参数量=1192.5K  alpha_bar[t_start-1]=0.992007  信号残留=99.6%  有效反向步数=50
    [D-11] it      0/6000  loss=1.1146  lr=6.67e-07
    [D-11] it   1000/6000  loss=0.3286  lr=1.87e-04
    [D-11] it   2000/6000  loss=0.0659  lr=1.50e-04
    [D-11] it   3000/6000  loss=0.0385  lr=1.00e-04
    [D-11] it   4000/6000  loss=0.0286  lr=5.00e-05
    [D-11] it   5000/6000  loss=0.0229  lr=1.34e-05
    [D-11] it   5999/6000  loss=0.0213  lr=1.37e-11
    [D-11] 训练完成 127.0s, 末段 loss=0.0211
[D-11] 阈值=0.00141 (μ=0.00029 σ=0.00056, 验证段 μ+ησ（论文式(13)）)  预测异常比例=6.0% (GT=0.8%)
[D-11] 点级 plain P=0.1323 R=0.9672 F1=0.2327 (TP=59 FP=387 FN=2)   PA F1=0.2397
[D-11] 窗级 plain F1=0.4000  PA F1=0.4000  |  oracle 最佳点级 F1=0.3013 @th=0.00229
[D-11] 分离度: 正常均=0.0007381025982498253 异常均=0.005164980777230178 gap_ratio=6.997646112447351
[D-3] 归一化策略=drop 原始变量=25 → 送入网络=20 列 (两边都恒定丢掉=5) | 训练点=2304 验证点=576 训练窗口=218 参数量=1193.8K  alpha_bar[t_start-1]=0.992007  信号残留=99.6%  有效反向步数=50
    [D-3] it      0/6000  loss=1.1331  lr=6.67e-07
    [D-3] it   1000/6000  loss=0.5806  lr=1.87e-04
    [D-3] it   2000/6000  loss=0.2360  lr=1.50e-04
    [D-3] it   3000/6000  loss=0.1529  lr=1.00e-04
    [D-3] it   4000/6000  loss=0.1154  lr=5.00e-05
    [D-3] it   5000/6000  loss=0.0971  lr=1.34e-05
    [D-3] it   5999/6000  loss=0.0902  lr=1.37e-11
    [D-3] 训练完成 144.9s, 末段 loss=0.0889
[D-3] 阈值=0.00428 (μ=0.00102 σ=0.00163, 验证段 μ+ησ（论文式(13)）)  预测异常比例=40.4% (GT=37.9%)
[D-3] 点级 plain P=0.9184 R=0.9789 F1=0.9477 (TP=3207 FP=285 FN=69)   PA F1=0.9583
[D-3] 窗级 plain F1=0.9811  PA F1=1.0000  |  oracle 最佳点级 F1=0.9554 @th=0.00790
[D-3] 分离度: 正常均=0.0014533231541869853 异常均=0.011176995893454555 gap_ratio=7.690647369963059
[E-10] 归一化策略=drop 原始变量=25 → 送入网络=24 列 (两边都恒定丢掉=1) | 训练点=2304 验证点=576 训练窗口=218 参数量=1194.3K  alpha_bar[t_start-1]=0.992007  信号残留=99.6%  有效反向步数=50
    [E-10] it      0/6000  loss=1.1137  lr=6.67e-07
    [E-10] it   1000/6000  loss=0.6390  lr=1.87e-04
    [E-10] it   2000/6000  loss=0.3162  lr=1.50e-04
    [E-10] it   3000/6000  loss=0.2182  lr=1.00e-04
    [E-10] it   4000/6000  loss=0.1673  lr=5.00e-05
    [E-10] it   5000/6000  loss=0.1371  lr=1.34e-05
    [E-10] it   5999/6000  loss=0.1242  lr=1.37e-11
    [E-10] 训练完成 137.3s, 末段 loss=0.1230
[E-10] 阈值=0.00780 (μ=0.00105 σ=0.00338, 验证段 μ+ησ（论文式(13)）)  预测异常比例=2.1% (GT=3.8%)
[E-10] 点级 plain P=0.0773 R=0.0435 F1=0.0557 (TP=14 FP=167 FN=308)   PA F1=0.7941
[E-10] 窗级 plain F1=0.0000  PA F1=0.0000  |  oracle 最佳点级 F1=0.5140 @th=0.00506
[E-10] 分离度: 正常均=0.0013576347886997647 异常均=0.005446407090965839 gap_ratio=4.011687926899676
[E-7] 归一化策略=drop 原始变量=25 → 送入网络=24 列 (两边都恒定丢掉=1) | 训练点=2216 验证点=553 训练窗口=209 参数量=1194.3K  alpha_bar[t_start-1]=0.992007  信号残留=99.6%  有效反向步数=50
    [E-7] it      0/6000  loss=1.1177  lr=6.67e-07
    [E-7] it   1000/6000  loss=0.6526  lr=1.87e-04
    [E-7] it   2000/6000  loss=0.3409  lr=1.50e-04
    [E-7] it   3000/6000  loss=0.2286  lr=1.00e-04
    [E-7] it   4000/6000  loss=0.1697  lr=5.00e-05
    [E-7] it   5000/6000  loss=0.1409  lr=1.34e-05
    [E-7] it   5999/6000  loss=0.1294  lr=1.37e-11
    [E-7] 训练完成 134.6s, 末段 loss=0.1286
[E-7] 阈值=0.00704 (μ=0.00134 σ=0.00285, 验证段 μ+ησ（论文式(13)）)  预测异常比例=1.7% (GT=3.4%)
[E-7] 点级 plain P=0.3916 R=0.1993 F1=0.2642 (TP=56 FP=87 FN=225)   PA F1=0.8659
[E-7] 窗级 plain F1=0.8000  PA F1=1.0000  |  oracle 最佳点级 F1=0.4278 @th=0.00246
[E-7] 分离度: 正常均=0.0012132647266421416 异常均=0.011095590187744673 gap_ratio=9.145234295612529
[M-7] 归一化策略=drop 原始变量=55 → 送入网络=16 列 (两边都恒定丢掉=39) | 训练点=1270 验证点=317 训练窗口=115 参数量=1193.3K  alpha_bar[t_start-1]=0.992007  信号残留=99.6%  有效反向步数=50
    [M-7] it      0/6000  loss=1.1429  lr=6.67e-07
    [M-7] it   1000/6000  loss=0.5281  lr=1.87e-04
    [M-7] it   2000/6000  loss=0.2283  lr=1.50e-04
    [M-7] it   3000/6000  loss=0.1688  lr=1.00e-04
    [M-7] it   4000/6000  loss=0.1405  lr=5.00e-05
    [M-7] it   5000/6000  loss=0.1253  lr=1.34e-05
    [M-7] it   5999/6000  loss=0.1198  lr=1.37e-11
    [M-7] 训练完成 142.4s, 末段 loss=0.1187
[M-7] 阈值=0.00800 (μ=0.00164 σ=0.00318, 验证段 μ+ησ（论文式(13)）)  预测异常比例=4.7% (GT=4.7%)
[M-7] 点级 plain P=0.3922 R=0.3960 F1=0.3941 (TP=40 FP=62 FN=61)   PA F1=0.7652
[M-7] 窗级 plain F1=0.0000  PA F1=0.0000  |  oracle 最佳点级 F1=0.4268 @th=0.00520
[M-7] 分离度: 正常均=0.002181693935283772 异常均=0.007898797565464372 gap_ratio=3.6204883910249213
[R-1] 归一化策略=drop 原始变量=25 → 送入网络=8 列 (两边都恒定丢掉=17) | 训练点=2300 验证点=574 训练窗口=218 参数量=1192.3K  alpha_bar[t_start-1]=0.992007  信号残留=99.6%  有效反向步数=50
    [R-1] it      0/6000  loss=1.1545  lr=6.67e-07
    [R-1] it   1000/6000  loss=0.2756  lr=1.87e-04
    [R-1] it   2000/6000  loss=0.0374  lr=1.50e-04
    [R-1] it   3000/6000  loss=0.0229  lr=1.00e-04
    [R-1] it   4000/6000  loss=0.0173  lr=5.00e-05
    [R-1] it   5000/6000  loss=0.0140  lr=1.34e-05
    [R-1] it   5999/6000  loss=0.0132  lr=1.37e-11
    [R-1] 训练完成 132.1s, 末段 loss=0.0133
[R-1] 阈值=0.00002 (μ=0.00001 σ=0.00001, 验证段 μ+ησ（论文式(13)）)  预测异常比例=11.0% (GT=1.1%)
[R-1] 点级 plain P=0.1019 R=1.0000 F1=0.1849 (TP=81 FP=714 FN=0)   PA F1=0.1849
[R-1] 窗级 plain F1=0.3333  PA F1=0.3333  |  oracle 最佳点级 F1=0.2200 @th=0.00003
[R-1] 分离度: 正常均=0.00019173820900993387 异常均=0.004119412095238344 gap_ratio=21.484565421307963

==========================================================================================
DDTAD 修正版汇总 | t_start=50 score=paper thresh=val iters=6000
汇总：参与评估通道 7 个
  点级   plain  P=65.87  R=80.27  F1=72.36   [宏观 F1=29.81]
  点级   PA     P=70.62  R=100.00  F1=82.78   [宏观 F1=65.90]
  窗口级 plain  F1=76.92   窗口级 PA  F1=80.00
  oracle 上界（阈值扫描，仅诊断）宏观点级 F1=41.16
  论文 DDTAD 参考：SMAP P=92.27 R=91.30 F1=91.78 | MSL P=94.47 R=97.21 F1=95.82（点级+PA）
  [MSL] 通道=  1  plain F1= 39.41  PA P= 61.96 R=100.00 F1= 76.52
  [SMAP] 通道=  6  plain F1= 73.07  PA P= 70.86 R=100.00 F1= 82.95
------------------------------------------------------------------------------------------
方案扫描（所有通道微观汇总，仅诊断；据此确定最终 --score/--smooth）
  score|thresh|eta|smooth           plain P        R       F1 |     PA P        R       F1 |  macroPA
  paper|val|eta2|w0                   65.87    80.27    72.36 |    70.62   100.00    82.78 |    65.90
  paper|val|eta2|w25                  54.13    89.53    67.47 |    55.77    95.68    70.47 |    40.92
  paper|val|eta2|w51                  56.22    91.64    69.68 |    56.97    94.50    71.08 |    41.49
  paper|val|eta2|w9                   53.62    87.63    66.53 |    55.80    95.68    70.49 |    41.94
  zratio_max|val|eta2|w0              58.73    86.40    69.92 |    62.22   100.00    76.71 |    53.78
  zratio_mean|val|eta2|w0             38.78    30.08    33.88 |    67.80   100.00    80.81 |    60.29
  zratio_mean|val|eta2|w25            66.93    90.09    76.80 |    68.25    95.68    79.67 |    56.01
  zself_max|val|eta2|w0               14.04     5.41     7.81 |    74.28    95.68    83.64 |    55.77
==========================================================================================

结果已保存: /mnt/sdb/home/liuqr/Project/20269/ddtad/out/all/shard1/report.txt | results.json | summary.csv
