==========================================================================================
设备=NVIDIA GeForce RTX 4090 (25.3 GB, SM89) 可见卡数=1 CVD=0 | torch=2.6.0+cu124 | 数据根=/mnt/sdb/home/liuqr/Dataset/data/data | 标签=/mnt/sdb/home/liuqr/Dataset/labeled_anomalies.csv
超参: sw=128 train_ss=10 test_ss=128 T=100 t_start=100 sampler=ddpm n_sample=3 iters=0 base=64 score=paper thresh=val eta=2.0 amp=False keep_dead_cols=False
==========================================================================================
通道数: 9 -> ['A-9', 'C-1', 'D-12', 'D-14', 'D-6', 'E-11', 'F-2', 'P-11', 'S-2']
[A-9] 归一化=drop 变量 25→13 列 | 随机20%窗口做验证集(12/64) | 训练窗口=52 迭代=2438(=1500轮epoch) 参数量=3.96M | T=100/linear t_start=100 lr=5e-05 batch=32 ema=0.995
    [A-9] it      0/2438  loss=1.0844  lr=4.13e-07
    [A-9] it   1000/2438  loss=0.4063  lr=3.20e-05
    [A-9] it   2000/2438  loss=0.1421  lr=3.88e-06
    [A-9] it   2437/2438  loss=0.1236  lr=2.08e-11
    [A-9] 训练完成 63.9s, 末段 loss=0.1171
[A-9] ★论文口径(窗口级/固定阈值/不PA) P=0.0000 R=0.0000 F1=0.0000   (窗口=65, 异常窗口=30, 阈值=8.765 [验证段 μ+ησ（论文式(13)）], 预测正例=4.6%)
[A-9]   对比: 窗口级+PA F1=0.0000 | 点级-不PA F1=0.0000 | 点级+PA F1=0.0000 | 窗口级最优阈值 F1=0.5667
[A-9]   分离度(窗口级): 正常均=3.958953671375469 异常均=2.6977619510638737 gap_ratio=0.6814330691893608
[C-1] 归一化=drop 变量 55→18 列 | 随机20%窗口做验证集(40/204) | 训练窗口=164 迭代=7688(=1500轮epoch) 参数量=3.96M | T=100/linear t_start=100 lr=5e-05 batch=32 ema=0.995
    [C-1] it      0/7688  loss=1.1304  lr=1.30e-07
    [C-1] it   1000/7688  loss=0.6029  lr=4.79e-05
    [C-1] it   2000/7688  loss=0.2684  lr=4.21e-05
    [C-1] it   3000/7688  loss=0.1931  lr=3.35e-05
    [C-1] it   4000/7688  loss=0.1626  lr=2.34e-05
    [C-1] it   5000/7688  loss=0.1433  lr=1.36e-05
    [C-1] it   6000/7688  loss=0.1350  lr=5.72e-06
    [C-1] it   7000/7688  loss=0.1289  lr=9.82e-07
    [C-1] it   7687/7688  loss=0.1267  lr=2.09e-12
    [C-1] 训练完成 178.2s, 末段 loss=0.1262
[C-1] ★论文口径(窗口级/固定阈值/不PA) P=0.0000 R=0.0000 F1=0.0000   (窗口=17, 异常窗口=3, 阈值=10.3 [验证段 μ+ησ（论文式(13)）], 预测正例=17.6%)
[C-1]   对比: 窗口级+PA F1=0.0000 | 点级-不PA F1=0.0000 | 点级+PA F1=0.0000 | 窗口级最优阈值 F1=0.4444
[C-1]   分离度(窗口级): 正常均=6.797398123352464 异常均=6.581663372266036 gap_ratio=0.9682621574944579
[D-12] 归一化=drop 变量 25→8 列 | 随机20%窗口做验证集(3/19) | 训练窗口=16 迭代=750(=1500轮epoch) 参数量=3.96M | T=100/linear t_start=100 lr=5e-05 batch=32 ema=0.995
    [D-12] it      0/750  loss=1.1220  lr=1.00e-06
    [D-12] it    749/750  loss=0.2975  lr=2.19e-10
    [D-12] 训练完成 16.2s, 末段 loss=0.1459
[D-12] ★论文口径(窗口级/固定阈值/不PA) P=0.5833 R=0.6667 F1=0.6222   (窗口=61, 异常窗口=21, 阈值=15.18 [验证段 μ+ησ（论文式(13)）], 预测正例=39.3%)
[D-12]   对比: 窗口级+PA F1=0.8077 | 点级-不PA F1=0.6167 | 点级+PA F1=0.8107 | 窗口级最优阈值 F1=0.7059
[D-12]   分离度(窗口级): 正常均=15.658531874875639 异常均=21.161548630882837 gap_ratio=1.351438870513581
[D-14] 归一化=drop 变量 55→34 列 | 随机20%窗口做验证集(71/355) | 训练窗口=284 迭代=13312(=1500轮epoch) 参数量=3.97M | T=100/linear t_start=100 lr=5e-05 batch=32 ema=0.995
    [D-14] it      0/13312  loss=1.1013  lr=7.52e-08
    [D-14] it   1000/13312  loss=0.8041  lr=4.93e-05
    [D-14] it   2000/13312  loss=0.4933  lr=4.73e-05
    [D-14] it   3000/13312  loss=0.3511  lr=4.40e-05
    [D-14] it   4000/13312  loss=0.2718  lr=3.97e-05
    [D-14] it   5000/13312  loss=0.2256  lr=3.45e-05
    [D-14] it   6000/13312  loss=0.1945  lr=2.89e-05
    [D-14] it   7000/13312  loss=0.1726  lr=2.30e-05
    [D-14] it   8000/13312  loss=0.1571  lr=1.72e-05
    [D-14] it   9000/13312  loss=0.1451  lr=1.19e-05
    [D-14] it  10000/13312  loss=0.1365  lr=7.26e-06
    [D-14] it  11000/13312  loss=0.1296  lr=3.63e-06
    [D-14] it  12000/13312  loss=0.1282  lr=1.19e-06
    [D-14] it  13000/13312  loss=0.1251  lr=6.77e-08
    [D-14] it  13311/13312  loss=0.1251  lr=6.96e-13
    [D-14] 训练完成 286.8s, 末段 loss=0.1252
[D-14] ★论文口径(窗口级/固定阈值/不PA) P=0.2727 R=1.0000 F1=0.4286   (窗口=20, 异常窗口=3, 阈值=6.258 [验证段 μ+ησ（论文式(13)）], 预测正例=55.0%)
[D-14]   对比: 窗口级+PA F1=0.4286 | 点级-不PA F1=0.2724 | 点级+PA F1=0.2724 | 窗口级最优阈值 F1=1.0000
[D-14]   分离度(窗口级): 正常均=6.34819519828328 异常均=12.51959909462883 gap_ratio=1.9721509348065511
[D-6] 归一化=drop 变量 25→19 列 | 随机20%窗口做验证集(49/247) | 训练窗口=198 迭代=9281(=1500轮epoch) 参数量=3.96M | T=100/linear t_start=100 lr=5e-05 batch=32 ema=0.995
    [D-6] it      0/9281  loss=1.1495  lr=1.08e-07
    [D-6] it   1000/9281  loss=0.6324  lr=4.86e-05
    [D-6] it   2000/9281  loss=0.2659  lr=4.45e-05
    [D-6] it   3000/9281  loss=0.1778  lr=3.82e-05
    [D-6] it   4000/9281  loss=0.1454  lr=3.04e-05
    [D-6] it   5000/9281  loss=0.1238  lr=2.20e-05
    [D-6] it   6000/9281  loss=0.1110  lr=1.39e-05
    [D-6] it   7000/9281  loss=0.1040  lr=7.09e-06
    [D-6] it   8000/9281  loss=0.0989  lr=2.31e-06
    [D-6] it   9000/9281  loss=0.0971  lr=1.13e-07
    [D-6] it   9280/9281  loss=0.0968  lr=1.43e-12
    [D-6] 训练完成 215.7s, 末段 loss=0.0973
[D-6] ★论文口径(窗口级/固定阈值/不PA) P=0.0000 R=0.0000 F1=0.0000   (窗口=61, 异常窗口=1, 阈值=9.475 [验证段 μ+ησ（论文式(13)）], 预测正例=3.3%)
[D-6]   对比: 窗口级+PA F1=0.0000 | 点级-不PA F1=0.0000 | 点级+PA F1=0.0000 | 窗口级最优阈值 F1=0.1429
[D-6]   分离度(窗口级): 正常均=5.2200702702664055 异常均=7.0559270247723935 gap_ratio=1.3516919618808685
    [显存] 已完成 5 个通道  allocated=0.02G  reserved=0.07G
[E-11] 归一化=drop 变量 25→24 列 | 随机20%窗口做验证集(55/276) | 训练窗口=221 迭代=10359(=1500轮epoch) 参数量=3.96M | T=100/linear t_start=100 lr=5e-05 batch=32 ema=0.995
    [E-11] it      0/10359  loss=1.1199  lr=9.67e-08
    [E-11] it   1000/10359  loss=0.7076  lr=4.89e-05
    [E-11] it   2000/10359  loss=0.3358  lr=4.55e-05
    [E-11] it   3000/10359  loss=0.2179  lr=4.03e-05
    [E-11] it   4000/10359  loss=0.1748  lr=3.38e-05
    [E-11] it   5000/10359  loss=0.1498  lr=2.64e-05
    [E-11] it   6000/10359  loss=0.1334  lr=1.88e-05
    [E-11] it   7000/10359  loss=0.1206  lr=1.19e-05
    [E-11] it   8000/10359  loss=0.1149  lr=6.13e-06
    [E-11] it   9000/10359  loss=0.1107  lr=2.09e-06
    [E-11] it  10000/10359  loss=0.1080  lr=1.48e-07
    [E-11] it  10358/10359  loss=0.1071  lr=1.15e-12
    [E-11] 训练完成 226.6s, 末段 loss=0.1075
[E-11] ★论文口径(窗口级/固定阈值/不PA) P=0.7500 R=0.7500 F1=0.7500   (窗口=66, 异常窗口=4, 阈值=7.05 [验证段 μ+ησ（论文式(13)）], 预测正例=6.1%)
[E-11]   对比: 窗口级+PA F1=0.7500 | 点级-不PA F1=0.6047 | 点级+PA F1=0.6047 | 窗口级最优阈值 F1=0.8571
[E-11]   分离度(窗口级): 正常均=3.9244319628031517 异常均=10.930603593151883 gap_ratio=2.78527024974701
[F-2] 归一化=drop 变量 25→15 列 | 随机20%窗口做验证集(54/274) | 训练窗口=220 迭代=10312(=1500轮epoch) 参数量=3.96M | T=100/linear t_start=100 lr=5e-05 batch=32 ema=0.995
    [F-2] it      0/10312  loss=1.1282  lr=9.71e-08
    [F-2] it   1000/10312  loss=0.5797  lr=4.88e-05
    [F-2] it   2000/10312  loss=0.1917  lr=4.55e-05
    [F-2] it   3000/10312  loss=0.1202  lr=4.03e-05
    [F-2] it   4000/10312  loss=0.0947  lr=3.36e-05
    [F-2] it   5000/10312  loss=0.0804  lr=2.62e-05
    [F-2] it   6000/10312  loss=0.0707  lr=1.86e-05
    [F-2] it   7000/10312  loss=0.0650  lr=1.17e-05
    [F-2] it   8000/10312  loss=0.0600  lr=5.95e-06
    [F-2] it   9000/10312  loss=0.0569  lr=1.97e-06
    [F-2] it  10000/10312  loss=0.0555  lr=1.13e-07
    [F-2] it  10311/10312  loss=0.0553  lr=1.16e-12
    [F-2] 训练完成 220.8s, 末段 loss=0.0565
[F-2] ★论文口径(窗口级/固定阈值/不PA) P=0.0000 R=0.0000 F1=0.0000   (窗口=67, 异常窗口=23, 阈值=7.772 [验证段 μ+ησ（论文式(13)）], 预测正例=1.5%)
[F-2]   对比: 窗口级+PA F1=0.0000 | 点级-不PA F1=0.0000 | 点级+PA F1=0.0000 | 窗口级最优阈值 F1=0.7391
[F-2]   分离度(窗口级): 正常均=1.0333288037169464 异常均=0.8095449730228118 gap_ratio=0.7834340532372943
[P-11] 归一化=drop 变量 55→16 列 | 随机20%窗口做验证集(77/385) | 训练窗口=308 迭代=14438(=1500轮epoch) 参数量=3.96M | T=100/linear t_start=100 lr=5e-05 batch=32 ema=0.995
    [P-11] it      0/14438  loss=1.1432  lr=6.93e-08
    [P-11] it   1000/14438  loss=0.6259  lr=4.94e-05
    [P-11] it   2000/14438  loss=0.2328  lr=4.77e-05
    [P-11] it   3000/14438  loss=0.1515  lr=4.49e-05
    [P-11] it   4000/14438  loss=0.1204  lr=4.11e-05
    [P-11] it   5000/14438  loss=0.1049  lr=3.66e-05
    [P-11] it   6000/14438  loss=0.0928  lr=3.16e-05
    [P-11] it   7000/14438  loss=0.0858  lr=2.62e-05
    [P-11] it   8000/14438  loss=0.0795  lr=2.08e-05
    [P-11] it   9000/14438  loss=0.0745  lr=1.56e-05
    [P-11] it  10000/14438  loss=0.0710  lr=1.08e-05
    [P-11] it  11000/14438  loss=0.0690  lr=6.68e-06
    [P-11] it  12000/14438  loss=0.0667  lr=3.44e-06
    [P-11] it  13000/14438  loss=0.0658  lr=1.21e-06
    [P-11] it  14000/14438  loss=0.0652  lr=1.13e-07
    [P-11] it  14437/14438  loss=0.0653  lr=5.92e-13
    [P-11] 训练完成 335.4s, 末段 loss=0.0639
[P-11] ★论文口径(窗口级/固定阈值/不PA) P=1.0000 R=0.2500 F1=0.4000   (窗口=27, 异常窗口=4, 阈值=6.331 [验证段 μ+ησ（论文式(13)）], 预测正例=3.7%)
[P-11]   对比: 窗口级+PA F1=0.6667 | 点级-不PA F1=0.2360 | 点级+PA F1=0.5083 | 窗口级最优阈值 F1=0.4000
[P-11]   分离度(窗口级): 正常均=2.694980079426107 异常均=4.304865906871317 gap_ratio=1.597364648345762
[S-2] 归一化=drop 变量 55→14 列 | 随机20%窗口做验证集(16/80) | 训练窗口=64 迭代=3000(=1500轮epoch) 参数量=3.96M | T=100/linear t_start=100 lr=5e-05 batch=32 ema=0.995
    [S-2] it      0/3000  loss=1.1298  lr=3.33e-07
    [S-2] it   1000/3000  loss=0.5198  lr=3.75e-05
    [S-2] it   2000/3000  loss=0.2841  lr=1.25e-05
    [S-2] it   2999/3000  loss=0.2486  lr=1.37e-11
    [S-2] 训练完成 72.5s, 末段 loss=0.2464
[S-2] ★论文口径(窗口级/固定阈值/不PA) P=0.1429 R=1.0000 F1=0.2500   (窗口=14, 异常窗口=1, 阈值=20.28 [验证段 μ+ησ（论文式(13)）], 预测正例=50.0%)
[S-2]   对比: 窗口级+PA F1=0.2500 | 点级-不PA F1=0.0243 | 点级+PA F1=0.0243 | 窗口级最优阈值 F1=1.0000
[S-2]   分离度(窗口级): 正常均=20.150241337653295 异常均=22.560333230186423 gap_ratio=1.119606105562099

==========================================================================================
DDTAD 修正版汇总 | t_start=100 score=paper thresh=val iters=0
汇总：参与评估 9 个 (通道×轮次) 样本

★ 主指标 = 论文口径：窗口级 + 验证段固定阈值 + 不做 point-adjust（论文 §II.A/式(12)(13)(16)）
  窗口级 不PA   P=39.29  R=24.44  F1=30.14   [宏观 F1=27.23]
    [MSL] 通道=  4×1轮  P= 22.73 R= 45.45 F1= 30.30
    [SMAP] 通道=  5×1轮  P= 50.00 R= 21.52 F1= 30.09
  论文 DDTAD: SMAP P=92.27 R=91.30 F1=91.78 | MSL P=94.47 R=97.21 F1=95.82

参考口径（非论文口径，仅供诊断）：
  窗口级 +PA    P=46.88  R=33.33  F1=38.96
  点级   不PA   P=32.24  R=21.58  F1=25.85
  点级   +PA    P=40.63  R=31.03  F1=35.19
  窗口级最优阈值（天花板，宏观点级口径参考）宏观点级 F1=65.07
------------------------------------------------------------------------------------------
有效加噪步数 t_start 对照（同一批模型，只是加噪/反向步数不同；论文是 T=100 全链）
   t_start  alpha_bar      信号残留% |     窗口P     窗口R     窗口F1 |    窗口+PA     最优阈值 |       正常均       异常均     gap
         5     0.9975       99.9 |   26.51   48.89    34.38 |    44.12    67.28 |    0.1763    0.3012   1.709
        10     0.9900       99.5 |   22.67   37.78    28.33 |    45.11    64.78 |    0.5024    0.9586   1.908
        20     0.9606       98.0 |   23.91   36.67    28.95 |    31.90    66.94 |    1.2256    2.3288   1.900
        35     0.8839       94.0 |   23.68   30.00    26.47 |    31.43    60.28 |    2.3251    3.9154   1.684
        50     0.7772       88.2 |   25.00   27.78    26.32 |    30.77    61.59 |    3.3877    5.2425   1.548
       100     0.3636       60.3 |   39.29   24.44    30.14 |    38.96    65.07 |    7.3096    9.8469   1.347  ← 论文 T=100
------------------------------------------------------------------------------------------
★ t_start × 打分方式 交叉排行榜（按论文口径【窗口级 F1】排序，前 20）
  t_start|score               winP    winR    winF1 |  winPAF1      最优阈值     gap   pred%
  5|zratio_max               48.21   30.00    36.99 |    41.33     61.41   1.604   20.9% ★
  10|zratio_mean             50.98   28.89    36.88 |    40.28     59.31   1.571   16.3%
  10|zratio_max              50.98   28.89    36.88 |    41.38     56.74   1.630   19.0%
  10|zratio_top3             52.08   27.78    36.23 |    40.85     56.25   1.587   15.9%
  5|zratio_top3              44.83   28.89    35.14 |    40.52     61.96   1.547   19.6%
  20|zratio_top3             54.76   25.56    34.85 |    43.17     58.57   1.538   14.0%
  5|paper                    26.51   48.89    34.38 |    44.12     67.28   1.703   53.5%
  35|zratio_top3             56.41   24.44    34.11 |    42.65     56.64   1.459   12.6%
  5|zratio_mean              40.98   27.78    33.11 |    37.42     63.05   1.487   18.1%
  20|zratio_max              46.00   25.56    32.86 |    40.82     56.30   1.587   19.6%
  20|zratio_mean             53.85   23.33    32.56 |    41.18     58.28   1.539   11.8%
  35|zratio_mean             60.61   22.22    32.52 |    42.75     55.58   1.439    9.0%
  35|zratio_max              47.83   24.44    32.35 |    40.56     53.11   1.523   17.7%
  50|zratio_top3             58.82   22.22    32.26 |    44.78     59.24   1.405   11.7%
  5|zval_max                 23.16   48.89    31.43 |    40.54     64.72   2.415   58.5%
  50|zratio_mean             62.07   20.00    30.25 |    44.62     57.76   1.378    8.6%
  5|zself_mean               26.23   35.56    30.19 |    32.56     68.78   1.696   40.3%
  100|paper                  39.29   24.44    30.14 |    38.96     65.07   1.401   20.1%
  50|zratio_max              46.51   22.22    30.08 |    41.96     51.68   1.465   18.1%
  35|zself_mean              29.67   30.00    29.83 |    36.17     61.19   1.639   33.9%
  （论文设置 100|paper: 窗口级 F1=30.14, 排名 18/42）
------------------------------------------------------------------------------------------
评测口径对照：同一批重构，只换『判定单元 / 阈值来源 / 是否 point-adjust』
  口径                                        P        R       F1
  论文口径-窗口级-固定阈值-不PA                     39.29    24.44    30.14
  论文口径-窗口级-固定阈值-加PA                     46.88    33.33    38.96
  论文口径-窗口级-最优阈值-不PA                     55.65    71.11    62.44
  论文口径-窗口级-最优阈值-加PA                     72.13    97.78    83.02
  点级-固定阈值-不PA                           32.24    21.58    25.85
  点级-固定阈值-加PA                           40.63    31.03    35.19
    [MSL] 论文口径-窗口级-固定阈值-不PA               22.73    45.45    30.30
    [MSL] 论文口径-窗口级-固定阈值-加PA               26.09    54.55    35.29
    [MSL] 论文口径-窗口级-最优阈值-不PA               50.00    72.73    59.26
    [MSL] 论文口径-窗口级-最优阈值-加PA               55.56    90.91    68.97
    [MSL] 点级-固定阈值-不PA                      9.77    35.58    15.32
    [MSL] 点级-固定阈值-加PA                     11.80    43.98    18.61
    [SMAP] 论文口径-窗口级-固定阈值-不PA               50.00    21.52    30.09
    [SMAP] 论文口径-窗口级-固定阈值-加PA               58.54    30.38    40.00
    [SMAP] 论文口径-窗口级-最优阈值-不PA               56.57    70.89    62.92
    [SMAP] 论文口径-窗口级-最优阈值-加PA               75.00    98.73    85.25
    [SMAP] 点级-固定阈值-不PA                     46.78    20.49    28.50
    [SMAP] 点级-固定阈值-加PA                     56.30    30.03    39.17
  论文 DDTAD: SMAP P=92.27 R=91.30 F1=91.78 | MSL P=94.47 R=97.21 F1=95.82
------------------------------------------------------------------------------------------
方案扫描：共 322 种组合（同一批重构，评估免费；评估单元都是**窗口**）

  ★按【窗口级 F1（论文口径：窗口判定 + 不 PA）】排序 —— 前 25 名
    score|thresh|eta|smooth           winP    winR    winF1 |  winPAP  winPAR  winPAF1 |   pred%
    paper|q20|1.5|w0                 39.51   35.56    37.43 |   63.70   95.56    76.44 |   20.8% ★
    zratio_max|q20|1.5|w0            39.51   35.56    37.43 |   63.43   94.44    75.89 |   20.8%
    zratio_max|q20|1.5|w9            39.51   35.56    37.43 |   63.43   94.44    75.89 |   20.8%
    paper|q20|1.5|w9                 38.27   34.44    36.26 |   63.24   95.56    76.11 |   20.8%
    zratio_top3|q20|1.5|w0           38.27   34.44    36.26 |   63.24   95.56    76.11 |   20.8%
    zratio_top3|q20|1.5|w9           38.27   34.44    36.26 |   63.24   95.56    76.11 |   20.8%
    zratio_max|test_robust|1.5|w0    46.43   28.89    35.62 |   73.21   91.11    81.19 |   15.7%
    zratio_mean|q20|1.5|w0           37.04   33.33    35.09 |   62.77   95.56    75.77 |   20.8%
    zval_max|test_robust|1.5|w0      38.36   31.11    34.36 |   65.65   95.56    77.83 |   18.6%
    zratio_max|test_robust|1.5|w9    44.64   27.78    34.25 |   72.57   91.11    80.79 |   15.7%
    zratio_mean|q20|1.5|w9           35.80   32.22    33.92 |   62.32   95.56    75.44 |   20.8%
    zratio_mean|test_robust|1.5|w0   43.10   27.78    33.78 |   71.79   93.33    81.16 |   15.0%
    zratio_mean|test_robust|1.5|w9   43.10   27.78    33.78 |   72.03   94.44    81.73 |   15.6%
    paper|val_robust|4|w9            39.39   28.89    33.33 |   41.18   31.11    35.44 |   21.4%
    zratio_max|test_robust|2|w0      56.76   23.33    33.07 |   83.67   91.11    87.23 |    9.7%
    paper|val_robust|6|w9            50.00   24.44    32.84 |   55.10   30.00    38.85 |   10.9%
    zval_max|q20|1.5|w9              34.57   31.11    32.75 |   62.41   97.78    76.19 |   20.8%
    paper|test_robust|1.5|w9         39.68   27.78    32.68 |   68.33   91.11    78.10 |   15.5%
    zratio_max|test_robust|2|w9      53.85   23.33    32.56 |   82.00   91.11    86.32 |   10.1%
    paper|val_robust|3|w9            35.53   30.00    32.53 |   51.00   56.67    53.68 |   27.1%
    paper|val_robust|4|w0            41.38   26.67    32.43 |   45.16   31.11    36.84 |   18.9%
    zval_max|test_robust|1.5|w9      36.11   28.89    32.10 |   54.90   62.22    58.33 |   18.1%
    paper|val|4|w0                   78.26   20.00    31.86 |   84.38   30.00    44.26 |    5.6%
    paper|val|4|w9                   78.26   20.00    31.86 |   84.38   30.00    44.26 |    5.6%
    zratio_top3|test_robust|2|w9     50.00   23.33    31.82 |   79.61   91.11    84.97 |   11.8%

  按【窗口级 +PA F1】排序（参考，论文没用 PA） —— 前 25 名
    score|thresh|eta|smooth           winP    winR    winF1 |  winPAP  winPAR  winPAF1 |   pred%
    zratio_max|test_robust|2|w0      56.76   23.33    33.07 |   83.67   91.11    87.23 |    9.7% ★
    zratio_max|test_robust|2|w9      53.85   23.33    32.56 |   82.00   91.11    86.32 |   10.1%
    zratio_top3|test_robust|2|w9     50.00   23.33    31.82 |   79.61   91.11    84.97 |   11.8%
    zratio_top3|q10|1.5|w9           38.10   17.78    24.24 |   75.93   91.11    82.83 |   11.0%
    zratio_max|q10|1.5|w0            40.48   18.89    25.76 |   76.42   90.00    82.65 |   11.0%
    zratio_mean|q10|1.5|w9           35.71   16.67    22.73 |   75.23   91.11    82.41 |   11.0%
    zratio_max|q10|1.5|w9            38.10   17.78    24.24 |   75.70   90.00    82.23 |   11.0%
    zratio_mean|test_robust|1.5|w9   43.10   27.78    33.78 |   72.03   94.44    81.73 |   15.6%
    zratio_top3|q10|1.5|w0           33.33   15.56    21.21 |   74.31   90.00    81.41 |   11.0%
    paper|test_robust|2|w9           41.18   23.33    29.79 |   73.21   91.11    81.19 |   12.6%
    zratio_max|test_robust|1.5|w0    46.43   28.89    35.62 |   73.21   91.11    81.19 |   15.7%
    zratio_mean|test_robust|1.5|w0   43.10   27.78    33.78 |   71.79   93.33    81.16 |   15.0%
    zratio_max|test_robust|1.5|w9    44.64   27.78    34.25 |   72.57   91.11    80.79 |   15.7%
    zratio_top3|test_robust|1.5|w0   40.35   25.56    31.29 |   70.69   91.11    79.61 |   16.7%
    zratio_top3|test_robust|1.5|w9   40.35   25.56    31.29 |   70.69   91.11    79.61 |   16.7%
    paper|test_robust|1.5|w9         39.68   27.78    32.68 |   68.33   91.11    78.10 |   15.5%
    zval_max|test_robust|1.5|w0      38.36   31.11    34.36 |   65.65   95.56    77.83 |   18.6%
    paper|test_robust|1.5|w0         36.92   26.67    30.97 |   66.67   91.11    77.00 |   15.8%
    paper|q20|1.5|w0                 39.51   35.56    37.43 |   63.70   95.56    76.44 |   20.8%
    zval_max|q20|1.5|w9              34.57   31.11    32.75 |   62.41   97.78    76.19 |   20.8%
    paper|q20|1.5|w9                 38.27   34.44    36.26 |   63.24   95.56    76.11 |   20.8%
    zratio_top3|q20|1.5|w0           38.27   34.44    36.26 |   63.24   95.56    76.11 |   20.8%
    zratio_top3|q20|1.5|w9           38.27   34.44    36.26 |   63.24   95.56    76.11 |   20.8%
    zratio_max|q20|1.5|w0            39.51   35.56    37.43 |   63.43   94.44    75.89 |   20.8%
    zratio_max|q20|1.5|w9            39.51   35.56    37.43 |   63.43   94.44    75.89 |   20.8%

  论文原始配置 paper|val|2|w0: 窗口级 F1=30.14 (排名 43/322)  窗口级+PA F1=38.96

  ★ 最优（PA）: zratio_max|test_robust|2|w0  ->  PA P=83.67 R=91.11 F1=87.23   plain F1=33.07
==========================================================================================

结果已保存: /mnt/sdb/home/liuqr/Project/20269/ddtad/out/all/shard5/report.txt | results.json | summary.csv
