==========================================================================================
设备=NVIDIA GeForce RTX 4090 (25.3 GB, SM89) 可见卡数=1 | torch=2.6.0+cu124 | 数据根=/mnt/sdb/home/liuqr/Dataset/data/data | 标签=/mnt/sdb/home/liuqr/Dataset/labeled_anomalies.csv
超参: sw=128 train_ss=10 test_ss=16 T=1000 t_start=50 sampler=ddim n_sample=3 iters=6000 base=32 score=paper thresh=val eta=2.0 amp=False keep_dead_cols=False
==========================================================================================
通道数: 8 -> ['A-5', 'D-15', 'D-5', 'E-4', 'E-8', 'P-7', 'T-1', 'T-13']
[A-5] 归一化策略=drop 原始变量=25 → 送入网络=11 列 (两边都恒定丢掉=14) | 训练点=564 验证点=141 训练窗口=44 参数量=1192.7K  alpha_bar[t_start-1]=0.992007  信号残留=99.6%  有效反向步数=50
    [A-5] it      0/6000  loss=1.1279  lr=6.67e-07
    [A-5] it   1000/6000  loss=0.3849  lr=1.87e-04
    [A-5] it   2000/6000  loss=0.0926  lr=1.50e-04
    [A-5] it   3000/6000  loss=0.0579  lr=1.00e-04
    [A-5] it   4000/6000  loss=0.0440  lr=5.00e-05
    [A-5] it   5000/6000  loss=0.0366  lr=1.34e-05
    [A-5] it   5999/6000  loss=0.0339  lr=1.37e-11
    [A-5] 训练完成 157.1s, 末段 loss=0.0333
[A-5] 阈值=0.01928 (μ=0.00158 σ=0.00885, 验证段 μ+ησ（论文式(13)）)  预测异常比例=10.2% (GT=1.1%)
[A-5] 点级 plain P=0.0439 R=0.4118 F1=0.0794 (TP=21 FP=457 FN=30)   PA F1=0.1825
[A-5] 窗级 plain F1=0.0000  PA F1=0.0000  |  oracle 最佳点级 F1=0.1765 @th=0.03701
[A-5] 分离度: 正常均=0.008046692154216127 异常均=0.018284370578200218 gap_ratio=2.2722840923670704
[D-15] 归一化策略=drop 原始变量=55 → 送入网络=16 列 (两边都恒定丢掉=39) | 训练点=1660 验证点=414 训练窗口=154 参数量=1193.3K  alpha_bar[t_start-1]=0.992007  信号残留=99.6%  有效反向步数=50
    [D-15] it      0/6000  loss=1.1270  lr=6.67e-07
    [D-15] it   1000/6000  loss=0.5017  lr=1.87e-04
    [D-15] it   2000/6000  loss=0.1968  lr=1.50e-04
    [D-15] it   3000/6000  loss=0.1408  lr=1.00e-04
    [D-15] it   4000/6000  loss=0.1144  lr=5.00e-05
    [D-15] it   5000/6000  loss=0.1007  lr=1.34e-05
    [D-15] it   5999/6000  loss=0.0962  lr=1.37e-11
    [D-15] 训练完成 150.7s, 末段 loss=0.0959
[D-15] 阈值=0.00562 (μ=0.00127 σ=0.00218, 验证段 μ+ησ（论文式(13)）)  预测异常比例=2.5% (GT=29.7%)
[D-15] 点级 plain P=0.4906 R=0.0406 F1=0.0749 (TP=26 FP=27 FN=615)   PA F1=0.9794
[D-15] 窗级 plain F1=0.0000  PA F1=0.0000  |  oracle 最佳点级 F1=0.4605 @th=0.00092
[D-15] 分离度: 正常均=0.0013971349534414555 异常均=0.0021313930503945974 gap_ratio=1.525545578216693
[D-5] 归一化策略=drop 原始变量=25 → 送入网络=19 列 (两边都恒定丢掉=6) | 训练点=2049 验证点=512 训练窗口=193 参数量=1193.7K  alpha_bar[t_start-1]=0.992007  信号残留=99.6%  有效反向步数=50
    [D-5] it      0/6000  loss=1.1416  lr=6.67e-07
    [D-5] it   1000/6000  loss=0.5611  lr=1.87e-04
    [D-5] it   2000/6000  loss=0.2226  lr=1.50e-04
    [D-5] it   3000/6000  loss=0.1468  lr=1.00e-04
    [D-5] it   4000/6000  loss=0.1120  lr=5.00e-05
    [D-5] it   5000/6000  loss=0.0950  lr=1.34e-05
    [D-5] it   5999/6000  loss=0.0885  lr=1.37e-11
    [D-5] 训练完成 152.5s, 末段 loss=0.0877
[D-5] 阈值=0.00520 (μ=0.00114 σ=0.00203, 验证段 μ+ησ（论文式(13)）)  预测异常比例=99.8% (GT=0.7%)
[D-5] 点级 plain P=0.0067 R=1.0000 F1=0.0133 (TP=51 FP=7565 FN=0)   PA F1=0.0133
[D-5] 窗级 plain F1=0.0333  PA F1=0.0333  |  oracle 最佳点级 F1=0.0311 @th=0.01798
[D-5] 分离度: 正常均=0.01576979445730329 异常均=0.015547456687866175 gap_ratio=0.9859010356768382
[E-4] 归一化策略=drop 原始变量=25 → 送入网络=24 列 (两边都恒定丢掉=1) | 训练点=2304 验证点=576 训练窗口=218 参数量=1194.3K  alpha_bar[t_start-1]=0.992007  信号残留=99.6%  有效反向步数=50
    [E-4] it      0/6000  loss=1.1249  lr=6.67e-07
    [E-4] it   1000/6000  loss=0.6351  lr=1.87e-04
    [E-4] it   2000/6000  loss=0.3162  lr=1.50e-04
    [E-4] it   3000/6000  loss=0.2108  lr=1.00e-04
    [E-4] it   4000/6000  loss=0.1571  lr=5.00e-05
    [E-4] it   5000/6000  loss=0.1309  lr=1.34e-05
    [E-4] it   5999/6000  loss=0.1206  lr=1.37e-11
    [E-4] 训练完成 147.6s, 末段 loss=0.1197
[E-4] 阈值=0.00615 (μ=0.00109 σ=0.00253, 验证段 μ+ησ（论文式(13)）)  预测异常比例=3.4% (GT=33.7%)
[E-4] 点级 plain P=0.5901 R=0.0594 F1=0.1079 (TP=167 FP=116 FN=2645)   PA F1=0.9798
[E-4] 窗级 plain F1=0.0000  PA F1=0.0000  |  oracle 最佳点级 F1=0.3330 @th=0.00074
[E-4] 分离度: 正常均=0.0013526797210438274 异常均=0.0014335285782169482 gap_ratio=1.059769401370734
[E-8] 归一化策略=drop 原始变量=25 → 送入网络=24 列 (两边都恒定丢掉=1) | 训练点=2304 验证点=576 训练窗口=218 参数量=1194.3K  alpha_bar[t_start-1]=0.992007  信号残留=99.6%  有效反向步数=50
    [E-8] it      0/6000  loss=1.1219  lr=6.67e-07
    [E-8] it   1000/6000  loss=0.6324  lr=1.87e-04
    [E-8] it   2000/6000  loss=0.3082  lr=1.50e-04
    [E-8] it   3000/6000  loss=0.2011  lr=1.00e-04
    [E-8] it   4000/6000  loss=0.1517  lr=5.00e-05
    [E-8] it   5000/6000  loss=0.1256  lr=1.34e-05
    [E-8] it   5999/6000  loss=0.1147  lr=1.37e-11
    [E-8] 训练完成 141.8s, 末段 loss=0.1141
[E-8] 阈值=0.00657 (μ=0.00110 σ=0.00274, 验证段 μ+ησ（论文式(13)）)  预测异常比例=1.4% (GT=7.3%)
[E-8] 点级 plain P=0.0593 R=0.0112 F1=0.0189 (TP=7 FP=111 FN=616)   PA F1=0.9182
[E-8] 窗级 plain F1=0.0000  PA F1=0.0000  |  oracle 最佳点级 F1=0.2214 @th=0.00130
[E-8] 分离度: 正常均=0.0012581271364744883 异常均=0.0017040700489903387 gap_ratio=1.3544498004911232
[P-7] 归一化策略=drop 原始变量=25 → 送入网络=8 列 (两边都恒定丢掉=17) | 训练点=2283 验证点=570 训练窗口=216 参数量=1192.3K  alpha_bar[t_start-1]=0.992007  信号残留=99.6%  有效反向步数=50
    [P-7] it      0/6000  loss=1.1478  lr=6.67e-07
    [P-7] it   1000/6000  loss=0.2800  lr=1.87e-04
    [P-7] it   2000/6000  loss=0.0482  lr=1.50e-04
    [P-7] it   3000/6000  loss=0.0313  lr=1.00e-04
    [P-7] it   4000/6000  loss=0.0248  lr=5.00e-05
    [P-7] it   5000/6000  loss=0.0217  lr=1.34e-05
    [P-7] it   5999/6000  loss=0.0207  lr=1.37e-11
    [P-7] 训练完成 136.4s, 末段 loss=0.0203
[P-7] 阈值=0.00254 (μ=0.00020 σ=0.00117, 验证段 μ+ησ（论文式(13)）)  预测异常比例=4.4% (GT=20.5%)
[P-7] 点级 plain P=0.5852 R=0.1248 F1=0.2057 (TP=206 FP=146 FN=1445)   PA F1=0.9577
[P-7] 窗级 plain F1=0.0000  PA F1=0.0000  |  oracle 最佳点级 F1=0.4874 @th=0.00027
[P-7] 分离度: 正常均=0.0004485145804233733 异常均=0.0010478428543831888 gap_ratio=2.3362514846096696
[T-1] 归一化策略=drop 原始变量=25 → 送入网络=15 列 (两边都恒定丢掉=10) | 训练点=2300 验证点=575 训练窗口=218 参数量=1193.2K  alpha_bar[t_start-1]=0.992007  信号残留=99.6%  有效反向步数=50
    [T-1] it      0/6000  loss=1.1404  lr=6.67e-07
    [T-1] it   1000/6000  loss=0.4748  lr=1.87e-04
    [T-1] it   2000/6000  loss=0.1291  lr=1.50e-04
    [T-1] it   3000/6000  loss=0.0703  lr=1.00e-04
    [T-1] it   4000/6000  loss=0.0465  lr=5.00e-05
    [T-1] it   5000/6000  loss=0.0354  lr=1.34e-05
    [T-1] it   5999/6000  loss=0.0310  lr=1.37e-11
    [T-1] 训练完成 137.5s, 末段 loss=0.0306
[T-1] 阈值=0.00042 (μ=0.00012 σ=0.00015, 验证段 μ+ησ（论文式(13)）)  预测异常比例=11.1% (GT=17.8%)
[T-1] 点级 plain P=0.0888 R=0.0553 F1=0.0682 (TP=85 FP=872 FN=1451)   PA F1=0.7789
[T-1] 窗级 plain F1=0.1053  PA F1=0.1053  |  oracle 最佳点级 F1=0.0780 @th=0.00035
[T-1] 分离度: 正常均=0.001076640718274081 异常均=0.00017617269162685997 gap_ratio=0.16363183059737443
[T-13] 归一化策略=drop 原始变量=55 → 送入网络=15 列 (两边都恒定丢掉=40) | 训练点=916 验证点=229 训练窗口=79 参数量=1193.2K  alpha_bar[t_start-1]=0.992007  信号残留=99.6%  有效反向步数=50
    [T-13] it      0/6000  loss=1.1281  lr=6.67e-07
    [T-13] it   1000/6000  loss=0.4678  lr=1.87e-04
    [T-13] it   2000/6000  loss=0.1383  lr=1.50e-04
    [T-13] it   3000/6000  loss=0.0854  lr=1.00e-04
    [T-13] it   4000/6000  loss=0.0617  lr=5.00e-05
    [T-13] it   5000/6000  loss=0.0507  lr=1.34e-05
    [T-13] it   5999/6000  loss=0.0472  lr=1.37e-11
    [T-13] 训练完成 147.7s, 末段 loss=0.0470
[T-13] 阈值=0.01459 (μ=0.00167 σ=0.00646, 验证段 μ+ησ（论文式(13)）)  预测异常比例=2.3% (GT=10.4%)
[T-13] 点级 plain P=0.3036 R=0.0675 F1=0.1104 (TP=17 FP=39 FN=235)   PA F1=0.9282
[T-13] 窗级 plain F1=0.0000  PA F1=0.0000  |  oracle 最佳点级 F1=0.3469 @th=0.00057
[T-13] 分离度: 正常均=0.0015071711487299791 异常均=0.003440098981205586 gap_ratio=2.282487283613671

==========================================================================================
DDTAD 修正版汇总 | t_start=50 score=paper thresh=val iters=6000
汇总：参与评估通道 8 个
  点级   plain  P=5.85  R=7.61  F1=6.62   [宏观 F1=8.48]
  点级   PA     P=44.94  R=100.00  F1=62.01   [宏观 F1=71.72]
  窗口级 plain  F1=2.96   窗口级 PA  F1=2.96
  oracle 上界（阈值扫描，仅诊断）宏观点级 F1=26.68
  论文 DDTAD 参考：SMAP P=92.27 R=91.30 F1=91.78 | MSL P=94.47 R=97.21 F1=95.82（点级+PA）
  [MSL] 通道=  2  plain F1=  8.58  PA P= 93.12 R=100.00 F1= 96.44
  [SMAP] 通道=  6  plain F1=  6.50  PA P= 42.05 R=100.00 F1= 59.20
------------------------------------------------------------------------------------------
方案扫描（所有通道微观汇总，仅诊断；据此确定最终 --score/--smooth）
  score|thresh|eta|smooth           plain P        R       F1 |     PA P        R       F1 |  macroPA
  paper|val|eta2|w0                    5.85     7.61     6.62 |    44.94   100.00    62.01 |    71.72
  paper|val|eta2|w25                  12.79    30.66    18.05 |    32.37   100.00    48.90 |    56.63
  paper|val|eta2|w51                   9.80    29.81    14.75 |    26.70   100.00    42.15 |    53.08
  paper|val|eta2|w9                   11.74    19.29    14.59 |    40.82   100.00    57.97 |    67.70
  zratio_max|val|eta2|w0              18.74     8.73    11.91 |    72.40    99.33    83.75 |    66.11
  zratio_mean|val|eta2|w0             14.41     3.81     6.02 |    81.45    99.33    89.51 |    77.86
  zratio_mean|val|eta2|w25             7.11     3.65     4.82 |    59.06    68.77    63.54 |    39.59
  zself_max|val|eta2|w0                8.05     1.23     2.14 |    87.51    98.66    92.75 |    69.89
==========================================================================================

结果已保存: /mnt/sdb/home/liuqr/Project/20269/ddtad/out/all/shard7/report.txt | results.json | summary.csv
