==========================================================================================
设备=NVIDIA GeForce RTX 4090 (25.3 GB, SM89) 可见卡数=1 CVD=1 | torch=2.6.0+cu124 | 数据根=/mnt/sdb/home/liuqr/Dataset/data/data | 标签=/mnt/sdb/home/liuqr/Dataset/labeled_anomalies.csv
超参: sw=128 train_ss=10 test_ss=128 T=100 t_start=100 sampler=ddpm n_sample=3 iters=0 base=64 score=paper thresh=val eta=2.0 amp=False keep_dead_cols=False
==========================================================================================
通道数: 8 -> ['B-1', 'C-2', 'E-1', 'F-3', 'F-7', 'G-4', 'M-5', 'T-2']
[B-1] 归一化=drop 变量 25→14 列 | 随机20%窗口做验证集(46/231) | 训练窗口=185 迭代=8672(=1500轮epoch) 参数量=3.96M | T=100/linear t_start=100 lr=5e-05 batch=32 ema=0.995
    [B-1] it      0/8672  loss=1.0843  lr=1.15e-07
    [B-1] it   1000/8672  loss=0.5086  lr=4.84e-05
    [B-1] it   2000/8672  loss=0.1433  lr=4.37e-05
    [B-1] it   3000/8672  loss=0.0862  lr=3.66e-05
    [B-1] it   4000/8672  loss=0.0649  lr=2.80e-05
    [B-1] it   5000/8672  loss=0.0540  lr=1.90e-05
    [B-1] it   6000/8672  loss=0.0448  lr=1.08e-05
    [B-1] it   7000/8672  loss=0.0402  lr=4.45e-06
    [B-1] it   8000/8672  loss=0.0373  lr=7.37e-07
    [B-1] it   8671/8672  loss=0.0370  lr=1.64e-12
    [B-1] 训练完成 219.6s, 末段 loss=0.0362
[B-1] ★论文口径(窗口级/固定阈值/不PA) P=0.0741 R=1.0000 F1=0.1379   (窗口=62, 异常窗口=2, 阈值=4.085 [验证段 μ+ησ（论文式(13)）], 预测正例=43.5%)
[B-1]   对比: 窗口级+PA F1=0.1379 | 点级-不PA F1=0.0403 | 点级+PA F1=0.0403 | 窗口级最优阈值 F1=0.1600
[B-1]   分离度(窗口级): 正常均=13.144703585265564 异常均=24.196668916985672 gap_ratio=1.8407922826124972
[C-2] 归一化=drop 变量 55→14 列 | 随机20%窗口做验证集(12/64) | 训练窗口=52 迭代=2438(=1500轮epoch) 参数量=3.96M | T=100/linear t_start=100 lr=5e-05 batch=32 ema=0.995
    [C-2] it      0/2438  loss=1.1090  lr=4.13e-07
    [C-2] it   1000/2438  loss=0.4883  lr=3.20e-05
    [C-2] it   2000/2438  loss=0.2579  lr=3.88e-06
    [C-2] it   2437/2438  loss=0.2415  lr=2.08e-11
    [C-2] 训练完成 52.5s, 末段 loss=0.2339
[C-2] ★论文口径(窗口级/固定阈值/不PA) P=0.3333 R=0.6667 F1=0.4444   (窗口=16, 异常窗口=3, 阈值=17.55 [验证段 μ+ησ（论文式(13)）], 预测正例=37.5%)
[C-2]   对比: 窗口级+PA F1=0.4444 | 点级-不PA F1=0.2232 | 点级+PA F1=0.2232 | 窗口级最优阈值 F1=0.8000
[C-2]   分离度(窗口级): 正常均=15.512077879849398 异常均=20.03609893367446 gap_ratio=1.2916450709483533
[E-1] 归一化=drop 变量 25→24 列 | 随机20%窗口做验证集(55/276) | 训练窗口=221 迭代=10359(=1500轮epoch) 参数量=3.96M | T=100/linear t_start=100 lr=5e-05 batch=32 ema=0.995
    [E-1] it      0/10359  loss=1.1208  lr=9.67e-08
    [E-1] it   1000/10359  loss=0.7157  lr=4.89e-05
    [E-1] it   2000/10359  loss=0.3493  lr=4.55e-05
    [E-1] it   3000/10359  loss=0.2241  lr=4.03e-05
    [E-1] it   4000/10359  loss=0.1775  lr=3.38e-05
    [E-1] it   5000/10359  loss=0.1511  lr=2.64e-05
    [E-1] it   6000/10359  loss=0.1325  lr=1.88e-05
    [E-1] it   7000/10359  loss=0.1223  lr=1.19e-05
    [E-1] it   8000/10359  loss=0.1148  lr=6.13e-06
    [E-1] it   9000/10359  loss=0.1099  lr=2.09e-06
    [E-1] it  10000/10359  loss=0.1064  lr=1.48e-07
    [E-1] it  10358/10359  loss=0.1056  lr=1.15e-12
    [E-1] 训练完成 212.8s, 末段 loss=0.1059
[E-1] ★论文口径(窗口级/固定阈值/不PA) P=0.7500 R=0.5000 F1=0.6000   (窗口=66, 异常窗口=6, 阈值=7.001 [验证段 μ+ησ（论文式(13)）], 预测正例=6.1%)
[E-1]   对比: 窗口级+PA F1=0.9231 | 点级-不PA F1=0.3549 | 点级+PA F1=0.7543 | 窗口级最优阈值 F1=0.6000
[E-1]   分离度(窗口级): 正常均=4.04477308251506 异常均=6.455202140966989 gap_ratio=1.5959367829240776
[F-3] 归一化=drop 变量 25→24 列 | 随机20%窗口做验证集(55/276) | 训练窗口=221 迭代=10359(=1500轮epoch) 参数量=3.96M | T=100/linear t_start=100 lr=5e-05 batch=32 ema=0.995
    [F-3] it      0/10359  loss=1.1329  lr=9.67e-08
    [F-3] it   1000/10359  loss=0.7018  lr=4.89e-05
    [F-3] it   2000/10359  loss=0.3305  lr=4.55e-05
    [F-3] it   3000/10359  loss=0.2080  lr=4.03e-05
    [F-3] it   4000/10359  loss=0.1619  lr=3.38e-05
    [F-3] it   5000/10359  loss=0.1376  lr=2.64e-05
    [F-3] it   6000/10359  loss=0.1207  lr=1.88e-05
    [F-3] it   7000/10359  loss=0.1110  lr=1.19e-05
    [F-3] it   8000/10359  loss=0.1022  lr=6.13e-06
    [F-3] it   9000/10359  loss=0.0983  lr=2.09e-06
    [F-3] it  10000/10359  loss=0.0971  lr=1.48e-07
    [F-3] it  10358/10359  loss=0.0959  lr=1.15e-12
    [F-3] 训练完成 204.8s, 末段 loss=0.0945
[F-3] ★论文口径(窗口级/固定阈值/不PA) P=0.2500 R=0.5000 F1=0.3333   (窗口=65, 异常窗口=2, 阈值=6.484 [验证段 μ+ησ（论文式(13)）], 预测正例=6.2%)
[F-3]   对比: 窗口级+PA F1=0.5714 | 点级-不PA F1=0.1157 | 点级+PA F1=0.1459 | 窗口级最优阈值 F1=0.6667
[F-3]   分离度(窗口级): 正常均=2.770786329000878 异常均=7.504778815765395 gap_ratio=2.708537550230932
[F-7] 归一化=drop 变量 55→15 列 | 随机20%窗口做验证集(47/239) | 训练窗口=192 迭代=9000(=1500轮epoch) 参数量=3.96M | T=100/linear t_start=100 lr=5e-05 batch=32 ema=0.995
    [F-7] it      0/9000  loss=1.0995  lr=1.11e-07
    [F-7] it   1000/9000  loss=0.5643  lr=4.85e-05
    [F-7] it   2000/9000  loss=0.2184  lr=4.42e-05
    [F-7] it   3000/9000  loss=0.1554  lr=3.75e-05
    [F-7] it   4000/9000  loss=0.1282  lr=2.93e-05
    [F-7] it   5000/9000  loss=0.1125  lr=2.07e-05
    [F-7] it   6000/9000  loss=0.1042  lr=1.25e-05
    [F-7] it   7000/9000  loss=0.0978  lr=5.85e-06
    [F-7] it   8000/9000  loss=0.0940  lr=1.51e-06
    [F-7] it   8999/9000  loss=0.0923  lr=1.52e-12
    [F-7] 训练完成 191.2s, 末段 loss=0.0945
[F-7] ★论文口径(窗口级/固定阈值/不PA) P=0.0000 R=0.0000 F1=0.0000   (窗口=39, 异常窗口=7, 阈值=9.222 [验证段 μ+ησ（论文式(13)）], 预测正例=2.6%)
[F-7]   对比: 窗口级+PA F1=0.0000 | 点级-不PA F1=0.0000 | 点级+PA F1=0.0000 | 窗口级最优阈值 F1=0.3333
[F-7]   分离度(窗口级): 正常均=5.228733646853476 异常均=5.29564166521641 gap_ratio=1.0127962185266786
    [显存] 已完成 5 个通道  allocated=0.02G  reserved=0.07G
[G-4] 归一化=drop 变量 25→13 列 | 随机20%窗口做验证集(48/243) | 训练窗口=195 迭代=9141(=1500轮epoch) 参数量=3.96M | T=100/linear t_start=100 lr=5e-05 batch=32 ema=0.995
    [G-4] it      0/9141  loss=1.1505  lr=1.09e-07
    [G-4] it   1000/9141  loss=0.5326  lr=4.85e-05
    [G-4] it   2000/9141  loss=0.1706  lr=4.43e-05
    [G-4] it   3000/9141  loss=0.1073  lr=3.78e-05
    [G-4] it   4000/9141  loss=0.0829  lr=2.99e-05
    [G-4] it   5000/9141  loss=0.0695  lr=2.13e-05
    [G-4] it   6000/9141  loss=0.0607  lr=1.32e-05
    [G-4] it   7000/9141  loss=0.0557  lr=6.47e-06
    [G-4] it   8000/9141  loss=0.0524  lr=1.90e-06
    [G-4] it   9000/9141  loss=0.0500  lr=2.93e-08
    [G-4] it   9140/9141  loss=0.0500  lr=1.48e-12
    [G-4] 训练完成 187.8s, 末段 loss=0.0499
[G-4] ★论文口径(窗口级/固定阈值/不PA) P=1.0000 R=1.0000 F1=1.0000   (窗口=59, 异常窗口=1, 阈值=5.776 [验证段 μ+ησ（论文式(13)）], 预测正例=1.7%)
[G-4]   对比: 窗口级+PA F1=1.0000 | 点级-不PA F1=0.3899 | 点级+PA F1=0.3899 | 窗口级最优阈值 F1=1.0000
[G-4]   分离度(窗口级): 正常均=1.3462145055639843 异常均=595.7372329595461 gap_ratio=442.5277179062689
[M-5] 归一化=drop 变量 55→16 列 | 随机20%窗口做验证集(38/191) | 训练窗口=153 迭代=7172(=1500轮epoch) 参数量=3.96M | T=100/linear t_start=100 lr=5e-05 batch=32 ema=0.995
    [M-5] it      0/7172  loss=1.1620  lr=1.40e-07
    [M-5] it   1000/7172  loss=0.5866  lr=4.76e-05
    [M-5] it   2000/7172  loss=0.2672  lr=4.10e-05
    [M-5] it   3000/7172  loss=0.2008  lr=3.13e-05
    [M-5] it   4000/7172  loss=0.1701  lr=2.05e-05
    [M-5] it   5000/7172  loss=0.1534  lr=1.05e-05
    [M-5] it   6000/7172  loss=0.1452  lr=3.22e-06
    [M-5] it   7000/7172  loss=0.1421  lr=7.09e-08
    [M-5] it   7171/7172  loss=0.1417  lr=2.40e-12
    [M-5] 训练完成 159.1s, 末段 loss=0.1412
[M-5] ★论文口径(窗口级/固定阈值/不PA) P=0.0000 R=0.0000 F1=0.0000   (窗口=17, 异常窗口=4, 阈值=11.1 [验证段 μ+ησ（论文式(13)）], 预测正例=0.0%)
[M-5]   对比: 窗口级+PA F1=0.0000 | 点级-不PA F1=0.0000 | 点级+PA F1=0.0000 | 窗口级最优阈值 F1=0.3333
[M-5]   分离度(窗口级): 正常均=7.255713761306348 异常均=7.2900253750056185 gap_ratio=1.0047289094950589
[T-2] 归一化=drop 变量 25→15 列 | 随机20%窗口做验证集(54/273) | 训练窗口=219 迭代=10266(=1500轮epoch) 参数量=3.96M | T=100/linear t_start=100 lr=5e-05 batch=32 ema=0.995
    [T-2] it      0/10266  loss=1.1233  lr=9.75e-08
    [T-2] it   1000/10266  loss=0.5706  lr=4.88e-05
    [T-2] it   2000/10266  loss=0.1804  lr=4.55e-05
    [T-2] it   3000/10266  loss=0.1058  lr=4.02e-05
    [T-2] it   4000/10266  loss=0.0809  lr=3.35e-05
    [T-2] it   5000/10266  loss=0.0663  lr=2.60e-05
    [T-2] it   6000/10266  loss=0.0568  lr=1.84e-05
    [T-2] it   7000/10266  loss=0.0492  lr=1.15e-05
    [T-2] it   8000/10266  loss=0.0456  lr=5.77e-06
    [T-2] it   9000/10266  loss=0.0423  lr=1.85e-06
    [T-2] it  10000/10266  loss=0.0406  lr=8.28e-08
    [T-2] it  10265/10266  loss=0.0403  lr=1.17e-12
    [T-2] 训练完成 200.6s, 末段 loss=0.0387
[T-2] ★论文口径(窗口级/固定阈值/不PA) P=0.0000 R=0.0000 F1=0.0000   (窗口=67, 异常窗口=14, 阈值=7.419 [验证段 μ+ησ（论文式(13)）], 预测正例=0.0%)
[T-2]   对比: 窗口级+PA F1=0.0000 | 点级-不PA F1=0.0000 | 点级+PA F1=0.0000 | 窗口级最优阈值 F1=0.4444
[T-2]   分离度(窗口级): 正常均=0.7040017372831902 异常均=0.507845683590256 gap_ratio=0.7213699294977323

==========================================================================================
DDTAD 修正版汇总 | t_start=100 score=paper thresh=val iters=0
汇总：参与评估 8 个 (通道×轮次) 样本

★ 主指标 = 论文口径：窗口级 + 验证段固定阈值 + 不做 point-adjust（论文 §II.A/式(12)(13)(16)）
  窗口级 不PA   P=20.93  R=23.08  F1=21.95   [宏观 F1=31.45]
    [MSL] 通道=  3×1轮  P= 28.57 R= 14.29 F1= 19.05
    [SMAP] 通道=  5×1轮  P= 19.44 R= 28.00 F1= 22.95
  论文 DDTAD: SMAP P=92.27 R=91.30 F1=91.78 | MSL P=94.47 R=97.21 F1=95.82

参考口径（非论文口径，仅供诊断）：
  窗口级 +PA    P=27.66  R=33.33  F1=30.23
  点级   不PA   P=7.56  R=12.62  F1=9.45
  点级   +PA    P=12.88  R=22.81  F1=16.46
  窗口级最优阈值（天花板，宏观点级口径参考）宏观点级 F1=54.22
------------------------------------------------------------------------------------------
有效加噪步数 t_start 对照（同一批模型，只是加噪/反向步数不同；论文是 T=100 全链）
   t_start  alpha_bar      信号残留% |     窗口P     窗口R     窗口F1 |    窗口+PA     最优阈值 |       正常均       异常均     gap
         5     0.9975       99.9 |   13.04   46.15    20.34 |    25.27    45.70 |    0.1918    0.4323   2.254
        10     0.9900       99.5 |   11.63   38.46    17.86 |    24.14    45.61 |    0.5971    1.6324   2.734
        20     0.9606       98.0 |   14.02   38.46    20.55 |    27.63    51.53 |    1.5661    5.1889   3.313
        35     0.8839       94.0 |   15.05   35.90    21.21 |    26.47    56.95 |    2.8587   12.0666   4.221
        50     0.7772       88.2 |   16.67   33.33    22.22 |    29.51    54.79 |    3.7956   21.1933   5.584
       100     0.3636       60.3 |   20.93   23.08    21.95 |    30.23    54.22 |    6.2509   83.3779  13.339  ← 论文 T=100
------------------------------------------------------------------------------------------
★ t_start × 打分方式 交叉排行榜（按论文口径【窗口级 F1】排序，前 20）
  t_start|score               winP    winR    winF1 |  winPAF1      最优阈值     gap   pred%
  100|zself_max              18.18   30.77    22.86 |    26.17     52.86 178.237   17.1% ★
  50|zself_mean              17.11   33.33    22.61 |    30.00     50.65 152.973   20.8%
  50|zself_max               16.28   35.90    22.40 |    27.91     50.08  89.347   23.3%
  50|paper                   16.67   33.33    22.22 |    29.51     54.79  34.288   22.5%
  100|zself_mean             19.23   25.64    21.98 |    29.47     51.95 348.520   13.9%
  100|paper                  20.93   23.08    21.95 |    30.23     54.22  56.588   12.2%
  20|zval_max                14.66   43.59    21.94 |    28.57     53.57  32.837   35.9%
  35|zself_max               15.73   35.90    21.88 |    27.27     56.53  59.855   24.9%
  35|paper                   15.05   35.90    21.21 |    26.47     56.95  28.003   27.5%
  20|zself_max               14.42   38.46    20.98 |    27.03     49.99  27.143   30.4%
  5|zself_max                13.71   43.59    20.86 |    26.19     46.66   5.312   36.6%
  35|zself_mean              15.12   33.33    20.80 |    27.69     60.12  94.099   23.6%
  50|zval_max                14.94   33.33    20.63 |    23.44     54.16 151.689   28.2%
  20|paper                   14.02   38.46    20.55 |    27.63     51.53  17.913   32.5%
  5|zval_max                 13.01   48.72    20.54 |    24.34     49.27   7.968   45.5%
  100|zval_max               15.19   30.77    20.34 |    24.79     50.70 363.488   26.7%
  5|paper                    13.04   46.15    20.34 |    25.27     45.70   4.863   42.7%
  10|zval_max                13.08   43.59    20.12 |    26.29     50.18  17.034   39.6%
  10|zself_max               13.22   41.03    20.00 |    24.39     45.45  10.949   36.3%
  20|zself_mean              13.73   35.90    19.86 |    28.38     54.26  38.596   29.2%
  （论文设置 100|paper: 窗口级 F1=21.95, 排名 6/42）
------------------------------------------------------------------------------------------
评测口径对照：同一批重构，只换『判定单元 / 阈值来源 / 是否 point-adjust』
  口径                                        P        R       F1
  论文口径-窗口级-固定阈值-不PA                     20.93    23.08    21.95
  论文口径-窗口级-固定阈值-加PA                     27.66    33.33    30.23
  论文口径-窗口级-最优阈值-不PA                     31.75    51.28    39.22
  论文口径-窗口级-最优阈值-加PA                     54.29    97.44    69.72
  点级-固定阈值-不PA                            7.56    12.62     9.45
  点级-固定阈值-加PA                           12.88    22.81    16.46
    [MSL] 论文口径-窗口级-固定阈值-不PA               28.57    14.29    19.05
    [MSL] 论文口径-窗口级-固定阈值-加PA               28.57    14.29    19.05
    [MSL] 论文口径-窗口级-最优阈值-不PA               33.33    50.00    40.00
    [MSL] 论文口径-窗口级-最优阈值-加PA               48.15    92.86    63.41
    [MSL] 点级-固定阈值-不PA                     11.27    11.73    11.50
    [MSL] 点级-固定阈值-加PA                     11.27    11.73    11.50
    [SMAP] 论文口径-窗口级-固定阈值-不PA               19.44    28.00    22.95
    [SMAP] 论文口径-窗口级-固定阈值-加PA               27.50    44.00    33.85
    [SMAP] 论文口径-窗口级-最优阈值-不PA               30.95    52.00    38.81
    [SMAP] 论文口径-窗口级-最优阈值-加PA               58.14   100.00    73.53
    [SMAP] 点级-固定阈值-不PA                      6.84    12.93     8.94
    [SMAP] 点级-固定阈值-加PA                     13.17    26.72    17.64
  论文 DDTAD: SMAP P=92.27 R=91.30 F1=91.78 | MSL P=94.47 R=97.21 F1=95.82
------------------------------------------------------------------------------------------
方案扫描：共 938 种组合（同一批重构，评估免费；评估单元都是**窗口**）

  ★按【窗口级 F1（论文口径：窗口判定 + 不 PA）】排序 —— 前 25 名
    score|thresh|eta|smooth           winP    winR    winF1 |  winPAP  winPAR  winPAF1 |   pred%
    zratio_max|qmap|1.5|w0           36.36   30.77    33.33 |   61.11   84.62    70.97 |    8.4% ★
    zratio_max|qmap|1.5|w9           36.36   30.77    33.33 |   61.11   84.62    70.97 |    8.4%
    zratio_max|qmap|0.5|w0           23.46   48.72    31.67 |   37.37   94.87    53.62 |   24.2%
    zratio_max|qmap|0.5|w9           22.62   48.72    30.89 |   36.27   94.87    52.48 |   24.8%
    zval_max|test_robust|2|w0        24.62   41.03    30.77 |   36.36   71.79    48.28 |   15.1%
    paper|test_robust|1.5|w0         26.92   35.90    30.77 |   41.54   69.23    51.92 |   10.9%
    zratio_max|qmap|1|w0             26.92   35.90    30.77 |   48.65   92.31    63.72 |   14.6%
    zratio_max|qmap|1|w9             26.42   35.90    30.43 |   48.00   92.31    63.16 |   14.2%
    zval_max|q20|0|w9                22.50   46.15    30.25 |   33.33   79.49    46.97 |   20.6%
    paper|test_robust|2|w0           27.66   33.33    30.23 |   43.33   66.67    52.53 |    9.8%
    zratio_max|test_robust|1.5|w0    27.66   33.33    30.23 |   46.03   74.36    56.86 |   10.7%
    zratio_max|l20|4|w0              23.88   41.03    30.19 |   41.38   92.31    57.14 |   18.0%
    zratio_max|l20|4|w9              23.88   41.03    30.19 |   41.38   92.31    57.14 |   18.0%
    zratio_max|l20|6|w0              23.88   41.03    30.19 |   41.38   92.31    57.14 |   18.0%
    zratio_max|l20|6|w9              23.88   41.03    30.19 |   41.38   92.31    57.14 |   18.0%
    zratio_max|q20|0|w0              23.88   41.03    30.19 |   41.38   92.31    57.14 |   18.0%
    zratio_max|q20|0|w9              23.88   41.03    30.19 |   41.38   92.31    57.14 |   18.0%
    zratio_max|l10|4|w0              31.43   28.21    29.73 |   57.89   84.62    68.75 |    9.6%
    zratio_max|l10|6|w0              31.43   28.21    29.73 |   57.89   84.62    68.75 |    9.6%
    zratio_max|q10|0|w0              31.43   28.21    29.73 |   57.89   84.62    68.75 |    9.6%
    paper|val_robust|2|w0            24.19   38.46    29.70 |   36.49   69.23    47.79 |   15.6%
    zratio_max|test_robust|1.5|w9    26.53   33.33    29.55 |   44.62   74.36    55.77 |   11.0%
    zval_max|qmap|1|w9               25.49   33.33    28.89 |   40.62   66.67    50.49 |   14.1%
    zratio_top3|qmap|1|w9            24.14   35.90    28.87 |   43.59   87.18    58.12 |   15.8%
    zval_max|test_robust|1.5|w9      21.52   43.59    28.81 |   31.11   71.79    43.41 |   17.9%

  按【窗口级 +PA F1】排序（参考，论文没用 PA） —— 前 25 名
    score|thresh|eta|smooth           winP    winR    winF1 |  winPAP  winPAR  winPAF1 |   pred%
    zratio_max|qmap|1.5|w0           36.36   30.77    33.33 |   61.11   84.62    70.97 |    8.4% ★
    zratio_max|qmap|1.5|w9           36.36   30.77    33.33 |   61.11   84.62    70.97 |    8.4%
    zratio_max|l10|4|w0              31.43   28.21    29.73 |   57.89   84.62    68.75 |    9.6%
    zratio_max|l10|6|w0              31.43   28.21    29.73 |   57.89   84.62    68.75 |    9.6%
    zratio_max|q10|0|w0              31.43   28.21    29.73 |   57.89   84.62    68.75 |    9.6%
    zratio_max|l10|4|w9              28.57   25.64    27.03 |   56.90   84.62    68.04 |    9.6%
    zratio_max|l10|6|w9              28.57   25.64    27.03 |   56.90   84.62    68.04 |    9.6%
    zratio_max|q10|0|w9              28.57   25.64    27.03 |   56.90   84.62    68.04 |    9.6%
    zratio_max|qmap|2|w0             40.00   20.51    27.12 |   67.57   64.10    65.79 |    5.1%
    zratio_max|qmap|2|w9             38.10   20.51    26.67 |   65.79   64.10    64.94 |    5.3%
    zratio_max|qmap|1|w0             26.92   35.90    30.77 |   48.65   92.31    63.72 |   14.6%
    zratio_max|qmap|1|w9             26.42   35.90    30.43 |   48.00   92.31    63.16 |   14.2%
    zratio_top3|l10|1.5|w0           22.92   28.21    25.29 |   47.89   87.18    61.82 |   12.3%
    zratio_top3|qmap|1.5|w9          20.51   20.51    20.51 |   50.00   79.49    61.39 |   10.1%
    zratio_top3|l10|1.5|w9           22.45   28.21    25.00 |   47.22   87.18    61.26 |   12.5%
    zself_mean|qmap|2|w9             25.00   15.38    19.05 |   58.14   64.10    60.98 |    6.0%
    zratio_top3|qmap|1.5|w0          17.95   17.95    17.95 |   49.21   79.49    60.78 |   10.1%
    zself_mean|qmap|2|w0             24.00   15.38    18.75 |   56.82   64.10    60.24 |    6.2%
    zratio_top3|l10|2|w0             21.43   23.08    22.22 |   48.44   79.49    60.19 |   11.0%
    zratio_top3|l10|2|w9             21.43   23.08    22.22 |   48.44   79.49    60.19 |   11.0%
    zratio_top3|l10|3|w0             21.43   23.08    22.22 |   48.44   79.49    60.19 |   11.0%
    zratio_top3|l10|3|w9             21.43   23.08    22.22 |   48.44   79.49    60.19 |   11.0%
    zratio_top3|l10|4|w0             21.43   23.08    22.22 |   48.44   79.49    60.19 |   11.0%
    zratio_top3|l10|4|w9             21.43   23.08    22.22 |   48.44   79.49    60.19 |   11.0%
    zratio_top3|l10|6|w0             21.43   23.08    22.22 |   48.44   79.49    60.19 |   11.0%

  ★ 最优组合 zratio_max|qmap|1.5|w0 的分数据集结果（论文口径：窗口级 + 不 PA）：
      [MSL] P= 66.67  R= 28.57  F1= 40.00
      [SMAP] P= 29.63  R= 32.00  F1= 30.77
      论文 DDTAD: SMAP P=92.27 R=91.30 F1=91.78 | MSL P=94.47 R=97.21 F1=95.82

  论文原始配置 paper|val|2|w0: 窗口级 F1=21.95 (排名 322/938)  窗口级+PA F1=30.23

  ★ 最优（PA）: zratio_max|qmap|1.5|w0  ->  PA P=61.11 R=84.62 F1=70.97   plain F1=33.33
==========================================================================================

结果已保存: /mnt/sdb/home/liuqr/Project/20269/ddtad/out/all/shard6/report.txt | results.json | summary.csv
