==========================================================================================
设备=NVIDIA GeForce RTX 4090 (25.3 GB, SM89) 可见卡数=1 CVD=3 | torch=2.6.0+cu124 | 数据根=/mnt/sdb/home/liuqr/Dataset/data/data | 标签=/mnt/sdb/home/liuqr/Dataset/labeled_anomalies.csv
超参: sw=128 train_ss=10 test_ss=128 T=100 t_start=100 sampler=ddpm n_sample=3 iters=0 base=64 score=paper thresh=val eta=2.0 amp=False keep_dead_cols=False
==========================================================================================
通道数: 9 -> ['D-8', 'F-4', 'G-1', 'G-3', 'G-6', 'P-15', 'P-3', 'T-5', 'T-8']
[D-8] 归一化=drop 变量 25→15 列 | 随机20%窗口做验证集(49/248) | 训练窗口=199 迭代=9328(=1500轮epoch) 参数量=3.96M | T=100/linear t_start=100 lr=5e-05 batch=32 ema=0.995
    [D-8] it      0/9328  loss=1.0744  lr=1.07e-07
    [D-8] it   1000/9328  loss=0.5444  lr=4.86e-05
    [D-8] it   2000/9328  loss=0.1707  lr=4.45e-05
    [D-8] it   3000/9328  loss=0.0997  lr=3.83e-05
    [D-8] it   4000/9328  loss=0.0751  lr=3.05e-05
    [D-8] it   5000/9328  loss=0.0619  lr=2.22e-05
    [D-8] it   6000/9328  loss=0.0518  lr=1.41e-05
    [D-8] it   7000/9328  loss=0.0444  lr=7.30e-06
    [D-8] it   8000/9328  loss=0.0411  lr=2.46e-06
    [D-8] it   9000/9328  loss=0.0392  lr=1.52e-07
    [D-8] it   9327/9328  loss=0.0390  lr=1.42e-12
    [D-8] 训练完成 187.7s, 末段 loss=0.0389
[D-8] ★论文口径(窗口级/固定阈值/不PA) P=0.0000 R=0.0000 F1=0.0000   (窗口=61, 异常窗口=1, 阈值=5.287 [验证段 μ+ησ（论文式(13)）], 预测正例=4.9%)
[D-8]   对比: 窗口级+PA F1=0.0000 | 点级-不PA F1=0.0000 | 点级+PA F1=0.0000 | 窗口级最优阈值 F1=0.4000
[D-8]   分离度(窗口级): 正常均=0.44386869367886456 异常均=0.28479749682746486 gap_ratio=0.6416255547716405
[F-4] 归一化=drop 变量 55→13 列 | 随机20%窗口做验证集(42/212) | 训练窗口=170 迭代=7969(=1500轮epoch) 参数量=3.96M | T=100/linear t_start=100 lr=5e-05 batch=32 ema=0.995
    [F-4] it      0/7969  loss=1.1186  lr=1.26e-07
    [F-4] it   1000/7969  loss=0.5079  lr=4.81e-05
    [F-4] it   2000/7969  loss=0.1806  lr=4.26e-05
    [F-4] it   3000/7969  loss=0.1292  lr=3.45e-05
    [F-4] it   4000/7969  loss=0.1086  lr=2.48e-05
    [F-4] it   5000/7969  loss=0.0959  lr=1.53e-05
    [F-4] it   6000/7969  loss=0.0886  lr=7.16e-06
    [F-4] it   7000/7969  loss=0.0855  lr=1.80e-06
    [F-4] it   7968/7969  loss=0.0829  lr=1.94e-12
    [F-4] 训练完成 155.4s, 末段 loss=0.0827
[F-4] ★论文口径(窗口级/固定阈值/不PA) P=0.0000 R=0.0000 F1=0.0000   (窗口=26, 异常窗口=1, 阈值=9.761 [验证段 μ+ησ（论文式(13)）], 预测正例=0.0%)
[F-4]   对比: 窗口级+PA F1=0.0000 | 点级-不PA F1=0.0000 | 点级+PA F1=0.0000 | 窗口级最优阈值 F1=1.0000
[F-4]   分离度(窗口级): 正常均=4.637548499768835 异常均=8.991245381251236 gap_ratio=1.9387927439895059
[G-1] 归一化=drop 变量 25→18 列 | 随机20%窗口做验证集(54/270) | 训练窗口=216 迭代=10125(=1500轮epoch) 参数量=3.96M | T=100/linear t_start=100 lr=5e-05 batch=32 ema=0.995
    [G-1] it      0/10125  loss=1.1090  lr=9.88e-08
    [G-1] it   1000/10125  loss=0.6332  lr=4.88e-05
    [G-1] it   2000/10125  loss=0.2673  lr=4.53e-05
    [G-1] it   3000/10125  loss=0.1817  lr=3.99e-05
    [G-1] it   4000/10125  loss=0.1477  lr=3.31e-05
    [G-1] it   5000/10125  loss=0.1304  lr=2.55e-05
    [G-1] it   6000/10125  loss=0.1197  lr=1.78e-05
    [G-1] it   7000/10125  loss=0.1105  lr=1.09e-05
    [G-1] it   8000/10125  loss=0.1059  lr=5.24e-06
    [G-1] it   9000/10125  loss=0.1030  lr=1.51e-06
    [G-1] it  10000/10125  loss=0.1019  lr=1.88e-08
    [G-1] it  10124/10125  loss=0.1016  lr=1.20e-12
    [G-1] 训练完成 200.8s, 末段 loss=0.1013
[G-1] ★论文口径(窗口级/固定阈值/不PA) P=0.0000 R=0.0000 F1=0.0000   (窗口=66, 异常窗口=2, 阈值=10.97 [验证段 μ+ησ（论文式(13)）], 预测正例=3.0%)
[G-1]   对比: 窗口级+PA F1=0.0000 | 点级-不PA F1=0.0000 | 点级+PA F1=0.0000 | 窗口级最优阈值 F1=0.1333
[G-1]   分离度(窗口级): 正常均=6.038115859267723 异常均=4.854601966473377 gap_ratio=0.8039928480375536
[G-3] 归一化=drop 变量 25→20 列 | 随机20%窗口做验证集(50/250) | 训练窗口=200 迭代=9375(=1500轮epoch) 参数量=3.96M | T=100/linear t_start=100 lr=5e-05 batch=32 ema=0.995
    [G-3] it      0/9375  loss=1.0918  lr=1.07e-07
    [G-3] it   1000/9375  loss=0.6352  lr=4.86e-05
    [G-3] it   2000/9375  loss=0.2699  lr=4.46e-05
    [G-3] it   3000/9375  loss=0.1822  lr=3.84e-05
    [G-3] it   4000/9375  loss=0.1485  lr=3.07e-05
    [G-3] it   5000/9375  loss=0.1285  lr=2.24e-05
    [G-3] it   6000/9375  loss=0.1157  lr=1.44e-05
    [G-3] it   7000/9375  loss=0.1076  lr=7.51e-06
    [G-3] it   8000/9375  loss=0.1025  lr=2.61e-06
    [G-3] it   9000/9375  loss=0.0998  lr=1.97e-07
    [G-3] it   9374/9375  loss=0.0995  lr=1.40e-12
    [G-3] 训练完成 204.0s, 末段 loss=0.0994
[G-3] ★论文口径(窗口级/固定阈值/不PA) P=0.0000 R=0.0000 F1=0.0000   (窗口=61, 异常窗口=2, 阈值=10.19 [验证段 μ+ησ（论文式(13)）], 预测正例=1.6%)
[G-3]   对比: 窗口级+PA F1=0.0000 | 点级-不PA F1=0.0000 | 点级+PA F1=0.0000 | 窗口级最优阈值 F1=0.1000
[G-3]   分离度(窗口级): 正常均=5.301430415108982 异常均=5.837074241214472 gap_ratio=1.10103760384724
[G-6] 归一化=drop 变量 25→14 列 | 随机20%窗口做验证集(55/276) | 训练窗口=221 迭代=10359(=1500轮epoch) 参数量=3.96M | T=100/linear t_start=100 lr=5e-05 batch=32 ema=0.995
    [G-6] it      0/10359  loss=1.1192  lr=9.67e-08
    [G-6] it   1000/10359  loss=0.5497  lr=4.89e-05
    [G-6] it   2000/10359  loss=0.1587  lr=4.55e-05
    [G-6] it   3000/10359  loss=0.0944  lr=4.03e-05
    [G-6] it   4000/10359  loss=0.0707  lr=3.38e-05
    [G-6] it   5000/10359  loss=0.0578  lr=2.64e-05
    [G-6] it   6000/10359  loss=0.0498  lr=1.88e-05
    [G-6] it   7000/10359  loss=0.0422  lr=1.19e-05
    [G-6] it   8000/10359  loss=0.0383  lr=6.13e-06
    [G-6] it   9000/10359  loss=0.0357  lr=2.09e-06
    [G-6] it  10000/10359  loss=0.0341  lr=1.48e-07
    [G-6] it  10358/10359  loss=0.0337  lr=1.15e-12
    [G-6] 训练完成 207.1s, 末段 loss=0.0339
[G-6] ★论文口径(窗口级/固定阈值/不PA) P=0.2000 R=0.5000 F1=0.2857   (窗口=67, 异常窗口=2, 阈值=3.183 [验证段 μ+ησ（论文式(13)）], 预测正例=7.5%)
[G-6]   对比: 窗口级+PA F1=0.5000 | 点级-不PA F1=0.1862 | 点级+PA F1=0.2613 | 窗口级最优阈值 F1=0.2857
[G-6]   分离度(窗口级): 正常均=0.9813818689825394 异常均=2.739630430310965 gap_ratio=2.791604896013937
    [显存] 已完成 5 个通道  allocated=0.02G  reserved=0.07G
[P-15] 归一化=drop 变量 55→19 列 | 随机20%窗口做验证集(71/356) | 训练窗口=285 迭代=13359(=1500轮epoch) 参数量=3.96M | T=100/linear t_start=100 lr=5e-05 batch=32 ema=0.995
    [P-15] it      0/13359  loss=1.1009  lr=7.50e-08
    [P-15] it   1000/13359  loss=0.6517  lr=4.93e-05
    [P-15] it   2000/13359  loss=0.2620  lr=4.73e-05
    [P-15] it   3000/13359  loss=0.1667  lr=4.40e-05
    [P-15] it   4000/13359  loss=0.1352  lr=3.97e-05
    [P-15] it   5000/13359  loss=0.1146  lr=3.46e-05
    [P-15] it   6000/13359  loss=0.1004  lr=2.90e-05
    [P-15] it   7000/13359  loss=0.0911  lr=2.31e-05
    [P-15] it   8000/13359  loss=0.0846  lr=1.74e-05
    [P-15] it   9000/13359  loss=0.0806  lr=1.20e-05
    [P-15] it  10000/13359  loss=0.0764  lr=7.40e-06
    [P-15] it  11000/13359  loss=0.0730  lr=3.75e-06
    [P-15] it  12000/13359  loss=0.0730  lr=1.27e-06
    [P-15] it  13000/13359  loss=0.0717  lr=8.90e-08
    [P-15] it  13358/13359  loss=0.0718  lr=6.91e-13
    [P-15] 训练完成 261.8s, 末段 loss=0.0713
[P-15] ★论文口径(窗口级/固定阈值/不PA) P=0.1667 R=1.0000 F1=0.2857   (窗口=22, 异常窗口=2, 阈值=5.535 [验证段 μ+ησ（论文式(13)）], 预测正例=54.5%)
[P-15]   对比: 窗口级+PA F1=0.2857 | 点级-不PA F1=0.0270 | 点级+PA F1=0.0270 | 窗口级最优阈值 F1=0.2222
[P-15]   分离度(窗口级): 正常均=103.28080357741831 异常均=138.57883731997384 gap_ratio=1.3417676133406191
[P-3] 归一化=drop 变量 25→24 列 | 随机20%窗口做验证集(54/273) | 训练窗口=219 迭代=10266(=1500轮epoch) 参数量=3.96M | T=100/linear t_start=100 lr=5e-05 batch=32 ema=0.995
    [P-3] it      0/10266  loss=1.1106  lr=9.75e-08
    [P-3] it   1000/10266  loss=0.7023  lr=4.88e-05
    [P-3] it   2000/10266  loss=0.3458  lr=4.55e-05
    [P-3] it   3000/10266  loss=0.2271  lr=4.02e-05
    [P-3] it   4000/10266  loss=0.1805  lr=3.35e-05
    [P-3] it   5000/10266  loss=0.1547  lr=2.60e-05
    [P-3] it   6000/10266  loss=0.1369  lr=1.84e-05
    [P-3] it   7000/10266  loss=0.1252  lr=1.15e-05
    [P-3] it   8000/10266  loss=0.1191  lr=5.77e-06
    [P-3] it   9000/10266  loss=0.1135  lr=1.85e-06
    [P-3] it  10000/10266  loss=0.1118  lr=8.28e-08
    [P-3] it  10265/10266  loss=0.1118  lr=1.17e-12
    [P-3] 训练完成 205.6s, 末段 loss=0.1124
[P-3] ★论文口径(窗口级/固定阈值/不PA) P=0.0000 R=0.0000 F1=0.0000   (窗口=66, 异常窗口=11, 阈值=7.347 [验证段 μ+ησ（论文式(13)）], 预测正例=1.5%)
[P-3]   对比: 窗口级+PA F1=0.0000 | 点级-不PA F1=0.0000 | 点级+PA F1=0.0000 | 窗口级最优阈值 F1=0.1538
[P-3]   分离度(窗口级): 正常均=3.397421328337596 异常均=2.029899658656904 gap_ratio=0.5974824616910737
[T-5] 归一化=drop 变量 55→14 列 | 随机20%窗口做验证集(43/215) | 训练窗口=172 迭代=8062(=1500轮epoch) 参数量=3.96M | T=100/linear t_start=100 lr=5e-05 batch=32 ema=0.995
    [T-5] it      0/8062  loss=1.0864  lr=1.24e-07
    [T-5] it   1000/8062  loss=0.5445  lr=4.81e-05
    [T-5] it   2000/8062  loss=0.2209  lr=4.28e-05
    [T-5] it   3000/8062  loss=0.1558  lr=3.48e-05
    [T-5] it   4000/8062  loss=0.1293  lr=2.53e-05
    [T-5] it   5000/8062  loss=0.1153  lr=1.58e-05
    [T-5] it   6000/8062  loss=0.1069  lr=7.65e-06
    [T-5] it   7000/8062  loss=0.1032  lr=2.11e-06
    [T-5] it   8000/8062  loss=0.1003  lr=7.30e-09
    [T-5] it   8061/8062  loss=0.1003  lr=1.90e-12
    [T-5] 训练完成 157.7s, 末段 loss=0.1001
[T-5] ★论文口径(窗口级/固定阈值/不PA) P=0.0000 R=0.0000 F1=0.0000   (窗口=17, 异常窗口=1, 阈值=10 [验证段 μ+ησ（论文式(13)）], 预测正例=5.9%)
[T-5]   对比: 窗口级+PA F1=0.0000 | 点级-不PA F1=0.0000 | 点级+PA F1=0.0000 | 窗口级最优阈值 F1=0.2500
[T-5]   分离度(窗口级): 正常均=7.906431361875763 异常均=8.2949089424192 gap_ratio=1.0491343771624513
[T-8] 归一化=drop 变量 55→12 列 | 随机20%窗口做验证集(12/63) | 训练窗口=51 迭代=2391(=1500轮epoch) 参数量=3.96M | T=100/linear t_start=100 lr=5e-05 batch=32 ema=0.995
    [T-8] it      0/2391  loss=1.0944  lr=4.20e-07
    [T-8] it   1000/2391  loss=0.4555  lr=3.14e-05
    [T-8] it   2000/2391  loss=0.2461  lr=3.23e-06
    [T-8] it   2390/2391  loss=0.2317  lr=2.16e-11
    [T-8] 训练完成 45.9s, 末段 loss=0.2247
[T-8] ★论文口径(窗口级/固定阈值/不PA) P=0.5000 R=1.0000 F1=0.6667   (窗口=11, 异常窗口=3, 阈值=17.68 [验证段 μ+ησ（论文式(13)）], 预测正例=54.5%)
[T-8]   对比: 窗口级+PA F1=0.6667 | 点级-不PA F1=0.2345 | 点级+PA F1=0.2345 | 窗口级最优阈值 F1=0.5714
[T-8]   分离度(窗口级): 正常均=17.87850435664059 异常均=18.951038279639274 gap_ratio=1.0599901368483495

==========================================================================================
DDTAD 修正版汇总 | t_start=100 score=paper thresh=val iters=0
汇总：参与评估 9 个 (通道×轮次) 样本

★ 主指标 = 论文口径：窗口级 + 验证段固定阈值 + 不做 point-adjust（论文 §II.A/式(12)(13)(16)）
  窗口级 不PA   P=19.35  R=24.00  F1=21.43   [宏观 F1=13.76]
    [MSL] 通道=  4×1轮  P= 26.32 R= 71.43 F1= 38.46
    [SMAP] 通道=  5×1轮  P=  8.33 R=  5.56 F1=  6.67
  论文 DDTAD: SMAP P=92.27 R=91.30 F1=91.78 | MSL P=94.47 R=97.21 F1=95.82

参考口径（非论文口径，仅供诊断）：
  窗口级 +PA    P=21.88  R=28.00  F1=24.56
  点级   不PA   P=4.84  R=10.21  F1=6.57
  点级   +PA    P=5.60  R=11.91  F1=7.62
  窗口级最优阈值（天花板，宏观点级口径参考）宏观点级 F1=34.63
------------------------------------------------------------------------------------------
有效加噪步数 t_start 对照（同一批模型，只是加噪/反向步数不同；论文是 T=100 全链）
   t_start  alpha_bar      信号残留% |     窗口P     窗口R     窗口F1 |    窗口+PA     最优阈值 |       正常均       异常均     gap
         5     0.9975       99.9 |   17.43   76.00    28.36 |    33.33    44.80 |    0.1561    0.3226   2.066
        10     0.9900       99.5 |   18.81   76.00    30.16 |    35.38    48.50 |    0.5065    0.9420   1.860
        20     0.9606       98.0 |   18.92   56.00    28.28 |    38.10    49.85 |    1.5835    2.4719   1.561
        35     0.8839       94.0 |   17.86   40.00    24.69 |    43.96    43.95 |    3.7705    5.3560   1.421
        50     0.7772       88.2 |   19.57   36.00    25.35 |    46.91    36.68 |    6.3277    8.6188   1.362
       100     0.3636       60.3 |   19.35   24.00    21.43 |    24.56    34.63 |   16.6517   21.1736   1.272  ← 论文 T=100
------------------------------------------------------------------------------------------
★ t_start × 打分方式 交叉排行榜（按论文口径【窗口级 F1】排序，前 20）
  t_start|score               winP    winR    winF1 |  winPAF1      最优阈值     gap   pred%
  50|zval_max                25.00   72.00    37.11 |    42.00     46.40   9.884   31.6% ★
  5|zratio_max               25.93   56.00    35.44 |    41.46     43.39   1.403   21.0%
  35|zval_max                23.38   72.00    35.29 |    40.00     45.48  11.374   33.3%
  20|zval_max                19.59   76.00    31.15 |    36.51     45.15  15.228   38.5%
  10|zself_max               19.78   72.00    31.03 |    35.29     41.86   3.465   31.8%
  10|paper                   18.81   76.00    30.16 |    35.38     48.50   4.207   39.5%
  5|zself_max                18.00   72.00    28.80 |    32.81     50.98   5.087   33.2%
  10|zratio_max              21.15   44.00    28.57 |    44.71     36.27   1.310   22.8%
  5|paper                    17.43   76.00    28.36 |    33.33     44.80   4.387   40.7%
  20|paper                   18.92   56.00    28.28 |    38.10     49.85   3.151   32.5%
  5|zval_max                 16.67   80.00    27.59 |    31.08     51.24  11.657   43.2%
  100|zval_max               19.35   48.00    27.59 |    43.75     47.74   6.580   29.1%
  5|zself_mean               17.17   68.00    27.42 |    32.81     43.34   3.296   31.9%
  10|zval_max                16.24   76.00    26.76 |    31.51     47.00  15.463   43.4%
  5|zratio_top3              20.00   40.00    26.67 |    43.37     47.79   1.442   20.1%
  20|zratio_max              20.93   36.00    26.47 |    48.72     30.71   1.280   19.9%
  50|paper                   19.57   36.00    25.35 |    46.91     36.68   1.805   22.8%
  50|zratio_max              20.51   32.00    25.00 |    48.65     25.70   1.241   19.6%
  35|paper                   17.86   40.00    24.69 |    43.96     43.95   2.232   27.0%
  35|zratio_max              18.60   32.00    23.53 |    46.15     26.79   1.250   19.6%
  （论文设置 100|paper: 窗口级 F1=21.43, 排名 22/42）
------------------------------------------------------------------------------------------
评测口径对照：同一批重构，只换『判定单元 / 阈值来源 / 是否 point-adjust』
  口径                                        P        R       F1
  论文口径-窗口级-固定阈值-不PA                     19.35    24.00    21.43
  论文口径-窗口级-固定阈值-加PA                     21.88    28.00    24.56
  论文口径-窗口级-最优阈值-不PA                     16.39    40.00    23.26
  论文口径-窗口级-最优阈值-加PA                     32.89   100.00    49.50
  点级-固定阈值-不PA                            4.84    10.21     6.57
  点级-固定阈值-加PA                            5.60    11.91     7.62
    [MSL] 论文口径-窗口级-固定阈值-不PA               26.32    71.43    38.46
    [MSL] 论文口径-窗口级-固定阈值-加PA               26.32    71.43    38.46
    [MSL] 论文口径-窗口级-最优阈值-不PA               26.32    71.43    38.46
    [MSL] 论文口径-窗口级-最优阈值-加PA               33.33   100.00    50.00
    [MSL] 点级-固定阈值-不PA                      5.06    55.91     9.28
    [MSL] 点级-固定阈值-加PA                      5.06    55.91     9.28
    [SMAP] 论文口径-窗口级-固定阈值-不PA                8.33     5.56     6.67
    [SMAP] 论文口径-窗口级-固定阈值-加PA               15.38    11.11    12.90
    [SMAP] 论文口径-窗口级-最优阈值-不PA               11.90    27.78    16.67
    [SMAP] 论文口径-窗口级-最优阈值-加PA               32.73   100.00    49.32
    [SMAP] 点级-固定阈值-不PA                      4.49     4.16     4.32
    [SMAP] 点级-固定阈值-加PA                      6.44     6.08     6.26
  论文 DDTAD: SMAP P=92.27 R=91.30 F1=91.78 | MSL P=94.47 R=97.21 F1=95.82
------------------------------------------------------------------------------------------
方案扫描：共 322 种组合（同一批重构，评估免费；评估单元都是**窗口**）

  ★按【窗口级 F1（论文口径：窗口判定 + 不 PA）】排序 —— 前 25 名
    score|thresh|eta|smooth           winP    winR    winF1 |  winPAP  winPAR  winPAF1 |   pred%
    zval_max|q20|1.5|w9              20.00   64.00    30.48 |   23.81   80.00    36.70 |   20.4% ★
    zval_max|q05|1.5|w9              29.17   28.00    28.57 |   50.00   68.00    57.63 |    6.6%
    zval_max|val_robust|2|w9         17.89   68.00    28.33 |   21.21   84.00    33.87 |   35.6%
    zval_max|val_robust|2|w0         17.71   68.00    28.10 |   21.00   84.00    33.60 |   34.8%
    zval_max|val_robust|1.5|w9       17.14   72.00    27.69 |   19.44   84.00    31.58 |   37.6%
    zval_max|val|1.5|w0              18.84   52.00    27.66 |   27.27   84.00    41.18 |   31.1%
    zval_max|val|2|w0                19.35   48.00    27.59 |   29.58   84.00    43.75 |   29.1%
    zval_max|val|1.5|w9              18.57   52.00    27.37 |   26.92   84.00    40.78 |   31.8%
    zval_max|val_robust|1.5|w0       16.67   72.00    27.07 |   18.92   84.00    30.88 |   38.2%
    zval_max|val|2|w9                18.75   48.00    26.97 |   28.77   84.00    42.86 |   30.3%
    zval_max|q10|1.5|w9              21.43   36.00    26.87 |   34.00   68.00    45.33 |   10.8%
    zval_max|q20|1.5|w0              17.50   56.00    26.67 |   23.26   80.00    36.04 |   20.4%
    zval_max|val|6|w0                20.45   36.00    26.09 |   36.36   80.00    50.00 |   24.0%
    zval_max|val|3|w0                19.23   40.00    25.97 |   32.26   80.00    45.98 |   26.5%
    zval_max|h10|1.5|w9              21.62   32.00    25.81 |   36.96   68.00    47.89 |    9.9%
    zval_max|val|6|w9                20.00   36.00    25.71 |   35.71   80.00    49.38 |   24.6%
    paper|val_robust|3|w9            21.05   32.00    25.40 |   21.05   32.00    25.40 |   16.3%
    paper|val|2|w9                   22.58   28.00    25.00 |   42.86   72.00    53.73 |   14.8%
    zval_max|val|4|w0                18.75   36.00    24.66 |   33.90   80.00    47.62 |   25.8%
    paper|val_robust|4|w0            21.88   28.00    24.56 |   24.24   32.00    27.59 |   14.5%
    paper|val_robust|4|w9            21.88   28.00    24.56 |   24.24   32.00    27.59 |   14.5%
    zval_max|q05|1.5|w0              25.00   24.00    24.49 |   45.45   60.00    51.72 |    6.6%
    zval_max|val|4|w9                18.37   36.00    24.32 |   33.33   80.00    47.06 |   26.5%
    zself_max|val_robust|6|w9        29.41   20.00    23.81 |   33.33   24.00    27.91 |    8.8%
    zval_max|h10|2|w9                20.59   28.00    23.73 |   38.64   68.00    49.28 |    9.4%

  按【窗口级 +PA F1】排序（参考，论文没用 PA） —— 前 25 名
    score|thresh|eta|smooth           winP    winR    winF1 |  winPAP  winPAR  winPAF1 |   pred%
    zratio_max|h10|3|w0              25.00    8.00    12.12 |   68.42   52.00    59.09 |    2.2% ★
    zratio_max|h10|3|w9              25.00    8.00    12.12 |   68.42   52.00    59.09 |    2.2%
    zval_max|h10|6|w9                23.81   20.00    21.74 |   51.52   68.00    58.62 |    7.2%
    zval_max|q05|1.5|w9              29.17   28.00    28.57 |   50.00   68.00    57.63 |    6.6%
    zval_max|h10|4|w9                21.74   20.00    20.83 |   48.57   68.00    56.67 |    7.5%
    paper|h10|2|w9                   17.65   12.00    14.29 |   51.72   60.00    55.56 |    5.2%
    zratio_max|val|3|w0              21.43   24.00    22.64 |   45.00   72.00    55.38 |   16.9%
    zratio_max|val|3|w9              21.43   24.00    22.64 |   45.00   72.00    55.38 |   16.9%
    zratio_max|h10|2|w0              18.18    8.00    11.11 |   59.09   52.00    55.32 |    2.7%
    zratio_max|h10|2|w9              18.18    8.00    11.11 |   59.09   52.00    55.32 |    2.7%
    zval_max|h10|3|w9                19.23   20.00    19.61 |   44.74   68.00    53.97 |    8.1%
    paper|val|2|w9                   22.58   28.00    25.00 |   42.86   72.00    53.73 |   14.8%
    zval_max|h10|6|w0                19.05   16.00    17.39 |   46.88   60.00    52.63 |    7.2%
    zratio_max|val|2|w0              18.75   24.00    21.05 |   40.91   72.00    52.17 |   18.4%
    zratio_max|val|2|w9              18.75   24.00    21.05 |   40.91   72.00    52.17 |   18.4%
    zval_max|q05|1.5|w0              25.00   24.00    24.49 |   45.45   60.00    51.72 |    6.6%
    zval_max|h10|4|w0                17.39   16.00    16.67 |   44.12   60.00    50.85 |    7.5%
    zval_max|val|6|w0                20.45   36.00    26.09 |   36.36   80.00    50.00 |   24.0%
    paper|h10|1.5|w9                 14.81   16.00    15.38 |   41.03   64.00    50.00 |    7.7%
    zval_max|val|6|w9                20.00   36.00    25.71 |   35.71   80.00    49.38 |   24.6%
    zval_max|h10|2|w9                20.59   28.00    23.73 |   38.64   68.00    49.28 |    9.4%
    zval_max|h10|3|w0                18.52   20.00    19.23 |   40.54   60.00    48.39 |    8.2%
    zratio_max|q05|1.5|w0            13.64   12.00    12.77 |   42.42   56.00    48.28 |    5.6%
    zratio_max|q05|1.5|w9            13.64   12.00    12.77 |   42.42   56.00    48.28 |    5.6%
    zval_max|h10|1.5|w9              21.62   32.00    25.81 |   36.96   68.00    47.89 |    9.9%

  论文原始配置 paper|val|2|w0: 窗口级 F1=21.43 (排名 45/322)  窗口级+PA F1=24.56

  ★ 最优（PA）: zratio_max|h10|3|w0  ->  PA P=68.42 R=52.00 F1=59.09   plain F1=12.12
==========================================================================================

结果已保存: /mnt/sdb/home/liuqr/Project/20269/ddtad/out/all/shard3/report.txt | results.json | summary.csv
