==========================================================================================
设备=NVIDIA GeForce RTX 4090 (25.3 GB, SM89) 可见卡数=1 CVD=4 | torch=2.6.0+cu124 | 数据根=/mnt/sdb/home/liuqr/Dataset/data/data | 标签=/mnt/sdb/home/liuqr/Dataset/labeled_anomalies.csv
超参: sw=128 train_ss=10 test_ss=128 T=100 t_start=100 sampler=ddpm n_sample=3 iters=0 base=64 score=paper thresh=val eta=2.0 amp=False keep_dead_cols=False
==========================================================================================
通道数: 8 -> ['A-4', 'A-6', 'D-13', 'D-16', 'E-6', 'F-1', 'T-12', 'T-3']
[A-4] 归一化=drop 变量 25→18 列 | 随机20%窗口做验证集(51/257) | 训练窗口=206 迭代=9656(=1500轮epoch) 参数量=3.96M | T=100/linear t_start=100 lr=5e-05 batch=32 ema=0.995
    [A-4] it      0/9656  loss=1.1156  lr=1.04e-07
    [A-4] it   1000/9656  loss=0.6183  lr=4.87e-05
    [A-4] it   2000/9656  loss=0.2557  lr=4.49e-05
    [A-4] it   3000/9656  loss=0.1749  lr=3.90e-05
    [A-4] it   4000/9656  loss=0.1459  lr=3.17e-05
    [A-4] it   5000/9656  loss=0.1286  lr=2.36e-05
    [A-4] it   6000/9656  loss=0.1167  lr=1.57e-05
    [A-4] it   7000/9656  loss=0.1081  lr=8.77e-06
    [A-4] it   8000/9656  loss=0.1040  lr=3.54e-06
    [A-4] it   9000/9656  loss=0.1008  lr=5.67e-07
    [A-4] it   9655/9656  loss=0.1000  lr=1.32e-12
    [A-4] 训练完成 234.0s, 末段 loss=0.0997
[A-4] ★论文口径(窗口级/固定阈值/不PA) P=0.0000 R=0.0000 F1=0.0000   (窗口=63, 异常窗口=2, 阈值=10.21 [验证段 μ+ησ（论文式(13)）], 预测正例=1.6%)
[A-4]   对比: 窗口级+PA F1=0.0000 | 点级-不PA F1=0.0000 | 点级+PA F1=0.0000 | 窗口级最优阈值 F1=0.0000
[A-4]   分离度(窗口级): 正常均=5.885385000174789 异常均=3.035223399180187 gap_ratio=0.5157221488636757
[A-6] 归一化=drop 变量 25→11 列 | 随机20%窗口做验证集(11/56) | 训练窗口=45 迭代=2109(=1500轮epoch) 参数量=3.96M | T=100/linear t_start=100 lr=5e-05 batch=32 ema=0.995
    [A-6] it      0/2109  loss=1.1448  lr=4.76e-07
    [A-6] it   1000/2109  loss=0.3673  lr=2.70e-05
    [A-6] it   2000/2109  loss=0.1294  lr=3.29e-07
    [A-6] it   2108/2109  loss=0.1256  lr=2.77e-11
    [A-6] 训练完成 49.6s, 末段 loss=0.1180
[A-6] ★论文口径(窗口级/固定阈值/不PA) P=0.0000 R=0.0000 F1=0.0000   (窗口=34, 异常窗口=2, 阈值=11.55 [验证段 μ+ησ（论文式(13)）], 预测正例=0.0%)
[A-6]   对比: 窗口级+PA F1=0.0000 | 点级-不PA F1=0.0000 | 点级+PA F1=0.0000 | 窗口级最优阈值 F1=0.6667
[A-6]   分离度(窗口级): 正常均=4.792007376378288 异常均=6.1574253752240145 gap_ratio=1.2849365394503387
[D-13] 归一化=drop 变量 25→15 列 | 随机20%窗口做验证集(27/137) | 训练窗口=110 迭代=5156(=1500轮epoch) 参数量=3.96M | T=100/linear t_start=100 lr=5e-05 batch=32 ema=0.995
    [D-13] it      0/5156  loss=1.1957  lr=1.95e-07
    [D-13] it   1000/5156  loss=0.4882  lr=4.55e-05
    [D-13] it   2000/5156  loss=0.1417  lr=3.36e-05
    [D-13] it   3000/5156  loss=0.0776  lr=1.86e-05
    [D-13] it   4000/5156  loss=0.0547  lr=5.95e-06
    [D-13] it   5000/5156  loss=0.0459  lr=1.13e-07
    [D-13] it   5155/5156  loss=0.0453  lr=4.64e-12
    [D-13] 训练完成 108.4s, 末段 loss=0.0442
[D-13] ★论文口径(窗口级/固定阈值/不PA) P=0.0625 R=1.0000 F1=0.1176   (窗口=59, 异常窗口=2, 阈值=0.193 [验证段 μ+ησ（论文式(13)）], 预测正例=54.2%)
[D-13]   对比: 窗口级+PA F1=0.1176 | 点级-不PA F1=0.0756 | 点级+PA F1=0.0756 | 窗口级最优阈值 F1=0.1290
[D-13]   分离度(窗口级): 正常均=13.624105796171145 异常均=11.376182608817114 gap_ratio=0.8350039833083375
[D-16] 归一化=drop 变量 55→16 列 | 随机20%窗口做验证集(26/133) | 训练窗口=107 迭代=5016(=1500轮epoch) 参数量=3.96M | T=100/linear t_start=100 lr=5e-05 batch=32 ema=0.995
    [D-16] it      0/5016  loss=1.0828  lr=2.00e-07
    [D-16] it   1000/5016  loss=0.5693  lr=4.53e-05
    [D-16] it   2000/5016  loss=0.2996  lr=3.28e-05
    [D-16] it   3000/5016  loss=0.2400  lr=1.74e-05
    [D-16] it   4000/5016  loss=0.2141  lr=4.89e-06
    [D-16] it   5000/5016  loss=0.2057  lr=1.26e-09
    [D-16] it   5015/5016  loss=0.2054  lr=4.90e-12
    [D-16] 训练完成 106.4s, 末段 loss=0.2054
[D-16] ★论文口径(窗口级/固定阈值/不PA) P=0.0000 R=0.0000 F1=0.0000   (窗口=17, 异常窗口=6, 阈值=19.76 [验证段 μ+ησ（论文式(13)）], 预测正例=0.0%)
[D-16]   对比: 窗口级+PA F1=0.0000 | 点级-不PA F1=0.0000 | 点级+PA F1=0.0000 | 窗口级最优阈值 F1=0.4286
[D-16]   分离度(窗口级): 正常均=14.07218210940735 异常均=13.598671085394434 gap_ratio=0.9663512722951211
[E-6] 归一化=drop 变量 25→24 列 | 随机20%窗口做验证集(55/276) | 训练窗口=221 迭代=10359(=1500轮epoch) 参数量=3.96M | T=100/linear t_start=100 lr=5e-05 batch=32 ema=0.995
    [E-6] it      0/10359  loss=1.1513  lr=9.67e-08
    [E-6] it   1000/10359  loss=0.7187  lr=4.89e-05
    [E-6] it   2000/10359  loss=0.3487  lr=4.55e-05
    [E-6] it   3000/10359  loss=0.2239  lr=4.03e-05
    [E-6] it   4000/10359  loss=0.1770  lr=3.38e-05
    [E-6] it   5000/10359  loss=0.1508  lr=2.64e-05
    [E-6] it   6000/10359  loss=0.1348  lr=1.88e-05
    [E-6] it   7000/10359  loss=0.1219  lr=1.19e-05
    [E-6] it   8000/10359  loss=0.1138  lr=6.13e-06
    [E-6] it   9000/10359  loss=0.1104  lr=2.09e-06
    [E-6] it  10000/10359  loss=0.1075  lr=1.48e-07
    [E-6] it  10358/10359  loss=0.1076  lr=1.15e-12
    [E-6] 训练完成 222.7s, 末段 loss=0.1069
[E-6] ★论文口径(窗口级/固定阈值/不PA) P=0.2000 R=0.5000 F1=0.2857   (窗口=64, 异常窗口=2, 阈值=6.783 [验证段 μ+ησ（论文式(13)）], 预测正例=7.8%)
[E-6]   对比: 窗口级+PA F1=0.5000 | 点级-不PA F1=0.0623 | 点级+PA F1=0.1760 | 窗口级最优阈值 F1=0.6667
[E-6]   分离度(窗口级): 正常均=4.330727670227857 异常均=606.1802930854187 gap_ratio=139.97192602358328
    [显存] 已完成 5 个通道  allocated=0.02G  reserved=0.07G
[F-1] 归一化=drop 变量 25→17 列 | 随机20%窗口做验证集(55/275) | 训练窗口=220 迭代=10312(=1500轮epoch) 参数量=3.96M | T=100/linear t_start=100 lr=5e-05 batch=32 ema=0.995
    [F-1] it      0/10312  loss=1.1262  lr=9.71e-08
    [F-1] it   1000/10312  loss=0.6188  lr=4.88e-05
    [F-1] it   2000/10312  loss=0.2466  lr=4.55e-05
    [F-1] it   3000/10312  loss=0.1670  lr=4.03e-05
    [F-1] it   4000/10312  loss=0.1373  lr=3.36e-05
    [F-1] it   5000/10312  loss=0.1195  lr=2.62e-05
    [F-1] it   6000/10312  loss=0.1093  lr=1.86e-05
    [F-1] it   7000/10312  loss=0.1010  lr=1.17e-05
    [F-1] it   8000/10312  loss=0.0957  lr=5.95e-06
    [F-1] it   9000/10312  loss=0.0926  lr=1.97e-06
    [F-1] it  10000/10312  loss=0.0921  lr=1.13e-07
    [F-1] it  10311/10312  loss=0.0918  lr=1.16e-12
    [F-1] 训练完成 219.6s, 末段 loss=0.0913
[F-1] ★论文口径(窗口级/固定阈值/不PA) P=0.0000 R=0.0000 F1=0.0000   (窗口=67, 异常窗口=1, 阈值=9.636 [验证段 μ+ησ（论文式(13)）], 预测正例=1.5%)
[F-1]   对比: 窗口级+PA F1=0.0000 | 点级-不PA F1=0.0000 | 点级+PA F1=0.0000 | 窗口级最优阈值 F1=0.0000
[F-1]   分离度(窗口级): 正常均=1.6067624172319577 异常均=0.7895265626461765 gap_ratio=0.4913772902445214
[T-12] 归一化=drop 变量 55→15 列 | 随机20%窗口做验证集(20/102) | 训练窗口=82 迭代=3844(=1500轮epoch) 参数量=3.96M | T=100/linear t_start=100 lr=5e-05 batch=32 ema=0.995
    [T-12] it      0/3844  loss=1.0967  lr=2.60e-07
    [T-12] it   1000/3844  loss=0.4813  lr=4.21e-05
    [T-12] it   2000/3844  loss=0.1749  lr=2.34e-05
    [T-12] it   3000/3844  loss=0.1222  lr=5.72e-06
    [T-12] it   3843/3844  loss=0.1102  lr=8.35e-12
    [T-12] 训练完成 78.1s, 末段 loss=0.1098
[T-12] ★论文口径(窗口级/固定阈值/不PA) P=0.0000 R=0.0000 F1=0.0000   (窗口=18, 异常窗口=2, 阈值=5.221 [验证段 μ+ησ（论文式(13)）], 预测正例=5.6%)
[T-12]   对比: 窗口级+PA F1=0.0000 | 点级-不PA F1=0.0000 | 点级+PA F1=0.0000 | 窗口级最优阈值 F1=0.5714
[T-12]   分离度(窗口级): 正常均=2.7528928315586945 异常均=4.279740944488365 gap_ratio=1.5546340545574981
[T-3] 归一化=drop 变量 25→12 列 | 随机20%窗口做验证集(55/275) | 训练窗口=220 迭代=10312(=1500轮epoch) 参数量=3.96M | T=100/linear t_start=100 lr=5e-05 batch=32 ema=0.995
    [T-3] it      0/10312  loss=1.0907  lr=9.71e-08
    [T-3] it   1000/10312  loss=0.4790  lr=4.88e-05
    [T-3] it   2000/10312  loss=0.1245  lr=4.55e-05
    [T-3] it   3000/10312  loss=0.0774  lr=4.03e-05
    [T-3] it   4000/10312  loss=0.0594  lr=3.36e-05
    [T-3] it   5000/10312  loss=0.0490  lr=2.62e-05
    [T-3] it   6000/10312  loss=0.0413  lr=1.86e-05
    [T-3] it   7000/10312  loss=0.0368  lr=1.17e-05
    [T-3] it   8000/10312  loss=0.0340  lr=5.95e-06
    [T-3] it   9000/10312  loss=0.0322  lr=1.97e-06
    [T-3] it  10000/10312  loss=0.0311  lr=1.13e-07
    [T-3] it  10311/10312  loss=0.0312  lr=1.16e-12
    [T-3] 训练完成 228.1s, 末段 loss=0.0318
[T-3] ★论文口径(窗口级/固定阈值/不PA) P=0.5000 R=0.5000 F1=0.5000   (窗口=67, 异常窗口=4, 阈值=3.764 [验证段 μ+ησ（论文式(13)）], 预测正例=6.0%)
[T-3]   对比: 窗口级+PA F1=0.8000 | 点级-不PA F1=0.3764 | 点级+PA F1=0.4913 | 窗口级最优阈值 F1=0.6667
[T-3]   分离度(窗口级): 正常均=0.7021696480868018 异常均=153.9715081821056 gap_ratio=219.27964075580738

==========================================================================================
DDTAD 修正版汇总 | t_start=100 score=paper thresh=val iters=0
汇总：参与评估 8 个 (通道×轮次) 样本

★ 主指标 = 论文口径：窗口级 + 验证段固定阈值 + 不做 point-adjust（论文 §II.A/式(12)(13)(16)）
  窗口级 不PA   P=11.36  R=23.81  F1=15.38   [宏观 F1=11.29]
    [MSL] 通道=  2×1轮  P=  0.00 R=  0.00 F1=  0.00
    [SMAP] 通道=  6×1轮  P= 11.63 R= 38.46 F1= 17.86
  论文 DDTAD: SMAP P=92.27 R=91.30 F1=91.78 | MSL P=94.47 R=97.21 F1=95.82

参考口径（非论文口径，仅供诊断）：
  窗口级 +PA    P=17.02  R=38.10  F1=23.53
  点级   不PA   P=5.58  R=21.87  F1=8.89
  点级   +PA    P=7.17  R=28.62  F1=11.47
  窗口级最优阈值（天花板，宏观点级口径参考）宏观点级 F1=39.11
------------------------------------------------------------------------------------------
有效加噪步数 t_start 对照（同一批模型，只是加噪/反向步数不同；论文是 T=100 全链）
   t_start  alpha_bar      信号残留% |     窗口P     窗口R     窗口F1 |    窗口+PA     最优阈值 |       正常均       异常均     gap
         5     0.9975       99.9 |    7.82   66.67    14.00 |    17.65    43.57 |    0.2113    0.3724   1.762
        10     0.9900       99.5 |    8.24   66.67    14.66 |    18.46    42.98 |    0.6326    1.3010   2.056
        20     0.9606       98.0 |    9.93   66.67    17.28 |    21.69    43.28 |    1.6159    4.2668   2.641
        35     0.8839       94.0 |   10.17   57.14    17.27 |    24.83    41.20 |    2.8284   11.0665   3.913
        50     0.7772       88.2 |   10.39   38.10    16.33 |    33.33    40.30 |    3.7015   21.2676   5.746
       100     0.3636       60.3 |   11.36   23.81    15.38 |    23.53    39.11 |    5.9708   99.9236  16.735  ← 论文 T=100
------------------------------------------------------------------------------------------
★ t_start × 打分方式 交叉排行榜（按论文口径【窗口级 F1】排序，前 20）
  t_start|score               winP    winR    winF1 |  winPAF1      最优阈值     gap   pred%
  5|zself_max                13.92   52.38    22.00 |    30.48     49.07   1.909   26.3% ★
  10|zself_max               13.92   52.38    22.00 |    30.48     42.57   2.477   25.8%
  35|zself_max               14.29   47.62    21.98 |    32.99     40.72   6.345   21.5%
  5|zself_mean               13.89   47.62    21.51 |    32.32     47.70   2.568   22.4%
  20|zself_max               13.89   47.62    21.51 |    32.32     42.85   4.008   21.9%
  10|zself_mean              13.16   47.62    20.62 |    31.07     42.85   3.893   22.6%
  20|zself_mean              12.99   47.62    20.41 |    30.77     43.02   7.242   22.9%
  20|zratio_max              15.00   28.57    19.67 |    30.77     40.72   1.456    9.2%
  10|zratio_top3             14.63   28.57    19.35 |    30.30     38.79   1.594    8.9%
  35|zratio_max              14.63   28.57    19.35 |    30.30     41.77   1.437    8.9%
  5|zratio_max               14.29   28.57    19.05 |    29.85     44.47   1.399    9.6%
  10|zratio_max              14.29   28.57    19.05 |    29.85     40.30   1.452    9.1%
  50|zratio_max              14.29   28.57    19.05 |    29.85     38.63   1.419    9.6%
  50|zratio_top3             14.29   28.57    19.05 |    29.85     44.47   1.523   10.1%
  50|zself_max               12.70   38.10    19.05 |    34.78     40.75   8.622   16.9%
  5|zratio_top3              13.95   28.57    18.75 |    29.41     43.28   1.513    9.3%
  10|zratio_mean             13.95   28.57    18.75 |    29.41     39.49   1.978    9.3%
  100|zratio_max             13.95   28.57    18.75 |    29.41     30.43   1.345   10.3%
  100|zself_mean             13.33   28.57    18.18 |    28.57     32.38  31.716   10.7%
  5|zratio_mean              13.04   28.57    17.91 |    28.17     41.61   1.713    9.9%
  （论文设置 100|paper: 窗口级 F1=15.38, 排名 30/42）
------------------------------------------------------------------------------------------
评测口径对照：同一批重构，只换『判定单元 / 阈值来源 / 是否 point-adjust』
  口径                                        P        R       F1
  论文口径-窗口级-固定阈值-不PA                     11.36    23.81    15.38
  论文口径-窗口级-固定阈值-加PA                     17.02    38.10    23.53
  论文口径-窗口级-最优阈值-不PA                     10.00    52.38    16.79
  论文口径-窗口级-最优阈值-加PA                     16.51    85.71    27.69
  点级-固定阈值-不PA                            5.58    21.87     8.89
  点级-固定阈值-加PA                            7.17    28.62    11.47
    [MSL] 论文口径-窗口级-固定阈值-不PA                0.00     0.00     0.00
    [MSL] 论文口径-窗口级-固定阈值-加PA                0.00     0.00     0.00
    [MSL] 论文口径-窗口级-最优阈值-不PA               38.46    62.50    47.62
    [MSL] 论文口径-窗口级-最优阈值-加PA               66.67   100.00    80.00
    [MSL] 点级-固定阈值-不PA                      0.00     0.00     0.00
    [MSL] 点级-固定阈值-加PA                      0.00     0.00     0.00
    [SMAP] 论文口径-窗口级-固定阈值-不PA               11.63    38.46    17.86
    [SMAP] 论文口径-窗口级-固定阈值-加PA               17.39    61.54    27.12
    [SMAP] 论文口径-窗口级-最优阈值-不PA                6.19    46.15    10.91
    [SMAP] 论文口径-窗口级-最优阈值-加PA               10.31    76.92    18.18
    [SMAP] 点级-固定阈值-不PA                      5.70    47.29    10.18
    [SMAP] 点级-固定阈值-加PA                      7.34    61.90    13.12
  论文 DDTAD: SMAP P=92.27 R=91.30 F1=91.78 | MSL P=94.47 R=97.21 F1=95.82
------------------------------------------------------------------------------------------
方案扫描：共 938 种组合（同一批重构，评估免费；评估单元都是**窗口**）

  ★按【窗口级 F1（论文口径：窗口判定 + 不 PA）】排序 —— 前 25 名
    score|thresh|eta|smooth           winP    winR    winF1 |  winPAP  winPAR  winPAF1 |   pred%
    zval_max|qmap|3|w9               46.15   28.57    35.29 |   58.82   47.62    52.63 |    3.7% ★
    zself_max|qmap|4|w9              55.56   23.81    33.33 |   77.78   66.67    71.79 |    3.0%
    zval_max|qmap|4|w0               55.56   23.81    33.33 |   71.43   47.62    57.14 |    3.0%
    zval_max|qmap|4|w9               55.56   23.81    33.33 |   71.43   47.62    57.14 |    3.0%
    zself_max|qmap|3|w9              41.67   23.81    30.30 |   66.67   66.67    66.67 |    3.5%
    zval_max|qmap|3|w0               38.46   23.81    29.41 |   55.56   47.62    51.28 |    3.7%
    zval_max|h10|6|w9                30.00   28.57    29.27 |   41.67   47.62    44.44 |    6.2%
    zval_max|qmap|2|w9               27.27   28.57    27.91 |   38.46   47.62    42.55 |    6.0%
    zself_max|qmap|6|w9              50.00   19.05    27.59 |   75.00   57.14    64.86 |    2.8%
    zval_max|qmap|6|w0               50.00   19.05    27.59 |   66.67   38.10    48.48 |    2.8%
    zval_max|qmap|6|w9               50.00   19.05    27.59 |   66.67   38.10    48.48 |    2.8%
    zval_max|h10|3|w9                26.09   28.57    27.27 |   37.04   47.62    41.67 |    6.8%
    zval_max|h10|4|w9                26.09   28.57    27.27 |   37.04   47.62    41.67 |    6.8%
    zval_max|q05|0|w9                26.09   28.57    27.27 |   37.04   47.62    41.67 |    5.9%
    paper|qmap|4|w0                  44.44   19.05    26.67 |   61.54   38.10    47.06 |    3.0%
    paper|qmap|4|w9                  44.44   19.05    26.67 |   61.54   38.10    47.06 |    3.0%
    zratio_mean|qmap|4|w0            44.44   19.05    26.67 |   61.54   38.10    47.06 |    3.0%
    zratio_mean|qmap|4|w9            44.44   19.05    26.67 |   61.54   38.10    47.06 |    3.0%
    zratio_top3|qmap|4|w0            44.44   19.05    26.67 |   61.54   38.10    47.06 |    3.0%
    zself_mean|qmap|4|w0             44.44   19.05    26.67 |   61.54   38.10    47.06 |    3.0%
    zself_mean|qmap|4|w9             44.44   19.05    26.67 |   61.54   38.10    47.06 |    3.0%
    paper|qmap|3|w0                  40.00   19.05    25.81 |   57.14   38.10    45.71 |    3.1%
    paper|qmap|3|w9                  40.00   19.05    25.81 |   57.14   38.10    45.71 |    3.1%
    zratio_mean|qmap|3|w0            40.00   19.05    25.81 |   57.14   38.10    45.71 |    3.1%
    zratio_mean|qmap|3|w9            40.00   19.05    25.81 |   57.14   38.10    45.71 |    3.1%

  按【窗口级 +PA F1】排序（参考，论文没用 PA） —— 前 25 名
    score|thresh|eta|smooth           winP    winR    winF1 |  winPAP  winPAR  winPAF1 |   pred%
    zself_max|qmap|4|w9              55.56   23.81    33.33 |   77.78   66.67    71.79 |    3.0% ★
    zself_max|qmap|3|w9              41.67   23.81    30.30 |   66.67   66.67    66.67 |    3.5%
    zself_max|qmap|6|w9              50.00   19.05    27.59 |   75.00   57.14    64.86 |    2.8%
    zself_max|qmap|2|w9              26.32   23.81    25.00 |   50.00   66.67    57.14 |    4.9%
    zval_max|qmap|4|w0               55.56   23.81    33.33 |   71.43   47.62    57.14 |    3.0%
    zval_max|qmap|4|w9               55.56   23.81    33.33 |   71.43   47.62    57.14 |    3.0%
    zself_mean|qmap|2|w9             25.00   23.81    24.39 |   48.28   66.67    56.00 |    5.7%
    zself_max|q05|0|w9               21.74   23.81    22.73 |   43.75   66.67    52.83 |    5.9%
    zval_max|qmap|3|w9               46.15   28.57    35.29 |   58.82   47.62    52.63 |    3.7%
    zval_max|qmap|3|w0               38.46   23.81    29.41 |   55.56   47.62    51.28 |    3.7%
    zval_max|qmap|6|w0               50.00   19.05    27.59 |   66.67   38.10    48.48 |    2.8%
    zval_max|qmap|6|w9               50.00   19.05    27.59 |   66.67   38.10    48.48 |    2.8%
    paper|qmap|4|w0                  44.44   19.05    26.67 |   61.54   38.10    47.06 |    3.0%
    paper|qmap|4|w9                  44.44   19.05    26.67 |   61.54   38.10    47.06 |    3.0%
    zratio_mean|qmap|4|w0            44.44   19.05    26.67 |   61.54   38.10    47.06 |    3.0%
    zratio_mean|qmap|4|w9            44.44   19.05    26.67 |   61.54   38.10    47.06 |    3.0%
    zratio_top3|qmap|4|w0            44.44   19.05    26.67 |   61.54   38.10    47.06 |    3.0%
    zself_mean|qmap|4|w0             44.44   19.05    26.67 |   61.54   38.10    47.06 |    3.0%
    zself_mean|qmap|4|w9             44.44   19.05    26.67 |   61.54   38.10    47.06 |    3.0%
    paper|qmap|3|w0                  40.00   19.05    25.81 |   57.14   38.10    45.71 |    3.1%
    paper|qmap|3|w9                  40.00   19.05    25.81 |   57.14   38.10    45.71 |    3.1%
    zratio_mean|qmap|3|w0            40.00   19.05    25.81 |   57.14   38.10    45.71 |    3.1%
    zratio_mean|qmap|3|w9            40.00   19.05    25.81 |   57.14   38.10    45.71 |    3.1%
    zratio_top3|qmap|3|w0            40.00   19.05    25.81 |   57.14   38.10    45.71 |    3.1%
    zratio_top3|qmap|3|w9            40.00   19.05    25.81 |   57.14   38.10    45.71 |    3.1%

  ★ 最优组合 zval_max|qmap|3|w9 的分数据集结果（论文口径：窗口级 + 不 PA）：
      [MSL] P= 50.00  R= 12.50  F1= 20.00
      [SMAP] P= 45.45  R= 38.46  F1= 41.67
      论文 DDTAD: SMAP P=92.27 R=91.30 F1=91.78 | MSL P=94.47 R=97.21 F1=95.82

  论文原始配置 paper|val|2|w0: 窗口级 F1=15.38 (排名 394/938)  窗口级+PA F1=23.53

  ★ 最优（PA）: zself_max|qmap|4|w9  ->  PA P=77.78 R=66.67 F1=71.79   plain F1=33.33
==========================================================================================

结果已保存: /mnt/sdb/home/liuqr/Project/20269/ddtad/out/all/shard9/report.txt | results.json | summary.csv
