设备=NVIDIA GeForce RTX 4090 (25.3 GB, SM89) 可见卡数=1 torch=2.6.0+cu124 数据根=/mnt/sdb/home/liuqr/Dataset/data/data
标签=/mnt/sdb/home/liuqr/Dataset/labeled_anomalies.csv 通道数=81
配置: iters_list=[6000] col_policies=['drop', 'zero'] t_starts=[50, 100, 200, 300, 400] scores=['paper', 'zval_max', 'zself_max'] sampler=ddim n_sample=2 base=32 调度=cosine T=1000

==================================================================================================================================
### C-1 | 策略=drop | 变量=55 活列=15 | 测试点=2264 异常点=312 (13.78%) | 类=[point, contextual]
[Q1 数据] 训练段恒定列=40  测试段恒定列=39  训练恒定但测试有变化=3
[Q1 数据] 异常最敏感变量 top5 (变量号, 异常区|z|/正常区|z|, 异常区|z|, 正常区|z|): v19:3.44x(0.32/0.09)  v45:3.20x(0.29/0.09)  v49:1.87x(0.19/0.10)  v0:1.23x(0.96/0.78)  v12:1.09x(0.28/0.25)
[Q1 归一化] 策略=drop: 55 列 -> 送入网络 18 列（两边都恒定删掉 37 列）
[进度] C-1: ★开始训练★ 160 个训练窗口 × 6000 次迭代 (base=32, 参数量=1193.6K) ...
    [C-1_it6000_drop] it      0/6000  loss=1.1135  lr=6.67e-07
    [C-1_it6000_drop] it   1000/6000  loss=0.5415  lr=1.87e-04
    [C-1_it6000_drop] it   2000/6000  loss=0.2139  lr=1.50e-04
    [C-1_it6000_drop] it   3000/6000  loss=0.1479  lr=1.00e-04
    [C-1_it6000_drop] it   4000/6000  loss=0.1161  lr=5.00e-05
    [C-1_it6000_drop] it   5000/6000  loss=0.0991  lr=1.34e-05
    [C-1_it6000_drop] it   5999/6000  loss=0.0937  lr=1.37e-11
    [C-1_it6000_drop] 训练完成 140.6s, 末段 loss=0.0925
[Q2 模型] eps-MSE by t: t0=0.9241  t50=0.2374  t100=0.1726  t200=0.1292  t400=0.0836  t600=0.0568  t800=0.0426  t999=0.0393   （1.0 = 完全没学到；<0.1 = 学得不错）

t_start    abar    残留% |       score |    val_mu    val_sd |   tstNorm   tstAnom     gap |   η=2 P   η=2 R  η=2 F1      PA |  η=3 F1      PA |  η=4 F1      PA |  VR2PA  VR3PA |  oracle predPos%
-------------------------------------------------------------------------------------------------------------------------------------------------------------------------------------------------
     50  0.9920   99.6 |       paper |   0.00153   0.00252 |   0.00303   0.00449   1.483 |   0.207   0.074   0.109   0.876 |   0.104   0.897 |   0.101   0.907 |  0.526  0.595 |   0.265    20.5%
     50  0.9920   99.6 |    zval_max |   1.59995   2.75464 |  17.31870  33.23985   1.919 |   0.239   0.119   0.158   0.841 |   0.131   0.878 |   0.122   0.894 |  0.583  0.684 |   0.267    18.9%
     50  0.9920   99.6 |   zself_max |  15.33380  68.97569 |  51.65109  89.26717   1.728 |   0.228   0.067   0.104   0.898 |   0.102   0.912 |   0.099   0.923 |  0.612  0.661 |   0.265    24.2%
    100  0.9721   98.6 |       paper |   0.00348   0.00625 |   0.00599   0.00875   1.460 |   0.190   0.083   0.116   0.849 |   0.109   0.878 |   0.104   0.898 |  0.502  0.549 |   0.260    26.1%
    100  0.9721   98.6 |    zval_max |   1.53606   2.76493 |  21.17600  41.32725   1.952 |   0.234   0.125   0.163   0.830 |   0.141   0.864 |   0.121   0.891 |  0.504  0.567 |   0.259    24.4%
    100  0.9721   98.6 |   zself_max |  27.27152 104.95109 |  71.46087 124.51456   1.742 |   0.198   0.067   0.100   0.880 |   0.105   0.903 |   0.098   0.915 |  0.556  0.583 |   0.255    28.2%
    200  0.8987   94.8 |       paper |   0.00914   0.01679 |   0.01264   0.01638   1.296 |   0.179   0.096   0.125   0.819 |   0.110   0.863 |   0.103   0.891 |  0.508  0.545 |   0.261    28.1%
    200  0.8987   94.8 |    zval_max |   1.53618   2.74316 |  21.05198  40.03551   1.902 |   0.227   0.128   0.164   0.821 |   0.140   0.862 |   0.124   0.886 |  0.513  0.561 |   0.254    25.7%
    200  0.8987   94.8 |   zself_max |  46.30878 142.72317 |  87.08712 137.47302   1.579 |   0.183   0.077   0.108   0.854 |   0.100   0.878 |   0.090   0.900 |  0.538  0.555 |   0.250    28.9%
    300  0.7869   88.7 |       paper |   0.01640   0.02797 |   0.02030   0.02431   1.197 |   0.172   0.106   0.131   0.797 |   0.112   0.869 |   0.087   0.907 |  0.527  0.554 |   0.246    27.6%
    300  0.7869   88.7 |    zval_max |   1.65722   2.70121 |  19.39633  35.44788   1.828 |   0.220   0.128   0.162   0.815 |   0.138   0.872 |   0.122   0.895 |  0.535  0.588 |   0.262    23.1%
    300  0.7869   88.7 |   zself_max |  50.30690 135.08424 |  80.65947 117.72595   1.460 |   0.175   0.080   0.110   0.841 |   0.109   0.878 |   0.090   0.898 |  0.536  0.550 |   0.246    28.4%
    400  0.6475   80.5 |       paper |   0.02477   0.03800 |   0.02889   0.03318   1.149 |   0.168   0.112   0.135   0.783 |   0.113   0.876 |   0.076   0.934 |  0.540  0.560 |   0.238    26.9%
    400  0.6475   80.5 |    zval_max |   1.80904   2.65660 |  16.35289  29.52785   1.806 |   0.207   0.115   0.148   0.819 |   0.120   0.885 |   0.100   0.903 |  0.573  0.637 |   0.271    21.0%
    400  0.6475   80.5 |   zself_max |  44.63514 108.51999 |  65.72949  91.46026   1.391 |   0.173   0.083   0.113   0.834 |   0.100   0.875 |   0.090   0.902 |  0.534  0.549 |   0.248    28.0%

[Q4 逐变量] 各 t_start 下按 (异常区误差 / 正常区误差) 排序的 top5 变量 —— 若 top 变量的比值很高但 gap 接近 1，说明是'对变量取均值'把异常稀释了
  t_start=  50: v2:5.76x  v3:2.87x  v15:2.78x  v6:2.36x  v0:2.19x
  t_start= 100: v2:7.19x  v3:3.69x  v15:3.13x  v6:2.55x  v0:2.28x
  t_start= 200: v2:7.39x  v3:4.23x  v15:3.10x  v6:2.63x  v0:2.13x
  t_start= 300: v2:6.54x  v3:3.85x  v15:2.92x  v6:2.60x  v0:1.95x
  t_start= 400: v2:5.40x  v3:3.19x  v15:2.67x  v6:2.45x  v17:1.88x
[进度] C-1 策略=drop iters=6000: ✔全部完成（训练 + 5 个 t_start × 3 种打分的评估）

==================================================================================================================================
### C-1 | 策略=zero | 变量=55 活列=15 | 测试点=2264 异常点=312 (13.78%) | 类=[point, contextual]
[Q1 数据] 训练段恒定列=40  测试段恒定列=39  训练恒定但测试有变化=3
[Q1 数据] 异常最敏感变量 top5 (变量号, 异常区|z|/正常区|z|, 异常区|z|, 正常区|z|): v19:3.44x(0.32/0.09)  v45:3.20x(0.29/0.09)  v49:1.87x(0.19/0.10)  v0:1.23x(0.96/0.78)  v12:1.09x(0.28/0.25)
[Q1 归一化] 策略=zero: 55 列 -> 送入网络 55 列（两边都恒定删掉 0 列）
[进度] C-1: ★开始训练★ 160 个训练窗口 × 6000 次迭代 (base=32, 参数量=1198.3K) ...
    [C-1_it6000_zero] it      0/6000  loss=1.1303  lr=6.67e-07
    [C-1_it6000_zero] it   1000/6000  loss=0.8149  lr=1.87e-04
    [C-1_it6000_zero] it   2000/6000  loss=0.6120  lr=1.50e-04
    [C-1_it6000_zero] it   3000/6000  loss=0.5462  lr=1.00e-04
    [C-1_it6000_zero] it   4000/6000  loss=0.5123  lr=5.00e-05
    [C-1_it6000_zero] it   5000/6000  loss=0.4960  lr=1.34e-05
    [C-1_it6000_zero] it   5999/6000  loss=0.4908  lr=1.37e-11
    [C-1_it6000_zero] 训练完成 126.4s, 末段 loss=0.4903
[Q2 模型] eps-MSE by t: t0=0.9259  t50=0.5314  t100=0.5072  t200=0.4928  t400=0.4879  t600=0.4871  t800=0.4872  t999=0.4873   （1.0 = 完全没学到；<0.1 = 学得不错）

t_start    abar    残留% |       score |    val_mu    val_sd |   tstNorm   tstAnom     gap |   η=2 P   η=2 R  η=2 F1      PA |  η=3 F1      PA |  η=4 F1      PA |  VR2PA  VR3PA |  oracle predPos%
-------------------------------------------------------------------------------------------------------------------------------------------------------------------------------------------------
     50  0.9920   99.6 |       paper |   0.00209   0.00058 |   0.00222   0.00234   1.053 |   0.148   0.038   0.061   0.691 |   0.051   0.738 |   0.041   0.750 |  0.780  0.849 |   0.232    10.5%
     50  0.9920   99.6 |    zval_max |   2.85133   2.25679 |   2.93776   4.06835   1.385 |   0.093   0.022   0.036   0.692 |   0.039   0.726 |   0.040   0.736 |  0.833  0.883 |   0.256    11.2%
     50  0.9920   99.6 |   zself_max |   4.38154   4.11430 |   4.77079   6.40538   1.343 |   0.100   0.022   0.037   0.698 |   0.039   0.727 |   0.040   0.734 |  0.789  0.857 |   0.253    12.5%
    100  0.9721   98.6 |       paper |   0.00705   0.00171 |   0.00739   0.00751   1.016 |   0.173   0.029   0.049   0.723 |   0.040   0.744 |   0.041   0.749 |  0.822  0.904 |   0.214     8.5%
    100  0.9721   98.6 |    zval_max |   2.91701   2.17428 |   2.69667   3.17447   1.177 |   0.108   0.022   0.037   0.704 |   0.039   0.726 |   0.040   0.739 |  0.652  0.685 |   0.247    10.4%
    100  0.9721   98.6 |   zself_max |   4.20066   3.31675 |   4.24893   4.91097   1.156 |   0.101   0.022   0.037   0.699 |   0.038   0.717 |   0.040   0.735 |  0.808  0.664 |   0.240    11.1%
    200  0.8987   94.8 |       paper |   0.02689   0.00614 |   0.02793   0.02790   0.999 |   0.143   0.013   0.024   0.749 |   0.013   0.775 |   0.000   0.000 |  0.895  0.734 |   0.212     4.8%
    200  0.8987   94.8 |    zval_max |   2.93098   2.05723 |   2.46390   2.58071   1.047 |   0.104   0.016   0.028   0.723 |   0.029   0.742 |   0.024   0.757 |  0.873  0.702 |   0.240     9.1%
    200  0.8987   94.8 |   zself_max |   4.03369   2.89385 |   3.80843   3.93661   1.034 |   0.098   0.019   0.032   0.708 |   0.028   0.735 |   0.024   0.753 |  0.847  0.893 |   0.232     9.1%
    300  0.7869   88.7 |       paper |   0.06402   0.01455 |   0.06633   0.06599   0.995 |   0.000   0.000   0.000   0.000 |   0.000   0.000 |   0.000   0.000 |  0.911  0.000 |   0.208     4.2%
    300  0.7869   88.7 |    zval_max |   2.92472   2.03030 |   2.38022   2.39372   1.006 |   0.053   0.006   0.011   0.732 |   0.012   0.750 |   0.012   0.764 |  0.890  0.714 |   0.238     8.7%
    300  0.7869   88.7 |   zself_max |   3.98418   2.81164 |   3.67315   3.66172   0.997 |   0.043   0.006   0.011   0.720 |   0.012   0.742 |   0.012   0.756 |  0.851  0.899 |   0.226     8.8%
    400  0.6475   80.5 |       paper |   0.12823   0.02914 |   0.13271   0.13181   0.993 |   0.000   0.000   0.000   0.000 |   0.000   0.000 |   0.000   0.000 |  0.919  0.000 |   0.205     3.8%
    400  0.6475   80.5 |    zval_max |   2.91772   2.01921 |   2.34712   2.31903   0.988 |   0.059   0.006   0.012   0.738 |   0.000   0.000 |   0.000   0.000 |  0.889  0.719 |   0.234     8.7%
    400  0.6475   80.5 |   zself_max |   3.96270   2.77816 |   3.63010   3.55873   0.980 |   0.047   0.006   0.011   0.726 |   0.000   0.000 |   0.000   0.000 |  0.854  0.900 |   0.224     8.5%

[Q4 逐变量] 各 t_start 下按 (异常区误差 / 正常区误差) 排序的 top5 变量 —— 若 top 变量的比值很高但 gap 接近 1，说明是'对变量取均值'把异常稀释了
  t_start=  50: v45:1.47x  v19:1.32x  v10:1.18x  v34:1.17x  v17:1.15x
  t_start= 100: v19:1.20x  v45:1.20x  v10:1.13x  v24:1.10x  v17:1.09x
  t_start= 200: v10:1.11x  v24:1.09x  v19:1.07x  v17:1.07x  v0:1.07x
  t_start= 300: v10:1.10x  v24:1.08x  v0:1.07x  v17:1.07x  v9:1.05x
  t_start= 400: v10:1.10x  v24:1.08x  v0:1.07x  v17:1.06x  v9:1.05x
[进度] C-1 策略=zero iters=6000: ✔全部完成（训练 + 5 个 t_start × 3 种打分的评估）

==================================================================================================================================
### P-1 | 策略=drop | 变量=25 活列=16 | 测试点=8505 异常点=751 (8.83%) | 类=[contextual, contextual, contextual]
[Q1 数据] 训练段恒定列=9  测试段恒定列=7  训练恒定但测试有变化=2
[Q1 数据] 异常最敏感变量 top5 (变量号, 异常区|z|/正常区|z|, 异常区|z|, 正常区|z|): v7:1.51x(0.11/0.07)  v11:1.51x(0.11/0.07)  v2:1.08x(0.18/0.17)  v6:1.06x(0.70/0.66)  v5:1.05x(0.77/0.73)
[Q1 归一化] 策略=drop: 25 列 -> 送入网络 18 列（两边都恒定删掉 7 列）
[进度] P-1: ★开始训练★ 218 个训练窗口 × 6000 次迭代 (base=32, 参数量=1193.6K) ...
    [P-1_it6000_drop] it      0/6000  loss=1.1140  lr=6.67e-07
    [P-1_it6000_drop] it   1000/6000  loss=0.5382  lr=1.87e-04
    [P-1_it6000_drop] it   2000/6000  loss=0.1987  lr=1.50e-04
    [P-1_it6000_drop] it   3000/6000  loss=0.1337  lr=1.00e-04
    [P-1_it6000_drop] it   4000/6000  loss=0.1051  lr=5.00e-05
    [P-1_it6000_drop] it   5000/6000  loss=0.0899  lr=1.34e-05
    [P-1_it6000_drop] it   5999/6000  loss=0.0848  lr=1.37e-11
    [P-1_it6000_drop] 训练完成 123.7s, 末段 loss=0.0837
[Q2 模型] eps-MSE by t: t0=0.9062  t50=0.2183  t100=0.1506  t200=0.1095  t400=0.0749  t600=0.0548  t800=0.0430  t999=0.0380   （1.0 = 完全没学到；<0.1 = 学得不错）

t_start    abar    残留% |       score |    val_mu    val_sd |   tstNorm   tstAnom     gap |   η=2 P   η=2 R  η=2 F1      PA |  η=3 F1      PA |  η=4 F1      PA |  VR2PA  VR3PA |  oracle predPos%
-------------------------------------------------------------------------------------------------------------------------------------------------------------------------------------------------
     50  0.9920   99.6 |       paper |   0.00153   0.00302 |   0.00160   0.00173   1.083 |   0.115   0.024   0.040   0.916 |   0.030   0.785 |   0.024   0.798 |  0.416  0.464 |   0.135    26.6%
     50  0.9920   99.6 |    zval_max |   1.14809   2.53991 |   1.77159   2.36597   1.336 |   0.114   0.036   0.055   0.878 |   0.029   0.766 |   0.030   0.778 |  0.375  0.423 |   0.142    32.2%
     50  0.9920   99.6 |   zself_max |  11.91048  58.26419 |  13.91232  16.03804   1.153 |   0.125   0.020   0.034   0.782 |   0.021   0.539 |   0.019   0.551 |  0.399  0.440 |   0.139    28.5%
    100  0.9721   98.6 |       paper |   0.00334   0.00671 |   0.00348   0.00375   1.080 |   0.115   0.029   0.047   0.898 |   0.036   0.775 |   0.028   0.790 |  0.419  0.458 |   0.135    27.3%
    100  0.9721   98.6 |    zval_max |   1.17059   2.74282 |   1.79038   2.46549   1.377 |   0.100   0.029   0.045   0.734 |   0.036   0.767 |   0.025   0.527 |  0.348  0.377 |   0.138    35.8%
    100  0.9721   98.6 |   zself_max |  18.45613  81.05983 |  22.40353  25.98542   1.160 |   0.116   0.023   0.038   0.769 |   0.028   0.782 |   0.021   0.540 |  0.399  0.427 |   0.138    28.5%
    200  0.8987   94.8 |       paper |   0.00803   0.01585 |   0.00804   0.00846   1.052 |   0.124   0.044   0.065   0.865 |   0.039   0.760 |   0.028   0.536 |  0.435  0.468 |   0.135    25.6%
    200  0.8987   94.8 |    zval_max |   1.20190   2.87789 |   1.82139   2.42919   1.334 |   0.101   0.033   0.050   0.722 |   0.031   0.761 |   0.025   0.782 |  0.351  0.386 |   0.136    36.0%
    200  0.8987   94.8 |   zself_max |  28.25238  98.10175 |  32.53236  35.83534   1.102 |   0.104   0.027   0.042   0.747 |   0.038   0.770 |   0.028   0.784 |  0.415  0.434 |   0.141    27.7%
    300  0.7869   88.7 |       paper |   0.01452   0.02877 |   0.01404   0.01460   1.040 |   0.098   0.047   0.063   0.824 |   0.031   0.757 |   0.021   0.543 |  0.446  0.475 |   0.136    24.8%
    300  0.7869   88.7 |    zval_max |   1.19623   2.82672 |   1.74318   2.28487   1.311 |   0.098   0.039   0.055   0.850 |   0.033   0.761 |   0.026   0.790 |  0.377  0.421 |   0.136    33.3%
    300  0.7869   88.7 |   zself_max |  31.41772  94.23897 |  33.53330  36.29824   1.082 |   0.116   0.041   0.061   0.864 |   0.035   0.759 |   0.032   0.780 |  0.424  0.442 |   0.145    27.0%
    400  0.6475   80.5 |       paper |   0.02308   0.04546 |   0.02190   0.02262   1.033 |   0.092   0.055   0.068   0.787 |   0.031   0.913 |   0.017   0.809 |  0.451  0.480 |   0.140    24.3%
    400  0.6475   80.5 |    zval_max |   1.19845   2.75125 |   1.65936   2.17916   1.313 |   0.102   0.044   0.061   0.838 |   0.031   0.765 |   0.019   0.795 |  0.408  0.459 |   0.136    28.7%
    400  0.6475   80.5 |   zself_max |  29.57546  81.96639 |  29.98942  32.41625   1.081 |   0.109   0.049   0.068   0.832 |   0.043   0.903 |   0.028   0.783 |  0.430  0.447 |   0.147    26.4%

[Q4 逐变量] 各 t_start 下按 (异常区误差 / 正常区误差) 排序的 top5 变量 —— 若 top 变量的比值很高但 gap 接近 1，说明是'对变量取均值'把异常稀释了
  t_start=  50: v10:2.23x  v9:1.47x  v7:1.34x  v6:1.32x  v17:1.24x
  t_start= 100: v10:2.46x  v9:1.61x  v6:1.37x  v7:1.34x  v17:1.26x
  t_start= 200: v10:2.43x  v9:1.48x  v7:1.30x  v6:1.30x  v17:1.26x
  t_start= 300: v10:2.24x  v9:1.40x  v7:1.29x  v6:1.24x  v17:1.21x
  t_start= 400: v10:2.02x  v9:1.35x  v7:1.27x  v6:1.20x  v17:1.18x
[进度] P-1 策略=drop iters=6000: ✔全部完成（训练 + 5 个 t_start × 3 种打分的评估）

==================================================================================================================================
### P-1 | 策略=zero | 变量=25 活列=16 | 测试点=8505 异常点=751 (8.83%) | 类=[contextual, contextual, contextual]
[Q1 数据] 训练段恒定列=9  测试段恒定列=7  训练恒定但测试有变化=2
[Q1 数据] 异常最敏感变量 top5 (变量号, 异常区|z|/正常区|z|, 异常区|z|, 正常区|z|): v7:1.51x(0.11/0.07)  v11:1.51x(0.11/0.07)  v2:1.08x(0.18/0.17)  v6:1.06x(0.70/0.66)  v5:1.05x(0.77/0.73)
[Q1 归一化] 策略=zero: 25 列 -> 送入网络 25 列（两边都恒定删掉 0 列）
[进度] P-1: ★开始训练★ 218 个训练窗口 × 6000 次迭代 (base=32, 参数量=1194.5K) ...
    [P-1_it6000_zero] it      0/6000  loss=1.1173  lr=6.67e-07
    [P-1_it6000_zero] it   1000/6000  loss=0.6320  lr=1.87e-04
    [P-1_it6000_zero] it   2000/6000  loss=0.3055  lr=1.50e-04
    [P-1_it6000_zero] it   3000/6000  loss=0.2052  lr=1.00e-04
    [P-1_it6000_zero] it   4000/6000  loss=0.1581  lr=5.00e-05
    [P-1_it6000_zero] it   5000/6000  loss=0.1326  lr=1.34e-05
    [P-1_it6000_zero] it   5999/6000  loss=0.1229  lr=1.37e-11
    [P-1_it6000_zero] 训练完成 120.9s, 末段 loss=0.1213
[Q2 模型] eps-MSE by t: t0=0.9508  t50=0.2781  t100=0.1949  t200=0.1446  t400=0.1086  t600=0.0934  t800=0.0852  t999=0.0829   （1.0 = 完全没学到；<0.1 = 学得不错）

t_start    abar    残留% |       score |    val_mu    val_sd |   tstNorm   tstAnom     gap |   η=2 P   η=2 R  η=2 F1      PA |  η=3 F1      PA |  η=4 F1      PA |  VR2PA  VR3PA |  oracle predPos%
-------------------------------------------------------------------------------------------------------------------------------------------------------------------------------------------------
     50  0.9920   99.6 |       paper |   0.00171   0.00202 |   0.00169   0.00168   0.993 |   0.108   0.029   0.046   0.742 |   0.030   0.778 |   0.017   0.796 |  0.453  0.505 |   0.132    25.2%
     50  0.9920   99.6 |    zval_max |   1.53135   2.68760 |   1.78304   2.03169   1.139 |   0.108   0.036   0.054   0.722 |   0.035   0.763 |   0.026   0.533 |  0.502  0.613 |   0.137    24.7%
     50  0.9920   99.6 |   zself_max |   7.35873  18.18610 |   8.12679   8.92929   1.099 |   0.111   0.028   0.045   0.899 |   0.036   0.770 |   0.030   0.786 |  0.455  0.522 |   0.135    26.1%
    100  0.9721   98.6 |       paper |   0.00390   0.00508 |   0.00385   0.00383   0.996 |   0.101   0.037   0.054   0.857 |   0.038   0.770 |   0.019   0.793 |  0.447  0.482 |   0.135    25.7%
    100  0.9721   98.6 |    zval_max |   1.45098   2.81644 |   1.74662   1.93951   1.110 |   0.093   0.033   0.049   0.860 |   0.039   0.760 |   0.026   0.534 |  0.452  0.522 |   0.142    26.5%
    100  0.9721   98.6 |   zself_max |   9.90602  25.53733 |  10.85198  11.89064   1.096 |   0.098   0.028   0.044   0.736 |   0.042   0.767 |   0.037   0.789 |  0.453  0.493 |   0.139    26.4%
    200  0.8987   94.8 |       paper |   0.00977   0.01297 |   0.00962   0.00961   0.999 |   0.104   0.065   0.080   0.780 |   0.041   0.900 |   0.010   0.544 |  0.460  0.492 |   0.140    24.6%
    200  0.8987   94.8 |    zval_max |   1.45289   2.83178 |   1.65126   1.80496   1.093 |   0.093   0.039   0.055   0.841 |   0.035   0.756 |   0.024   0.539 |  0.495  0.563 |   0.140    23.2%
    200  0.8987   94.8 |   zself_max |  11.67709  29.69866 |  11.87859  12.73907   1.072 |   0.092   0.032   0.047   0.715 |   0.040   0.763 |   0.035   0.793 |  0.459  0.488 |   0.145    25.2%
    300  0.7869   88.7 |       paper |   0.01811   0.02292 |   0.01782   0.01786   1.002 |   0.093   0.068   0.079   0.751 |   0.041   0.886 |   0.005   0.557 |  0.468  0.506 |   0.148    23.4%
    300  0.7869   88.7 |    zval_max |   1.53716   2.75500 |   1.63439   1.80236   1.103 |   0.095   0.041   0.058   0.836 |   0.037   0.754 |   0.021   0.542 |  0.545  0.607 |   0.146    19.8%
    300  0.7869   88.7 |   zself_max |  10.69398  25.52434 |  10.50917  11.19025   1.065 |   0.099   0.044   0.061   0.833 |   0.041   0.758 |   0.031   0.792 |  0.473  0.510 |   0.150    23.9%
    400  0.6475   80.5 |       paper |   0.02986   0.03432 |   0.02957   0.02973   1.005 |   0.092   0.069   0.079   0.745 |   0.036   0.889 |   0.003   0.558 |  0.485  0.526 |   0.152    22.0%
    400  0.6475   80.5 |    zval_max |   1.67455   2.65254 |   1.68118   1.86336   1.108 |   0.098   0.040   0.057   0.845 |   0.033   0.762 |   0.019   0.545 |  0.577  0.650 |   0.155    17.7%
    400  0.6475   80.5 |   zself_max |   9.18185  19.84366 |   8.78819   9.30004   1.058 |   0.098   0.052   0.068   0.806 |   0.047   0.900 |   0.024   0.537 |  0.493  0.541 |   0.151    22.4%

[Q4 逐变量] 各 t_start 下按 (异常区误差 / 正常区误差) 排序的 top5 变量 —— 若 top 变量的比值很高但 gap 接近 1，说明是'对变量取均值'把异常稀释了
  t_start=  50: v7:1.23x  v11:1.21x  v18:1.14x  v3:1.12x  v22:1.08x
  t_start= 100: v7:1.24x  v11:1.18x  v18:1.15x  v3:1.11x  v22:1.10x
  t_start= 200: v7:1.19x  v11:1.17x  v18:1.11x  v22:1.10x  v17:1.07x
  t_start= 300: v11:1.16x  v7:1.16x  v22:1.08x  v18:1.08x  v12:1.05x
  t_start= 400: v11:1.15x  v7:1.13x  v22:1.07x  v18:1.05x  v12:1.05x
[进度] P-1 策略=zero iters=6000: ✔全部完成（训练 + 5 个 t_start × 3 种打分的评估）

总耗时 683s
已保存: probe_report.txt / probe.json
